#
# There is insufficient memory for the Java Runtime Environment to continue.
# Native memory allocation (malloc) failed to allocate 1782544 bytes. Error detail: Chunk::new
# Possible reasons:
#   The system is out of physical RAM or swap space
#   This process is running with CompressedOops enabled, and the Java Heap may be blocking the growth of the native heap
# Possible solutions:
#   Reduce memory load on the system
#   Increase physical memory or swap space
#   Check if swap backing store is full
#   Decrease Java heap size (-Xmx/-Xms)
#   Decrease number of Java threads
#   Decrease Java thread stack sizes (-Xss)
#   Set larger code cache with -XX:ReservedCodeCacheSize=
#   JVM is running with Zero Based Compressed Oops mode in which the Java heap is
#     placed in the first 32GB address space. The Java Heap base address is the
#     maximum limit for the native heap growth. Please use -XX:HeapBaseMinAddress
#     to set the Java Heap base and to place the Java Heap above 32GB virtual address.
# This output file may be truncated or incomplete.
#
#  Out of Memory Error (arena.cpp:168), pid=13176, tid=6948
#
# JRE version: OpenJDK Runtime Environment Temurin-21.0.12.1+1 (21.0.12.1+1) (build 21.0.12.1+1-LTS)
# Java VM: OpenJDK 64-Bit Server VM Temurin-21.0.12.1+1 (21.0.12.1+1-LTS, mixed mode, sharing, tiered, compressed oops, compressed class ptrs, parallel gc, windows-amd64)
# No core dump will be written. Minidumps are not enabled by default on client versions of Windows
#

---------------  S U M M A R Y ------------

Command Line: --add-modules=ALL-SYSTEM --add-opens=java.base/java.util=ALL-UNNAMED --add-opens=java.base/java.lang=ALL-UNNAMED --add-opens=java.base/sun.nio.fs=ALL-UNNAMED -Declipse.application=org.eclipse.jdt.ls.core.id1 -Dosgi.bundles.defaultStartLevel=4 -Declipse.product=org.eclipse.jdt.ls.core.product -Djava.import.generatesMetadataFilesAtProjectRoot=false -Dm2e.project.cache.size=50 -DDetectVMInstallationsJob.disabled=true -Dfile.encoding=utf8 -XX:+UseParallelGC -XX:GCTimeRatio=4 -XX:AdaptiveSizePolicyWeight=90 -Dsun.zip.disableMemoryMapping=true -Xmx4G -Xms100m -Xlog:disable -javaagent:c:\Users\Dnyaneshwar Algule\.antigravity-ide\extensions\redhat.java-1.56.0-win32-x64\lombok\lombok-1.18.39-4050.jar -XX:+HeapDumpOnOutOfMemoryError -XX:HeapDumpPath=c:\Users\Dnyaneshwar Algule\AppData\Roaming\Antigravity IDE\User\workspaceStorage\bdad3307725f4615a0471e24280ceca6\redhat.java -Daether.dependencyCollector.impl=bf c:\Users\Dnyaneshwar Algule\.antigravity-ide\extensions\redhat.java-1.56.0-win32-x64\server\plugins\org.eclipse.equinox.launcher_1.8.0.v20260804-1928.jar -configuration c:\Users\Dnyaneshwar Algule\AppData\Roaming\Antigravity IDE\User\globalStorage\redhat.java\1.56.0\config_win -data c:\Users\Dnyaneshwar Algule\AppData\Roaming\Antigravity IDE\User\workspaceStorage\bdad3307725f4615a0471e24280ceca6\redhat.java\jdt_ws --pipe=\\.\pipe\lsp-f21b65dc14e56d196d4abb35c803b110-sock

Host: 11th Gen Intel(R) Core(TM) i3-1115G4 @ 3.00GHz, 4 cores, 7G,  Windows 11 , 64 bit Build 26100 (10.0.26100.9444)
Time: Thu Sep 17 10:43:51 2026 India Standard Time elapsed time: 101.819919 seconds (0d 0h 1m 41s)

---------------  T H R E A D  ---------------

Current thread (0x0000026ab37f1f10):  JavaThread "C2 CompilerThread0" daemon [_thread_in_native, id=6948, stack(0x0000008096800000,0x0000008096900000) (1024K)]


Current CompileTask:
C2:101819 18630   !   4       org.eclipse.jdt.internal.core.JarPackageFragmentRoot::computeChildren (523 bytes)

Stack: [0x0000008096800000,0x0000008096900000]
Native frames: (J=compiled Java code, j=interpreted, Vv=VM code, C=native code)
V  [jvm.dll+0x6d83e9]
V  [jvm.dll+0x8b5736]
V  [jvm.dll+0x8b7cee]
V  [jvm.dll+0x8b83d3]
V  [jvm.dll+0x284596]
V  [jvm.dll+0xc685d]
V  [jvm.dll+0xc6da1]
V  [jvm.dll+0x3bf18b]
V  [jvm.dll+0x38b6d2]
V  [jvm.dll+0x38ab1a]
V  [jvm.dll+0x24c700]
V  [jvm.dll+0x24bce0]
V  [jvm.dll+0x1cb4ae]
V  [jvm.dll+0x25baad]
V  [jvm.dll+0x25a03a]
V  [jvm.dll+0x3f8aae]
V  [jvm.dll+0x8600cd]
V  [jvm.dll+0x6d6c1d]
C  [ucrtbase.dll+0x2cd30]
C  [KERNEL32.DLL+0x2cd87]
C  [ntdll.dll+0xacaec]


---------------  P R O C E S S  ---------------

Threads class SMR info:
_java_thread_list=0x0000026afe5a14b0, length=56, elements={
0x0000026a9849ae60, 0x0000026a98556740, 0x0000026a98559bd0, 0x0000026a9855acb0,
0x0000026a9855d910, 0x0000026a9855e460, 0x0000026ab37effd0, 0x0000026ab37f1f10,
0x0000026ab386cd50, 0x0000026af57cd530, 0x0000026af59ab850, 0x0000026afa51a230,
0x0000026afa471540, 0x0000026afa61f600, 0x0000026afa6a8000, 0x0000026afa9495f0,
0x0000026afab75590, 0x0000026afa1ad350, 0x0000026afa7e35f0, 0x0000026afa7e2f60,
0x0000026afa7e3c80, 0x0000026afad66e00, 0x0000026afad63980, 0x0000026afad65a50,
0x0000026afad64010, 0x0000026afad653c0, 0x0000026afad67490, 0x0000026afad660e0,
0x0000026afad66770, 0x0000026afad67b20, 0x0000026afad646a0, 0x0000026afad681b0,
0x0000026afad64d30, 0x0000026afad68840, 0x0000026afad68ed0, 0x0000026afad6a280,
0x0000026afad6a910, 0x0000026afd0ace10, 0x0000026afd0ae1c0, 0x0000026afd0aad40,
0x0000026afd0ad4a0, 0x0000026afd0adb30, 0x0000026afd0ac0f0, 0x0000026afd0ae850,
0x0000026afd0b0290, 0x0000026afd0b1640, 0x0000026afd0afc00, 0x0000026afd0aeee0,
0x0000026afd0b0920, 0x0000026afd0af570, 0x0000026afd0ac780, 0x0000026afad6afa0,
0x0000026afd3c5ab0, 0x0000026afd3c39e0, 0x0000026afd3c2cc0, 0x0000026afddd8080
}

Java Threads: ( => current thread )
  0x0000026a9849ae60 JavaThread "main"                              [_thread_blocked, id=3924, stack(0x0000008095e00000,0x0000008095f00000) (1024K)]
  0x0000026a98556740 JavaThread "Reference Handler"          daemon [_thread_blocked, id=2384, stack(0x0000008096200000,0x0000008096300000) (1024K)]
  0x0000026a98559bd0 JavaThread "Finalizer"                  daemon [_thread_blocked, id=9136, stack(0x0000008096300000,0x0000008096400000) (1024K)]
  0x0000026a9855acb0 JavaThread "Signal Dispatcher"          daemon [_thread_blocked, id=21236, stack(0x0000008096400000,0x0000008096500000) (1024K)]
  0x0000026a9855d910 JavaThread "Attach Listener"            daemon [_thread_blocked, id=14288, stack(0x0000008096500000,0x0000008096600000) (1024K)]
  0x0000026a9855e460 JavaThread "Service Thread"             daemon [_thread_blocked, id=15668, stack(0x0000008096600000,0x0000008096700000) (1024K)]
  0x0000026ab37effd0 JavaThread "Monitor Deflation Thread"   daemon [_thread_blocked, id=7580, stack(0x0000008096700000,0x0000008096800000) (1024K)]
=>0x0000026ab37f1f10 JavaThread "C2 CompilerThread0"         daemon [_thread_in_native, id=6948, stack(0x0000008096800000,0x0000008096900000) (1024K)]
  0x0000026ab386cd50 JavaThread "C1 CompilerThread0"         daemon [_thread_blocked, id=4104, stack(0x0000008096900000,0x0000008096a00000) (1024K)]
  0x0000026af57cd530 JavaThread "Common-Cleaner"             daemon [_thread_blocked, id=11116, stack(0x0000008096a00000,0x0000008096b00000) (1024K)]
  0x0000026af59ab850 JavaThread "Notification Thread"        daemon [_thread_blocked, id=9252, stack(0x0000008096b00000,0x0000008096c00000) (1024K)]
  0x0000026afa51a230 JavaThread "Active Thread: Equinox Container: 833f2289-b532-46e6-8c81-6687c89e02ff"        [_thread_blocked, id=8648, stack(0x0000008096f00000,0x0000008097000000) (1024K)]
  0x0000026afa471540 JavaThread "Refresh Thread: Equinox Container: 833f2289-b532-46e6-8c81-6687c89e02ff" daemon [_thread_blocked, id=13328, stack(0x0000008097000000,0x0000008097100000) (1024K)]
  0x0000026afa61f600 JavaThread "Framework Event Dispatcher: Equinox Container: 833f2289-b532-46e6-8c81-6687c89e02ff" daemon [_thread_blocked, id=20532, stack(0x0000008097100000,0x0000008097200000) (1024K)]
  0x0000026afa6a8000 JavaThread "Start Level: Equinox Container: 833f2289-b532-46e6-8c81-6687c89e02ff" daemon [_thread_blocked, id=10968, stack(0x0000008097200000,0x0000008097300000) (1024K)]
  0x0000026afa9495f0 JavaThread "Bundle File Closer"         daemon [_thread_blocked, id=15196, stack(0x0000008097300000,0x0000008097400000) (1024K)]
  0x0000026afab75590 JavaThread "SCR Component Actor"        daemon [_thread_blocked, id=19668, stack(0x0000008097400000,0x0000008097500000) (1024K)]
  0x0000026afa1ad350 JavaThread "Worker-JM"                         [_thread_blocked, id=13064, stack(0x0000008097500000,0x0000008097600000) (1024K)]
  0x0000026afa7e35f0 JavaThread "JNA Cleaner"                daemon [_thread_blocked, id=4052, stack(0x0000008097600000,0x0000008097700000) (1024K)]
  0x0000026afa7e2f60 JavaThread "Worker-0"                          [_thread_blocked, id=3592, stack(0x0000008097700000,0x0000008097800000) (1024K)]
  0x0000026afa7e3c80 JavaThread "Worker-1: Publish Diagnostics"        [_thread_blocked, id=3824, stack(0x0000008097800000,0x0000008097900000) (1024K)]
  0x0000026afad66e00 JavaThread "Worker-2"                          [_thread_blocked, id=9828, stack(0x0000008097a00000,0x0000008097b00000) (1024K)]
  0x0000026afad63980 JavaThread "Java indexing"              daemon [_thread_blocked, id=15176, stack(0x0000008097b00000,0x0000008097c00000) (1024K)]
  0x0000026afad65a50 JavaThread "Worker-3: Building"                [_thread_blocked, id=20356, stack(0x0000008097e00000,0x0000008097f00000) (1024K)]
  0x0000026afad64010 JavaThread "Worker-4"                          [_thread_blocked, id=10408, stack(0x0000008097f00000,0x0000008098000000) (1024K)]
  0x0000026afad653c0 JavaThread "Thread-1"                   daemon [_thread_in_native, id=4752, stack(0x0000008098000000,0x0000008098100000) (1024K)]
  0x0000026afad67490 JavaThread "Thread-2"                   daemon [_thread_in_native, id=15060, stack(0x0000008098100000,0x0000008098200000) (1024K)]
  0x0000026afad660e0 JavaThread "Thread-3"                   daemon [_thread_in_native, id=19420, stack(0x0000008098200000,0x0000008098300000) (1024K)]
  0x0000026afad66770 JavaThread "Thread-4"                   daemon [_thread_in_native, id=20892, stack(0x0000008098300000,0x0000008098400000) (1024K)]
  0x0000026afad67b20 JavaThread "Thread-5"                   daemon [_thread_in_native, id=14780, stack(0x0000008098400000,0x0000008098500000) (1024K)]
  0x0000026afad646a0 JavaThread "pool-2-thread-1"                   [_thread_blocked, id=17380, stack(0x0000008098500000,0x0000008098600000) (1024K)]
  0x0000026afad681b0 JavaThread "Timer-0"                           [_thread_blocked, id=8680, stack(0x0000008098600000,0x0000008098700000) (1024K)]
  0x0000026afad64d30 JavaThread "Timer-1"                           [_thread_blocked, id=18584, stack(0x0000008098700000,0x0000008098800000) (1024K)]
  0x0000026afad68840 JavaThread "WorkspaceEventsHandler"            [_thread_blocked, id=10476, stack(0x0000008098900000,0x0000008098a00000) (1024K)]
  0x0000026afad68ed0 JavaThread "pool-1-thread-1"                   [_thread_blocked, id=16016, stack(0x0000008098a00000,0x0000008098b00000) (1024K)]
  0x0000026afad6a280 JavaThread "PatternSearchJob-worker-1"  daemon [_thread_blocked, id=3896, stack(0x0000008098b00000,0x0000008098c00000) (1024K)]
  0x0000026afad6a910 JavaThread "PatternSearchJob-worker-2"  daemon [_thread_blocked, id=21392, stack(0x0000008098c00000,0x0000008098d00000) (1024K)]
  0x0000026afd0ace10 JavaThread "PatternSearchJob-worker-3"  daemon [_thread_blocked, id=4424, stack(0x0000008098d00000,0x0000008098e00000) (1024K)]
  0x0000026afd0ae1c0 JavaThread "Timer-2"                           [_thread_blocked, id=13788, stack(0x0000008097900000,0x0000008097a00000) (1024K)]
  0x0000026afd0aad40 JavaThread "Timer-3"                           [_thread_blocked, id=11140, stack(0x0000008095c00000,0x0000008095d00000) (1024K)]
  0x0000026afd0ad4a0 JavaThread "Timer-4"                           [_thread_blocked, id=21384, stack(0x0000008095d00000,0x0000008095e00000) (1024K)]
  0x0000026afd0adb30 JavaThread "Timer-5"                           [_thread_blocked, id=2104, stack(0x0000008098800000,0x0000008098900000) (1024K)]
  0x0000026afd0ac0f0 JavaThread "Timer-6"                           [_thread_blocked, id=19972, stack(0x0000008098f00000,0x0000008099000000) (1024K)]
  0x0000026afd0ae850 JavaThread "Timer-7"                           [_thread_blocked, id=21232, stack(0x0000008099000000,0x0000008099100000) (1024K)]
  0x0000026afd0b0290 JavaThread "Exec process"                      [_thread_blocked, id=14284, stack(0x0000008099300000,0x0000008099400000) (1024K)]
  0x0000026afd0b1640 JavaThread "Exec process Thread 2"             [_thread_blocked, id=18792, stack(0x0000008099400000,0x0000008099500000) (1024K)]
  0x0000026afd0afc00 JavaThread "Exec process Thread 3"             [_thread_blocked, id=7320, stack(0x0000008099500000,0x0000008099600000) (1024K)]
  0x0000026afd0aeee0 JavaThread "Timer-8"                           [_thread_blocked, id=5684, stack(0x0000008099100000,0x0000008099200000) (1024K)]
  0x0000026afd0b0920 JavaThread "Timer-9"                           [_thread_blocked, id=10376, stack(0x0000008099200000,0x0000008099300000) (1024K)]
  0x0000026afd0af570 JavaThread "Worker-5: Initialize workspace"        [_thread_blocked, id=19584, stack(0x0000008099600000,0x0000008099700000) (1024K)]
  0x0000026afd0ac780 JavaThread "ForkJoinPool.commonPool-worker-1" daemon [_thread_blocked, id=6860, stack(0x0000008098e00000,0x0000008098f00000) (1024K)]
  0x0000026afad6afa0 JavaThread "ForkJoinPool.commonPool-worker-2" daemon [_thread_blocked, id=3148, stack(0x0000008099900000,0x0000008099a00000) (1024K)]
  0x0000026afd3c5ab0 JavaThread "ForkJoinPool.commonPool-worker-3" daemon [_thread_blocked, id=2188, stack(0x0000008099c00000,0x0000008099d00000) (1024K)]
  0x0000026afd3c39e0 JavaThread "Timer-10"                          [_thread_blocked, id=20904, stack(0x0000008099d00000,0x0000008099e00000) (1024K)]
  0x0000026afd3c2cc0 JavaThread "Timer-11"                          [_thread_blocked, id=17252, stack(0x0000008099e00000,0x0000008099f00000) (1024K)]
  0x0000026afddd8080 JavaThread "C2 CompilerThread1"         daemon [_thread_blocked, id=3860, stack(0x0000008099f00000,0x000000809a000000) (1024K)]
Total: 56

Other Threads:
  0x0000026ab37ef990 VMThread "VM Thread"                           [id=16844, stack(0x0000008096100000,0x0000008096200000) (1024K)]
  0x0000026a9850a150 WatcherThread "VM Periodic Task Thread"        [id=17656, stack(0x0000008096000000,0x0000008096100000) (1024K)]
  0x0000026a984baba0 WorkerThread "GC Thread#0"                     [id=10540, stack(0x0000008095f00000,0x0000008096000000) (1024K)]
  0x0000026afa2172f0 WorkerThread "GC Thread#1"                     [id=19752, stack(0x0000008096c00000,0x0000008096d00000) (1024K)]
  0x0000026af59a2890 WorkerThread "GC Thread#2"                     [id=15460, stack(0x0000008096d00000,0x0000008096e00000) (1024K)]
  0x0000026af59a2c40 WorkerThread "GC Thread#3"                     [id=5264, stack(0x0000008096e00000,0x0000008096f00000) (1024K)]
Total: 6

Threads with active compile tasks:
C2 CompilerThread0  101866 18630   !   4       org.eclipse.jdt.internal.core.JarPackageFragmentRoot::computeChildren (523 bytes)
Total: 1

VM state: at safepoint (normal execution)

VM Mutex/Monitor currently owned by a thread:  ([mutex/lock_event])
[0x00007fff2937f5b0] Threads_lock - owner thread: 0x0000026ab37ef990
[0x00007fff2937f6b0] Heap_lock - owner thread: 0x0000026afd0af570

Heap address: 0x0000000700000000, size: 4096 MB, Compressed Oops mode: Zero based, Oop shift amount: 3

CDS archive(s) mapped at: [0x0000026ab4000000-0x0000026ab4ba0000-0x0000026ab4ba0000), size 12189696, SharedBaseAddress: 0x0000026ab4000000, ArchiveRelocationMode: 1.
Compressed class space mapped at: 0x0000026ab5000000-0x0000026af5000000, reserved size: 1073741824
Narrow klass base: 0x0000026ab4000000, Narrow klass shift: 0, Narrow klass range: 0x100000000

GC Precious Log:
 CardTable entry size: 512
 CPUs: 4 total, 4 available
 Memory: 7886M
 Large Page Support: Disabled
 NUMA Support: Disabled
 Compressed Oops: Enabled (Zero based)
 Alignments: Space 512K, Generation 512K, Heap 2M
 Heap Min Capacity: 100M
 Heap Initial Capacity: 100M
 Heap Max Capacity: 4G
 Pre-touch: Disabled
 Parallel Workers: 4

Heap:
 PSYoungGen      total 7680K, used 7649K [0x00000007aab00000, 0x00000007ab400000, 0x0000000800000000)
  eden space 7168K, 100% used [0x00000007aab00000,0x00000007ab200000,0x00000007ab200000)
  from space 512K, 94% used [0x00000007ab380000,0x00000007ab3f86e0,0x00000007ab400000)
  to   space 1024K, 35% used [0x00000007ab200000,0x00000007ab25c268,0x00000007ab300000)
 ParOldGen       total 214016K, used 213511K [0x0000000700000000, 0x000000070d100000, 0x00000007aab00000)
  object space 214016K, 99% used [0x0000000700000000,0x000000070d081f10,0x000000070d100000)
 Metaspace       used 91517K, committed 93184K, reserved 1179648K
  class space    used 10562K, committed 11328K, reserved 1048576K

Card table byte_map: [0x0000026aaa6a0000,0x0000026aaaeb0000] _byte_map_base: 0x0000026aa6ea0000

Marking Bits: (ParMarkBitMap*) 0x00007fff293844a0
 Begin Bits: [0x0000026aaaeb0000, 0x0000026aaeeb0000)
 End Bits:   [0x0000026aaeeb0000, 0x0000026ab2eb0000)

Polling page: 0x0000026a96480000

Metaspace:

Usage:
  Non-class:     79.06 MB used.
      Class:     10.32 MB used.
       Both:     89.37 MB used.

Virtual space:
  Non-class space:      128.00 MB reserved,      79.94 MB ( 62%) committed,  2 nodes.
      Class space:        1.00 GB reserved,      11.06 MB (  1%) committed,  1 nodes.
             Both:        1.12 GB reserved,      91.00 MB (  8%) committed. 

Chunk freelists:
   Non-Class:  15.67 MB
       Class:  4.94 MB
        Both:  20.62 MB

MaxMetaspaceSize: unlimited
CompressedClassSpaceSize: 1.00 GB
Initial GC threshold: 21.00 MB
Current GC threshold: 146.56 MB
CDS: on
 - commit_granule_bytes: 65536.
 - commit_granule_words: 8192.
 - virtual_space_node_default_size: 8388608.
 - enlarge_chunks_in_place: 1.
 - use_allocation_guard: 0.


Internal statistics:

num_allocs_failed_limit: 11.
num_arena_births: 1646.
num_arena_deaths: 14.
num_vsnodes_births: 3.
num_vsnodes_deaths: 0.
num_space_committed: 1456.
num_space_uncommitted: 0.
num_chunks_returned_to_freelist: 25.
num_chunks_taken_from_freelist: 5715.
num_chunk_merges: 17.
num_chunk_splits: 3635.
num_chunks_enlarged: 2224.
num_inconsistent_stats: 0.

CodeHeap 'non-profiled nmethods': size=120000Kb used=14446Kb max_used=14446Kb free=105553Kb
 bounds [0x0000026aa3170000, 0x0000026aa3f90000, 0x0000026aaa6a0000]
CodeHeap 'profiled nmethods': size=120000Kb used=44209Kb max_used=44209Kb free=75790Kb
 bounds [0x0000026a9b6a0000, 0x0000026a9e1d0000, 0x0000026aa2bd0000]
CodeHeap 'non-nmethods': size=5760Kb used=1491Kb max_used=1572Kb free=4268Kb
 bounds [0x0000026aa2bd0000, 0x0000026aa2e40000, 0x0000026aa3170000]
CodeCache: size=245760Kb, used=60146Kb, max_used=60227Kb, free=185611Kb
 total_blobs=17925, nmethods=17125, adapters=702, full_count=0
Compilation: enabled, stopped_count=0, restarted_count=0

Compilation events (20 events):
Event: 101.743 Thread 0x0000026afddd8080 18666       4       org.eclipse.jdt.internal.compiler.util.Util::isJrt (18 bytes)
Event: 101.743 Thread 0x0000026ab386cd50 nmethod 18662 0x0000026a9e1be610 code [0x0000026a9e1be820, 0x0000026a9e1beea8]
Event: 101.743 Thread 0x0000026ab386cd50 18665       3       org.eclipse.jdt.internal.compiler.util.Util::isNativeLibrary (80 bytes)
Event: 101.744 Thread 0x0000026ab386cd50 nmethod 18665 0x0000026a9e1bf190 code [0x0000026a9e1bf3e0, 0x0000026a9e1bfca8]
Event: 101.744 Thread 0x0000026ab386cd50 18663       3       org.eclipse.jdt.internal.core.builder.CompressedReader::readStringUsingDictionary (56 bytes)
Event: 101.744 Thread 0x0000026ab386cd50 nmethod 18663 0x0000026a9e1c0090 code [0x0000026a9e1c02e0, 0x0000026a9e1c0d70]
Event: 101.744 Thread 0x0000026ab386cd50 18664       3       org.eclipse.jdt.internal.core.builder.CompressedReader::readIntInRange (83 bytes)
Event: 101.746 Thread 0x0000026ab386cd50 nmethod 18664 0x0000026a9e1c1190 code [0x0000026a9e1c1560, 0x0000026a9e1c2df0]
Event: 101.746 Thread 0x0000026ab386cd50 18660       3       org.eclipse.jdt.internal.core.builder.ClasspathLocation::forLibrary (74 bytes)
Event: 101.746 Thread 0x0000026ab386cd50 nmethod 18660 0x0000026a9e1c3610 code [0x0000026a9e1c3840, 0x0000026a9e1c3e18]
Event: 101.746 Thread 0x0000026ab386cd50 18661       3       org.eclipse.jdt.internal.compiler.util.Util::archiveFormat (217 bytes)
Event: 101.748 Thread 0x0000026afddd8080 nmethod 18666 0x0000026aa3f89a90 code [0x0000026aa3f89c20, 0x0000026aa3f89eb0]
Event: 101.748 Thread 0x0000026ab386cd50 nmethod 18661 0x0000026a9e1c4090 code [0x0000026a9e1c4620, 0x0000026a9e1c7190]
Event: 101.790 Thread 0x0000026afddd8080 18667       4       java.util.ImmutableCollections$ListN::toArray (48 bytes)
Event: 101.794 Thread 0x0000026afddd8080 nmethod 18667 0x0000026aa3f8a010 code [0x0000026aa3f8a1c0, 0x0000026aa3f8a6a8]
Event: 101.796 Thread 0x0000026afddd8080 18668       4       org.eclipse.jdt.internal.core.JarPackageFragmentRoot$$Lambda/0x0000026ab59748c8::apply (8 bytes)
Event: 101.797 Thread 0x0000026ab386cd50 18669 %     3       org.eclipse.core.runtime.Path::toOSString @ 118 (224 bytes)
Event: 101.798 Thread 0x0000026ab386cd50 nmethod 18669% 0x0000026a9e1c8190 code [0x0000026a9e1c8400, 0x0000026a9e1c8fe0]
Event: 101.798 Thread 0x0000026ab386cd50 18670       3       org.eclipse.core.runtime.Path::toOSString (224 bytes)
Event: 101.799 Thread 0x0000026ab386cd50 nmethod 18670 0x0000026a9e1c9590 code [0x0000026a9e1c9800, 0x0000026a9e1ca228]

GC Heap History (20 events):
Event: 101.614 GC heap before
{Heap before GC invocations=716 (full 4):
 PSYoungGen      total 6656K, used 6336K [0x00000007aab00000, 0x00000007ab280000, 0x0000000800000000)
  eden space 6144K, 100% used [0x00000007aab00000,0x00000007ab100000,0x00000007ab100000)
  from space 512K, 37% used [0x00000007ab180000,0x00000007ab1b0000,0x00000007ab200000)
  to   space 512K, 0% used [0x00000007ab200000,0x00000007ab200000,0x00000007ab280000)
 ParOldGen       total 210432K, used 210419K [0x0000000700000000, 0x000000070cd80000, 0x00000007aab00000)
  object space 210432K, 99% used [0x0000000700000000,0x000000070cd7cde8,0x000000070cd80000)
 Metaspace       used 91317K, committed 92992K, reserved 1179648K
  class space    used 10548K, committed 11328K, reserved 1048576K
}
Event: 101.616 GC heap after
{Heap after GC invocations=716 (full 4):
 PSYoungGen      total 6656K, used 192K [0x00000007aab00000, 0x00000007ab280000, 0x0000000800000000)
  eden space 6144K, 0% used [0x00000007aab00000,0x00000007aab00000,0x00000007ab100000)
  from space 512K, 37% used [0x00000007ab200000,0x00000007ab230000,0x00000007ab280000)
  to   space 512K, 0% used [0x00000007ab180000,0x00000007ab180000,0x00000007ab200000)
 ParOldGen       total 210944K, used 210547K [0x0000000700000000, 0x000000070ce00000, 0x00000007aab00000)
  object space 210944K, 99% used [0x0000000700000000,0x000000070cd9cde8,0x000000070ce00000)
 Metaspace       used 91317K, committed 92992K, reserved 1179648K
  class space    used 10548K, committed 11328K, reserved 1048576K
}
Event: 101.631 GC heap before
{Heap before GC invocations=717 (full 4):
 PSYoungGen      total 6656K, used 6336K [0x00000007aab00000, 0x00000007ab280000, 0x0000000800000000)
  eden space 6144K, 100% used [0x00000007aab00000,0x00000007ab100000,0x00000007ab100000)
  from space 512K, 37% used [0x00000007ab200000,0x00000007ab230000,0x00000007ab280000)
  to   space 512K, 0% used [0x00000007ab180000,0x00000007ab180000,0x00000007ab200000)
 ParOldGen       total 210944K, used 210547K [0x0000000700000000, 0x000000070ce00000, 0x00000007aab00000)
  object space 210944K, 99% used [0x0000000700000000,0x000000070cd9cde8,0x000000070ce00000)
 Metaspace       used 91324K, committed 92992K, reserved 1179648K
  class space    used 10550K, committed 11328K, reserved 1048576K
}
Event: 101.633 GC heap after
{Heap after GC invocations=717 (full 4):
 PSYoungGen      total 6656K, used 471K [0x00000007aab00000, 0x00000007ab300000, 0x0000000800000000)
  eden space 6144K, 0% used [0x00000007aab00000,0x00000007aab00000,0x00000007ab100000)
  from space 512K, 92% used [0x00000007ab180000,0x00000007ab1f5fe0,0x00000007ab200000)
  to   space 1024K, 0% used [0x00000007ab200000,0x00000007ab200000,0x00000007ab300000)
 ParOldGen       total 210944K, used 210675K [0x0000000700000000, 0x000000070ce00000, 0x00000007aab00000)
  object space 210944K, 99% used [0x0000000700000000,0x000000070cdbcde8,0x000000070ce00000)
 Metaspace       used 91324K, committed 92992K, reserved 1179648K
  class space    used 10550K, committed 11328K, reserved 1048576K
}
Event: 101.646 GC heap before
{Heap before GC invocations=718 (full 4):
 PSYoungGen      total 6656K, used 6615K [0x00000007aab00000, 0x00000007ab300000, 0x0000000800000000)
  eden space 6144K, 100% used [0x00000007aab00000,0x00000007ab100000,0x00000007ab100000)
  from space 512K, 92% used [0x00000007ab180000,0x00000007ab1f5fe0,0x00000007ab200000)
  to   space 1024K, 0% used [0x00000007ab200000,0x00000007ab200000,0x00000007ab300000)
 ParOldGen       total 210944K, used 210675K [0x0000000700000000, 0x000000070ce00000, 0x00000007aab00000)
  object space 210944K, 99% used [0x0000000700000000,0x000000070cdbcde8,0x000000070ce00000)
 Metaspace       used 91324K, committed 92992K, reserved 1179648K
  class space    used 10550K, committed 11328K, reserved 1048576K
}
Event: 101.669 GC heap after
{Heap after GC invocations=718 (full 4):
 PSYoungGen      total 7680K, used 128K [0x00000007aab00000, 0x00000007ab380000, 0x0000000800000000)
  eden space 6656K, 0% used [0x00000007aab00000,0x00000007aab00000,0x00000007ab180000)
  from space 1024K, 12% used [0x00000007ab200000,0x00000007ab220000,0x00000007ab300000)
  to   space 512K, 0% used [0x00000007ab180000,0x00000007ab180000,0x00000007ab200000)
 ParOldGen       total 211456K, used 211067K [0x0000000700000000, 0x000000070ce80000, 0x00000007aab00000)
  object space 211456K, 99% used [0x0000000700000000,0x000000070ce1ef90,0x000000070ce80000)
 Metaspace       used 91324K, committed 92992K, reserved 1179648K
  class space    used 10550K, committed 11328K, reserved 1048576K
}
Event: 101.677 GC heap before
{Heap before GC invocations=719 (full 4):
 PSYoungGen      total 7680K, used 6510K [0x00000007aab00000, 0x00000007ab380000, 0x0000000800000000)
  eden space 6656K, 95% used [0x00000007aab00000,0x00000007ab13b8f8,0x00000007ab180000)
  from space 1024K, 12% used [0x00000007ab200000,0x00000007ab220000,0x00000007ab300000)
  to   space 512K, 0% used [0x00000007ab180000,0x00000007ab180000,0x00000007ab200000)
 ParOldGen       total 211456K, used 211067K [0x0000000700000000, 0x000000070ce80000, 0x00000007aab00000)
  object space 211456K, 99% used [0x0000000700000000,0x000000070ce1ef90,0x000000070ce80000)
 Metaspace       used 91325K, committed 92992K, reserved 1179648K
  class space    used 10550K, committed 11328K, reserved 1048576K
}
Event: 101.678 GC heap after
{Heap after GC invocations=719 (full 4):
 PSYoungGen      total 7168K, used 509K [0x00000007aab00000, 0x00000007ab380000, 0x0000000800000000)
  eden space 6656K, 0% used [0x00000007aab00000,0x00000007aab00000,0x00000007ab180000)
  from space 512K, 99% used [0x00000007ab180000,0x00000007ab1ff770,0x00000007ab200000)
  to   space 1024K, 0% used [0x00000007ab280000,0x00000007ab280000,0x00000007ab380000)
 ParOldGen       total 211456K, used 211171K [0x0000000700000000, 0x000000070ce80000, 0x00000007aab00000)
  object space 211456K, 99% used [0x0000000700000000,0x000000070ce38f90,0x000000070ce80000)
 Metaspace       used 91325K, committed 92992K, reserved 1179648K
  class space    used 10550K, committed 11328K, reserved 1048576K
}
Event: 101.693 GC heap before
{Heap before GC invocations=720 (full 4):
 PSYoungGen      total 7168K, used 7165K [0x00000007aab00000, 0x00000007ab380000, 0x0000000800000000)
  eden space 6656K, 100% used [0x00000007aab00000,0x00000007ab180000,0x00000007ab180000)
  from space 512K, 99% used [0x00000007ab180000,0x00000007ab1ff770,0x00000007ab200000)
  to   space 1024K, 0% used [0x00000007ab280000,0x00000007ab280000,0x00000007ab380000)
 ParOldGen       total 211456K, used 211171K [0x0000000700000000, 0x000000070ce80000, 0x00000007aab00000)
  object space 211456K, 99% used [0x0000000700000000,0x000000070ce38f90,0x000000070ce80000)
 Metaspace       used 91327K, committed 92992K, reserved 1179648K
  class space    used 10550K, committed 11328K, reserved 1048576K
}
Event: 101.713 GC heap after
{Heap after GC invocations=720 (full 4):
 PSYoungGen      total 7680K, used 869K [0x00000007aab00000, 0x00000007ab500000, 0x0000000800000000)
  eden space 6656K, 0% used [0x00000007aab00000,0x00000007aab00000,0x00000007ab180000)
  from space 1024K, 84% used [0x00000007ab280000,0x00000007ab3596d0,0x00000007ab380000)
  to   space 1024K, 0% used [0x00000007ab180000,0x00000007ab180000,0x00000007ab280000)
 ParOldGen       total 211968K, used 211649K [0x0000000700000000, 0x000000070cf00000, 0x00000007aab00000)
  object space 211968K, 99% used [0x0000000700000000,0x000000070ceb0700,0x000000070cf00000)
 Metaspace       used 91327K, committed 92992K, reserved 1179648K
  class space    used 10550K, committed 11328K, reserved 1048576K
}
Event: 101.730 GC heap before
{Heap before GC invocations=721 (full 4):
 PSYoungGen      total 7680K, used 7525K [0x00000007aab00000, 0x00000007ab500000, 0x0000000800000000)
  eden space 6656K, 100% used [0x00000007aab00000,0x00000007ab180000,0x00000007ab180000)
  from space 1024K, 84% used [0x00000007ab280000,0x00000007ab3596d0,0x00000007ab380000)
  to   space 1024K, 0% used [0x00000007ab180000,0x00000007ab180000,0x00000007ab280000)
 ParOldGen       total 211968K, used 211649K [0x0000000700000000, 0x000000070cf00000, 0x00000007aab00000)
  object space 211968K, 99% used [0x0000000700000000,0x000000070ceb0700,0x000000070cf00000)
 Metaspace       used 91375K, committed 93056K, reserved 1179648K
  class space    used 10551K, committed 11328K, reserved 1048576K
}
Event: 101.731 GC heap after
{Heap after GC invocations=721 (full 4):
 PSYoungGen      total 7680K, used 192K [0x00000007aab00000, 0x00000007ab300000, 0x0000000800000000)
  eden space 6656K, 0% used [0x00000007aab00000,0x00000007aab00000,0x00000007ab180000)
  from space 1024K, 18% used [0x00000007ab180000,0x00000007ab1b0000,0x00000007ab280000)
  to   space 512K, 0% used [0x00000007ab280000,0x00000007ab280000,0x00000007ab300000)
 ParOldGen       total 212480K, used 212353K [0x0000000700000000, 0x000000070cf80000, 0x00000007aab00000)
  object space 212480K, 99% used [0x0000000700000000,0x000000070cf607f0,0x000000070cf80000)
 Metaspace       used 91375K, committed 93056K, reserved 1179648K
  class space    used 10551K, committed 11328K, reserved 1048576K
}
Event: 101.740 GC heap before
{Heap before GC invocations=722 (full 4):
 PSYoungGen      total 7680K, used 6848K [0x00000007aab00000, 0x00000007ab300000, 0x0000000800000000)
  eden space 6656K, 100% used [0x00000007aab00000,0x00000007ab180000,0x00000007ab180000)
  from space 1024K, 18% used [0x00000007ab180000,0x00000007ab1b0000,0x00000007ab280000)
  to   space 512K, 0% used [0x00000007ab280000,0x00000007ab280000,0x00000007ab300000)
 ParOldGen       total 212480K, used 212353K [0x0000000700000000, 0x000000070cf80000, 0x00000007aab00000)
  object space 212480K, 99% used [0x0000000700000000,0x000000070cf607f0,0x000000070cf80000)
 Metaspace       used 91402K, committed 93056K, reserved 1179648K
  class space    used 10553K, committed 11328K, reserved 1048576K
}
Event: 101.741 GC heap after
{Heap after GC invocations=722 (full 4):
 PSYoungGen      total 7168K, used 160K [0x00000007aab00000, 0x00000007ab300000, 0x0000000800000000)
  eden space 6656K, 0% used [0x00000007aab00000,0x00000007aab00000,0x00000007ab180000)
  from space 512K, 31% used [0x00000007ab280000,0x00000007ab2a8000,0x00000007ab300000)
  to   space 512K, 0% used [0x00000007ab200000,0x00000007ab200000,0x00000007ab280000)
 ParOldGen       total 212480K, used 212473K [0x0000000700000000, 0x000000070cf80000, 0x00000007aab00000)
  object space 212480K, 99% used [0x0000000700000000,0x000000070cf7e7f0,0x000000070cf80000)
 Metaspace       used 91402K, committed 93056K, reserved 1179648K
  class space    used 10553K, committed 11328K, reserved 1048576K
}
Event: 101.754 GC heap before
{Heap before GC invocations=723 (full 4):
 PSYoungGen      total 7168K, used 6816K [0x00000007aab00000, 0x00000007ab300000, 0x0000000800000000)
  eden space 6656K, 100% used [0x00000007aab00000,0x00000007ab180000,0x00000007ab180000)
  from space 512K, 31% used [0x00000007ab280000,0x00000007ab2a8000,0x00000007ab300000)
  to   space 512K, 0% used [0x00000007ab200000,0x00000007ab200000,0x00000007ab280000)
 ParOldGen       total 212480K, used 212473K [0x0000000700000000, 0x000000070cf80000, 0x00000007aab00000)
  object space 212480K, 99% used [0x0000000700000000,0x000000070cf7e7f0,0x000000070cf80000)
 Metaspace       used 91420K, committed 93056K, reserved 1179648K
  class space    used 10555K, committed 11328K, reserved 1048576K
}
Event: 101.775 GC heap after
{Heap after GC invocations=723 (full 4):
 PSYoungGen      total 7680K, used 300K [0x00000007aab00000, 0x00000007ab400000, 0x0000000800000000)
  eden space 7168K, 0% used [0x00000007aab00000,0x00000007aab00000,0x00000007ab200000)
  from space 512K, 58% used [0x00000007ab200000,0x00000007ab24b138,0x00000007ab280000)
  to   space 512K, 0% used [0x00000007ab380000,0x00000007ab380000,0x00000007ab400000)
 ParOldGen       total 212992K, used 212593K [0x0000000700000000, 0x000000070d000000, 0x00000007aab00000)
  object space 212992K, 99% used [0x0000000700000000,0x000000070cf9c7f0,0x000000070d000000)
 Metaspace       used 91420K, committed 93056K, reserved 1179648K
  class space    used 10555K, committed 11328K, reserved 1048576K
}
Event: 101.780 GC heap before
{Heap before GC invocations=724 (full 4):
 PSYoungGen      total 7680K, used 7468K [0x00000007aab00000, 0x00000007ab400000, 0x0000000800000000)
  eden space 7168K, 100% used [0x00000007aab00000,0x00000007ab200000,0x00000007ab200000)
  from space 512K, 58% used [0x00000007ab200000,0x00000007ab24b138,0x00000007ab280000)
  to   space 512K, 0% used [0x00000007ab380000,0x00000007ab380000,0x00000007ab400000)
 ParOldGen       total 212992K, used 212593K [0x0000000700000000, 0x000000070d000000, 0x00000007aab00000)
  object space 212992K, 99% used [0x0000000700000000,0x000000070cf9c7f0,0x000000070d000000)
 Metaspace       used 91479K, committed 93120K, reserved 1179648K
  class space    used 10557K, committed 11328K, reserved 1048576K
}
Event: 101.782 GC heap after
{Heap after GC invocations=724 (full 4):
 PSYoungGen      total 7680K, used 224K [0x00000007aab00000, 0x00000007ab400000, 0x0000000800000000)
  eden space 7168K, 0% used [0x00000007aab00000,0x00000007aab00000,0x00000007ab200000)
  from space 512K, 43% used [0x00000007ab380000,0x00000007ab3b8000,0x00000007ab400000)
  to   space 512K, 0% used [0x00000007ab200000,0x00000007ab200000,0x00000007ab280000)
 ParOldGen       total 212992K, used 212838K [0x0000000700000000, 0x000000070d000000, 0x00000007aab00000)
  object space 212992K, 99% used [0x0000000700000000,0x000000070cfd99b8,0x000000070d000000)
 Metaspace       used 91479K, committed 93120K, reserved 1179648K
  class space    used 10557K, committed 11328K, reserved 1048576K
}
Event: 101.792 GC heap before
{Heap before GC invocations=725 (full 4):
 PSYoungGen      total 7680K, used 7392K [0x00000007aab00000, 0x00000007ab400000, 0x0000000800000000)
  eden space 7168K, 100% used [0x00000007aab00000,0x00000007ab200000,0x00000007ab200000)
  from space 512K, 43% used [0x00000007ab380000,0x00000007ab3b8000,0x00000007ab400000)
  to   space 512K, 0% used [0x00000007ab200000,0x00000007ab200000,0x00000007ab280000)
 ParOldGen       total 212992K, used 212838K [0x0000000700000000, 0x000000070d000000, 0x00000007aab00000)
  object space 212992K, 99% used [0x0000000700000000,0x000000070cfd99b8,0x000000070d000000)
 Metaspace       used 91480K, committed 93120K, reserved 1179648K
  class space    used 10558K, committed 11328K, reserved 1048576K
}
Event: 101.794 GC heap after
{Heap after GC invocations=725 (full 4):
 PSYoungGen      total 7680K, used 224K [0x00000007aab00000, 0x00000007ab400000, 0x0000000800000000)
  eden space 7168K, 0% used [0x00000007aab00000,0x00000007aab00000,0x00000007ab200000)
  from space 512K, 43% used [0x00000007ab200000,0x00000007ab238000,0x00000007ab280000)
  to   space 512K, 0% used [0x00000007ab380000,0x00000007ab380000,0x00000007ab400000)
 ParOldGen       total 212992K, used 212990K [0x0000000700000000, 0x000000070d000000, 0x00000007aab00000)
  object space 212992K, 99% used [0x0000000700000000,0x000000070cfff9b8,0x000000070d000000)
 Metaspace       used 91480K, committed 93120K, reserved 1179648K
  class space    used 10558K, committed 11328K, reserved 1048576K
}

Dll operation events (20 events):
Event: 1.158 Attempting to load shared library C:\Users\Dnyaneshwar Algule\.antigravity-ide\extensions\redhat.java-1.56.0-win32-x64\jre\21.0.12.1-win32-x86_64\bin\zip.dll
Event: 1.158 Loaded shared library C:\Users\Dnyaneshwar Algule\.antigravity-ide\extensions\redhat.java-1.56.0-win32-x64\jre\21.0.12.1-win32-x86_64\bin\zip.dll
Event: 1.190 Attempting to load shared library C:\Users\Dnyaneshwar Algule\.antigravity-ide\extensions\redhat.java-1.56.0-win32-x64\jre\21.0.12.1-win32-x86_64\bin\jimage.dll
Event: 1.190 Loaded shared library C:\Users\Dnyaneshwar Algule\.antigravity-ide\extensions\redhat.java-1.56.0-win32-x64\jre\21.0.12.1-win32-x86_64\bin\jimage.dll
Event: 1.833 Attempting to load shared library c:\Users\Dnyaneshwar Algule\.antigravity-ide\extensions\redhat.java-1.56.0-win32-x64\jre\21.0.12.1-win32-x86_64\bin\verify.dll
Event: 1.836 Loaded shared library c:\Users\Dnyaneshwar Algule\.antigravity-ide\extensions\redhat.java-1.56.0-win32-x64\jre\21.0.12.1-win32-x86_64\bin\verify.dll
Event: 6.510 Attempting to load shared library C:\Users\Dnyaneshwar Algule\AppData\Roaming\Antigravity IDE\User\globalStorage\redhat.java\1.56.0\config_win\org.eclipse.equinox.launcher\org.eclipse.equinox.launcher.win32.win32.x86_64_1.3.100.v20260804-1928\eclipse_1192
Event: 6.514 Loaded shared library C:\Users\Dnyaneshwar Algule\AppData\Roaming\Antigravity IDE\User\globalStorage\redhat.java\1.56.0\config_win\org.eclipse.equinox.launcher\org.eclipse.equinox.launcher.win32.win32.x86_64_1.3.100.v20260804-1928\eclipse_11924.dll
Event: 12.017 Attempting to load shared library C:\Users\Dnyaneshwar Algule\AppData\Local\Temp\jna--1296876824\jna17077302997463413119.dll
Event: 12.125 Loaded shared library C:\Users\Dnyaneshwar Algule\AppData\Local\Temp\jna--1296876824\jna17077302997463413119.dll
Event: 54.012 Attempting to load shared library C:\Users\Dnyaneshwar Algule\.gradle\native\660c5614fbf4a5f2a75b1949f50a0caf5cd603558e7d8a26e50b933a0cfb79d1\windows-amd64\native-platform.dll
Event: 54.082 Loaded shared library C:\Users\Dnyaneshwar Algule\.gradle\native\660c5614fbf4a5f2a75b1949f50a0caf5cd603558e7d8a26e50b933a0cfb79d1\windows-amd64\native-platform.dll
Event: 65.256 Attempting to load shared library C:\Users\Dnyaneshwar Algule\.antigravity-ide\extensions\redhat.java-1.56.0-win32-x64\jre\21.0.12.1-win32-x86_64\bin\management.dll
Event: 65.312 Loaded shared library C:\Users\Dnyaneshwar Algule\.antigravity-ide\extensions\redhat.java-1.56.0-win32-x64\jre\21.0.12.1-win32-x86_64\bin\management.dll
Event: 65.315 Attempting to load shared library C:\Users\Dnyaneshwar Algule\.antigravity-ide\extensions\redhat.java-1.56.0-win32-x64\jre\21.0.12.1-win32-x86_64\bin\management_ext.dll
Event: 65.355 Loaded shared library C:\Users\Dnyaneshwar Algule\.antigravity-ide\extensions\redhat.java-1.56.0-win32-x64\jre\21.0.12.1-win32-x86_64\bin\management_ext.dll
Event: 67.743 Attempting to load shared library C:\Users\Dnyaneshwar Algule\.antigravity-ide\extensions\redhat.java-1.56.0-win32-x64\jre\21.0.12.1-win32-x86_64\bin\extnet.dll
Event: 67.744 Loaded shared library C:\Users\Dnyaneshwar Algule\.antigravity-ide\extensions\redhat.java-1.56.0-win32-x64\jre\21.0.12.1-win32-x86_64\bin\extnet.dll
Event: 69.297 Attempting to load shared library C:\Users\Dnyaneshwar Algule\.antigravity-ide\extensions\redhat.java-1.56.0-win32-x64\jre\21.0.12.1-win32-x86_64\bin\sunmscapi.dll
Event: 69.304 Loaded shared library C:\Users\Dnyaneshwar Algule\.antigravity-ide\extensions\redhat.java-1.56.0-win32-x64\jre\21.0.12.1-win32-x86_64\bin\sunmscapi.dll

Deoptimization events (20 events):
Event: 101.753 Thread 0x0000026afd0af570 Uncommon trap: trap_request=0xffffffdc fr.pc=0x0000026aa3f89488 relative=0x0000000000000568
Event: 101.753 Thread 0x0000026afd0af570 Uncommon trap: reason=class_check action=make_not_entrant pc=0x0000026aa3f89488 method=java.util.ImmutableCollections$ListN.toArray([Ljava/lang/Object;)[Ljava/lang/Object; @ 21 c2
Event: 101.753 Thread 0x0000026afd0af570 DEOPT PACKING pc=0x0000026aa3f89488 sp=0x00000080996fe3c0
Event: 101.753 Thread 0x0000026afd0af570 DEOPT UNPACKING pc=0x0000026aa2c26da2 sp=0x00000080996fe238 mode 2
Event: 101.778 Thread 0x0000026afad65a50 Uncommon trap: trap_request=0xffffff45 fr.pc=0x0000026aa37bbb24 relative=0x0000000000001204
Event: 101.778 Thread 0x0000026afad65a50 Uncommon trap: reason=unstable_if action=reinterpret pc=0x0000026aa37bbb24 method=lombok.patcher.MethodTarget.matches(Ljava/lang/String;Ljava/lang/String;Ljava/lang/String;)Z @ 18 c2
Event: 101.778 Thread 0x0000026afad65a50 DEOPT PACKING pc=0x0000026aa37bbb24 sp=0x0000008097efaa00
Event: 101.778 Thread 0x0000026afad65a50 DEOPT UNPACKING pc=0x0000026aa2c26da2 sp=0x0000008097efa940 mode 2
Event: 101.778 Thread 0x0000026afad65a50 Uncommon trap: trap_request=0xffffff45 fr.pc=0x0000026aa37c0cb0 relative=0x0000000000001c90
Event: 101.778 Thread 0x0000026afad65a50 Uncommon trap: reason=unstable_if action=reinterpret pc=0x0000026aa37c0cb0 method=org.lombokweb.asm.ClassReader.readMethod(Lorg/lombokweb/asm/ClassVisitor;Lorg/lombokweb/asm/Context;I)I @ 1045 c2
Event: 101.778 Thread 0x0000026afad65a50 DEOPT PACKING pc=0x0000026aa37c0cb0 sp=0x0000008097efaa90
Event: 101.778 Thread 0x0000026afad65a50 DEOPT UNPACKING pc=0x0000026aa2c26da2 sp=0x0000008097efaa48 mode 2
Event: 101.778 Thread 0x0000026afad65a50 Uncommon trap: trap_request=0xffffff3d fr.pc=0x0000026aa37e05e4 relative=0x0000000000000404
Event: 101.778 Thread 0x0000026afad65a50 Uncommon trap: reason=unstable_fused_if action=reinterpret pc=0x0000026aa37e05e4 method=org.lombokweb.asm.MethodWriter.computeMethodInfoSize()I @ 25 c2
Event: 101.778 Thread 0x0000026afad65a50 DEOPT PACKING pc=0x0000026aa37e05e4 sp=0x0000008097efac50
Event: 101.778 Thread 0x0000026afad65a50 DEOPT UNPACKING pc=0x0000026aa2c26da2 sp=0x0000008097efabf0 mode 2
Event: 101.778 Thread 0x0000026afad65a50 Uncommon trap: trap_request=0xffffff45 fr.pc=0x0000026aa37d1db4 relative=0x0000000000001114
Event: 101.778 Thread 0x0000026afad65a50 Uncommon trap: reason=unstable_if action=reinterpret pc=0x0000026aa37d1db4 method=org.lombokweb.asm.MethodWriter.putMethodInfo(Lorg/lombokweb/asm/ByteVector;)V @ 98 c2
Event: 101.778 Thread 0x0000026afad65a50 DEOPT PACKING pc=0x0000026aa37d1db4 sp=0x0000008097efac20
Event: 101.778 Thread 0x0000026afad65a50 DEOPT UNPACKING pc=0x0000026aa2c26da2 sp=0x0000008097efabc8 mode 2

Classes loaded (20 events):
Event: 84.115 Loading class java/util/stream/ReduceOps$4
Event: 84.115 Loading class java/util/stream/ReduceOps$4 done
Event: 84.116 Loading class java/util/stream/ReduceOps$4ReducingSink
Event: 84.116 Loading class java/util/stream/ReduceOps$4ReducingSink done
Event: 86.623 Loading class java/util/Hashtable$KeySet
Event: 86.623 Loading class java/util/Hashtable$KeySet done
Event: 87.529 Loading class java/lang/invoke/MethodHandleImpl$CountingWrapper$1
Event: 87.530 Loading class java/lang/invoke/MethodHandleImpl$CountingWrapper$1 done
Event: 87.588 Loading class java/util/stream/DistinctOps
Event: 87.590 Loading class java/util/stream/DistinctOps done
Event: 87.590 Loading class java/util/stream/DistinctOps$1
Event: 87.590 Loading class java/util/stream/DistinctOps$1 done
Event: 87.591 Loading class java/util/stream/DistinctOps$1$2
Event: 87.591 Loading class java/util/stream/DistinctOps$1$2 done
Event: 87.599 Loading class java/nio/file/Files$2
Event: 87.603 Loading class java/nio/file/Files$2 done
Event: 94.226 Loading class sun/nio/cs/ISO_8859_1$Decoder
Event: 94.226 Loading class sun/nio/cs/ISO_8859_1$Decoder done
Event: 97.761 Loading class java/util/HashMap$EntrySpliterator
Event: 97.761 Loading class java/util/HashMap$EntrySpliterator done

Classes unloaded (7 events):
Event: 13.343 Thread 0x0000026ab37ef990 Unloading class 0x0000026ab51a8c00 'java/lang/invoke/LambdaForm$MH+0x0000026ab51a8c00'
Event: 13.343 Thread 0x0000026ab37ef990 Unloading class 0x0000026ab51a8800 'java/lang/invoke/LambdaForm$MH+0x0000026ab51a8800'
Event: 13.343 Thread 0x0000026ab37ef990 Unloading class 0x0000026ab51a8400 'java/lang/invoke/LambdaForm$MH+0x0000026ab51a8400'
Event: 13.343 Thread 0x0000026ab37ef990 Unloading class 0x0000026ab51a8000 'java/lang/invoke/LambdaForm$MH+0x0000026ab51a8000'
Event: 13.343 Thread 0x0000026ab37ef990 Unloading class 0x0000026ab51a7c00 'java/lang/invoke/LambdaForm$BMH+0x0000026ab51a7c00'
Event: 13.343 Thread 0x0000026ab37ef990 Unloading class 0x0000026ab51a7800 'java/lang/invoke/LambdaForm$DMH+0x0000026ab51a7800'
Event: 13.343 Thread 0x0000026ab37ef990 Unloading class 0x0000026ab51a6400 'java/lang/invoke/LambdaForm$DMH+0x0000026ab51a6400'

Classes redefined (0 events):
No events

Internal exceptions (20 events):
Event: 100.077 Thread 0x0000026afd3f12f0 Implicit null exception at 0x0000026aa3ee81af to 0x0000026aa3ee9b5c
Event: 100.541 Thread 0x0000026afa7e3c80 Implicit null exception at 0x0000026aa345298a to 0x0000026aa3452f14
Event: 100.603 Thread 0x0000026afa7e3c80 Exception <a 'java/lang/NoSuchMethodError'{0x00000007aabcb928}: 'java.lang.Object java.lang.invoke.DirectMethodHandle$Holder.invokeStatic(java.lang.Object, java.lang.Object, int, java.lang.Object)'> (0x00000007aabcb928) 
thrown [s\src\hotspot\share\interpreter\linkResolver.cpp, line 773]
Event: 100.670 Thread 0x0000026afd0af570 Exception <a 'sun/nio/fs/WindowsException'{0x00000007aaccef98}> (0x00000007aaccef98) 
thrown [s\src\hotspot\share\prims\jni.cpp, line 520]
Event: 100.670 Thread 0x0000026afd0af570 Exception <a 'sun/nio/fs/WindowsException'{0x00000007aaccf878}> (0x00000007aaccf878) 
thrown [s\src\hotspot\share\prims\jni.cpp, line 520]
Event: 101.278 Thread 0x0000026afad64010 Implicit null exception at 0x0000026aa3b6f986 to 0x0000026aa3b6fa62
Event: 101.278 Thread 0x0000026afad64010 Implicit null exception at 0x0000026aa31d733a to 0x0000026aa31d746f
Event: 101.289 Thread 0x0000026afad64010 Implicit null exception at 0x0000026aa3d12f4f to 0x0000026aa3d13590
Event: 101.308 Thread 0x0000026afd0af570 Exception <a 'sun/nio/fs/WindowsException'{0x00000007aacdfa10}> (0x00000007aacdfa10) 
thrown [s\src\hotspot\share\prims\jni.cpp, line 520]
Event: 101.308 Thread 0x0000026afd0af570 Exception <a 'sun/nio/fs/WindowsException'{0x00000007aace0040}> (0x00000007aace0040) 
thrown [s\src\hotspot\share\prims\jni.cpp, line 520]
Event: 101.308 Thread 0x0000026afd0af570 Exception <a 'sun/nio/fs/WindowsException'{0x00000007aace0ad8}> (0x00000007aace0ad8) 
thrown [s\src\hotspot\share\prims\jni.cpp, line 520]
Event: 101.308 Thread 0x0000026afd0af570 Exception <a 'sun/nio/fs/WindowsException'{0x00000007aae284d0}> (0x00000007aae284d0) 
thrown [s\src\hotspot\share\prims\jni.cpp, line 520]
Event: 101.315 Thread 0x0000026afd0af570 Exception <a 'sun/nio/fs/WindowsException'{0x00000007ab011cb0}> (0x00000007ab011cb0) 
thrown [s\src\hotspot\share\prims\jni.cpp, line 520]
Event: 101.320 Thread 0x0000026afd0af570 Exception <a 'sun/nio/fs/WindowsException'{0x00000007ab0122e0}> (0x00000007ab0122e0) 
thrown [s\src\hotspot\share\prims\jni.cpp, line 520]
Event: 101.321 Thread 0x0000026afd0af570 Exception <a 'sun/nio/fs/WindowsException'{0x00000007ab037938}> (0x00000007ab037938) 
thrown [s\src\hotspot\share\prims\jni.cpp, line 520]
Event: 101.322 Thread 0x0000026afd0af570 Exception <a 'sun/nio/fs/WindowsException'{0x00000007ab037f68}> (0x00000007ab037f68) 
thrown [s\src\hotspot\share\prims\jni.cpp, line 520]
Event: 101.505 Thread 0x0000026afad65a50 Exception <a 'sun/nio/fs/WindowsException'{0x00000007aad92758}> (0x00000007aad92758) 
thrown [s\src\hotspot\share\prims\jni.cpp, line 520]
Event: 101.505 Thread 0x0000026afad65a50 Exception <a 'sun/nio/fs/WindowsException'{0x00000007aadb18c0}> (0x00000007aadb18c0) 
thrown [s\src\hotspot\share\prims\jni.cpp, line 520]
Event: 101.530 Thread 0x0000026afad65a50 Exception <a 'sun/nio/fs/WindowsException'{0x00000007ab0a3348}> (0x00000007ab0a3348) 
thrown [s\src\hotspot\share\prims\jni.cpp, line 520]
Event: 101.530 Thread 0x0000026afad65a50 Exception <a 'sun/nio/fs/WindowsException'{0x00000007ab0c4260}> (0x00000007ab0c4260) 
thrown [s\src\hotspot\share\prims\jni.cpp, line 520]

ZGC Phase Switch (0 events):
No events

VM Operations (20 events):
Event: 101.631 Executing safepoint VM operation: ParallelGCFailedAllocation (Allocation Failure)
Event: 101.633 Executing safepoint VM operation: ParallelGCFailedAllocation (Allocation Failure) done
Event: 101.645 Executing safepoint VM operation: ParallelGCFailedAllocation (Allocation Failure)
Event: 101.669 Executing safepoint VM operation: ParallelGCFailedAllocation (Allocation Failure) done
Event: 101.677 Executing safepoint VM operation: ParallelGCFailedAllocation (Allocation Failure)
Event: 101.678 Executing safepoint VM operation: ParallelGCFailedAllocation (Allocation Failure) done
Event: 101.693 Executing safepoint VM operation: ParallelGCFailedAllocation (Allocation Failure)
Event: 101.713 Executing safepoint VM operation: ParallelGCFailedAllocation (Allocation Failure) done
Event: 101.721 Executing safepoint VM operation: ParallelGCFailedAllocation (Allocation Failure)
Event: 101.731 Executing safepoint VM operation: ParallelGCFailedAllocation (Allocation Failure) done
Event: 101.740 Executing safepoint VM operation: ParallelGCFailedAllocation (Allocation Failure)
Event: 101.741 Executing safepoint VM operation: ParallelGCFailedAllocation (Allocation Failure) done
Event: 101.754 Executing safepoint VM operation: ParallelGCFailedAllocation (Allocation Failure)
Event: 101.775 Executing safepoint VM operation: ParallelGCFailedAllocation (Allocation Failure) done
Event: 101.780 Executing safepoint VM operation: ParallelGCFailedAllocation (Allocation Failure)
Event: 101.782 Executing safepoint VM operation: ParallelGCFailedAllocation (Allocation Failure) done
Event: 101.792 Executing safepoint VM operation: ParallelGCFailedAllocation (Allocation Failure)
Event: 101.794 Executing safepoint VM operation: ParallelGCFailedAllocation (Allocation Failure) done
Event: 101.804 Executing safepoint VM operation: ParallelGCFailedAllocation (Allocation Failure)
Event: 101.804 Executing safepoint VM operation: ParallelGCFailedAllocation (Allocation Failure) done

Memory protections (0 events):
No events

Nmethod flushes (20 events):
Event: 92.568 Thread 0x0000026ab37ef990 flushing  nmethod 0x0000026a9c52fc90
Event: 92.568 Thread 0x0000026ab37ef990 flushing osr nmethod 0x0000026a9c564690
Event: 92.568 Thread 0x0000026ab37ef990 flushing  nmethod 0x0000026a9c5afc10
Event: 92.568 Thread 0x0000026ab37ef990 flushing  nmethod 0x0000026a9c5b4810
Event: 92.568 Thread 0x0000026ab37ef990 flushing  nmethod 0x0000026a9c5c5b90
Event: 92.568 Thread 0x0000026ab37ef990 flushing  nmethod 0x0000026a9c5c5f90
Event: 92.568 Thread 0x0000026ab37ef990 flushing  nmethod 0x0000026a9c5c6310
Event: 92.568 Thread 0x0000026ab37ef990 flushing  nmethod 0x0000026a9c5c6710
Event: 92.568 Thread 0x0000026ab37ef990 flushing  nmethod 0x0000026a9c5c7910
Event: 92.568 Thread 0x0000026ab37ef990 flushing  nmethod 0x0000026a9c5cb410
Event: 92.568 Thread 0x0000026ab37ef990 flushing  nmethod 0x0000026a9c5cdb90
Event: 92.568 Thread 0x0000026ab37ef990 flushing  nmethod 0x0000026a9c5ce290
Event: 92.568 Thread 0x0000026ab37ef990 flushing  nmethod 0x0000026a9c5d4590
Event: 92.568 Thread 0x0000026ab37ef990 flushing  nmethod 0x0000026a9c5d5490
Event: 92.568 Thread 0x0000026ab37ef990 flushing  nmethod 0x0000026a9c5d6a90
Event: 92.568 Thread 0x0000026ab37ef990 flushing  nmethod 0x0000026a9c5d7d10
Event: 92.568 Thread 0x0000026ab37ef990 flushing osr nmethod 0x0000026a9c5d8690
Event: 92.568 Thread 0x0000026ab37ef990 flushing osr nmethod 0x0000026a9c5de010
Event: 92.568 Thread 0x0000026ab37ef990 flushing osr nmethod 0x0000026a9c5dfd10
Event: 92.568 Thread 0x0000026ab37ef990 flushing osr nmethod 0x0000026a9c5e1c10

Events (20 events):
Event: 92.412 Thread 0x0000026afd0af570 Thread added: 0x0000026afd3ca2e0
Event: 92.412 Thread 0x0000026afd0af570 Thread added: 0x0000026afd3f1980
Event: 92.412 Thread 0x0000026afd0af570 Thread added: 0x0000026afd3f26a0
Event: 95.056 Thread 0x0000026afddd8080 Thread exited: 0x0000026afddd8080
Event: 96.512 Thread 0x0000026afd3c95c0 Thread exited: 0x0000026afd3c95c0
Event: 96.512 Thread 0x0000026afd3f1980 Thread exited: 0x0000026afd3f1980
Event: 96.513 Thread 0x0000026afd3ca2e0 Thread exited: 0x0000026afd3ca2e0
Event: 96.513 Thread 0x0000026afd3f26a0 Thread exited: 0x0000026afd3f26a0
Event: 96.513 Thread 0x0000026afd3c9c50 Thread exited: 0x0000026afd3c9c50
Event: 96.537 Thread 0x0000026ab37f1f10 Thread added: 0x0000026afddd8080
Event: 99.731 Thread 0x0000026afd0af570 Thread added: 0x0000026afd3f26a0
Event: 99.731 Thread 0x0000026afd0af570 Thread added: 0x0000026afd3f12f0
Event: 99.731 Thread 0x0000026afd0af570 Thread added: 0x0000026afd3f33c0
Event: 99.731 Thread 0x0000026afd0af570 Thread added: 0x0000026afd3f1980
Event: 99.732 Thread 0x0000026afd0af570 Thread added: 0x0000026afd3f4770
Event: 100.412 Thread 0x0000026afd3f26a0 Thread exited: 0x0000026afd3f26a0
Event: 100.413 Thread 0x0000026afd3f12f0 Thread exited: 0x0000026afd3f12f0
Event: 100.414 Thread 0x0000026afd3f4770 Thread exited: 0x0000026afd3f4770
Event: 100.419 Thread 0x0000026afd3f1980 Thread exited: 0x0000026afd3f1980
Event: 100.422 Thread 0x0000026afd3f33c0 Thread exited: 0x0000026afd3f33c0


Dynamic libraries:
0x00007ff714630000 - 0x00007ff71463e000 	c:\Users\Dnyaneshwar Algule\.antigravity-ide\extensions\redhat.java-1.56.0-win32-x64\jre\21.0.12.1-win32-x86_64\bin\java.exe
0x00007fffa6420000 - 0x00007fffa6687000 	C:\WINDOWS\SYSTEM32\ntdll.dll
0x00007fffa4cc0000 - 0x00007fffa4d8b000 	C:\WINDOWS\System32\KERNEL32.DLL
0x00007fffa3620000 - 0x00007fffa3a22000 	C:\WINDOWS\System32\KERNELBASE.dll
0x00007fffa3ae0000 - 0x00007fffa3c2c000 	C:\WINDOWS\System32\ucrtbase.dll
0x00007fff932f0000 - 0x00007fff93308000 	c:\Users\Dnyaneshwar Algule\.antigravity-ide\extensions\redhat.java-1.56.0-win32-x64\jre\21.0.12.1-win32-x86_64\bin\jli.dll
0x00007fffa4140000 - 0x00007fffa430f000 	C:\WINDOWS\System32\USER32.dll
0x00007fffa3c40000 - 0x00007fffa3c67000 	C:\WINDOWS\System32\win32u.dll
0x00007fffa4320000 - 0x00007fffa434b000 	C:\WINDOWS\System32\GDI32.dll
0x00007fffa3f50000 - 0x00007fffa4079000 	C:\WINDOWS\System32\gdi32full.dll
0x00007fffa3a30000 - 0x00007fffa3ad3000 	C:\WINDOWS\System32\msvcp_win.dll
0x00007fff932d0000 - 0x00007fff932ee000 	c:\Users\Dnyaneshwar Algule\.antigravity-ide\extensions\redhat.java-1.56.0-win32-x64\jre\21.0.12.1-win32-x86_64\bin\VCRUNTIME140.dll
0x00007fff8de20000 - 0x00007fff8e0b0000 	C:\WINDOWS\WinSxS\amd64_microsoft.windows.common-controls_6595b64144ccf1df_6.0.26100.9278_none_3e0d1ba8e3303201\COMCTL32.dll
0x00007fffa4ef0000 - 0x00007fffa4f99000 	C:\WINDOWS\System32\msvcrt.dll
0x00007fffa50d0000 - 0x00007fffa5101000 	C:\WINDOWS\System32\IMM32.DLL
0x00007fff93120000 - 0x00007fff9312c000 	c:\Users\Dnyaneshwar Algule\.antigravity-ide\extensions\redhat.java-1.56.0-win32-x64\jre\21.0.12.1-win32-x86_64\bin\vcruntime140_1.dll
0x00007fff89280000 - 0x00007fff8930d000 	c:\Users\Dnyaneshwar Algule\.antigravity-ide\extensions\redhat.java-1.56.0-win32-x64\jre\21.0.12.1-win32-x86_64\bin\msvcp140.dll
0x00007fff286c0000 - 0x00007fff29462000 	c:\Users\Dnyaneshwar Algule\.antigravity-ide\extensions\redhat.java-1.56.0-win32-x64\jre\21.0.12.1-win32-x86_64\bin\server\jvm.dll
0x00007fffa5f20000 - 0x00007fffa5fdc000 	C:\WINDOWS\System32\ADVAPI32.dll
0x00007fffa5e60000 - 0x00007fffa5f09000 	C:\WINDOWS\System32\sechost.dll
0x00007fffa4380000 - 0x00007fffa4498000 	C:\WINDOWS\System32\RPCRT4.dll
0x00007fffa56f0000 - 0x00007fffa5770000 	C:\WINDOWS\System32\WS2_32.dll
0x00007fffa3480000 - 0x00007fffa34de000 	C:\WINDOWS\SYSTEM32\POWRPROF.dll
0x00007fff9af30000 - 0x00007fff9af66000 	C:\WINDOWS\SYSTEM32\WINMM.dll
0x00007fff8fd70000 - 0x00007fff8fd7b000 	C:\WINDOWS\SYSTEM32\VERSION.dll
0x00007fffa3460000 - 0x00007fffa3475000 	C:\WINDOWS\SYSTEM32\UMPDC.dll
0x00007fffa22f0000 - 0x00007fffa230b000 	C:\WINDOWS\SYSTEM32\kernel.appcore.dll
0x00007fff93110000 - 0x00007fff9311a000 	c:\Users\Dnyaneshwar Algule\.antigravity-ide\extensions\redhat.java-1.56.0-win32-x64\jre\21.0.12.1-win32-x86_64\bin\jimage.dll
0x00007fff9dd00000 - 0x00007fff9df4c000 	C:\WINDOWS\SYSTEM32\DBGHELP.DLL
0x00007fffa5360000 - 0x00007fffa56e5000 	C:\WINDOWS\System32\combase.dll
0x00007fffa5110000 - 0x00007fffa51e9000 	C:\WINDOWS\System32\OLEAUT32.dll
0x00007fff80380000 - 0x00007fff803bb000 	C:\WINDOWS\SYSTEM32\dbgcore.DLL
0x00007fffa3c70000 - 0x00007fffa3d1c000 	C:\WINDOWS\System32\bcryptPrimitives.dll
0x00007fff92fc0000 - 0x00007fff92fcf000 	c:\Users\Dnyaneshwar Algule\.antigravity-ide\extensions\redhat.java-1.56.0-win32-x64\jre\21.0.12.1-win32-x86_64\bin\instrument.dll
0x00007fff89260000 - 0x00007fff89280000 	c:\Users\Dnyaneshwar Algule\.antigravity-ide\extensions\redhat.java-1.56.0-win32-x64\jre\21.0.12.1-win32-x86_64\bin\java.dll
0x00007fffa4520000 - 0x00007fffa4cb8000 	C:\WINDOWS\System32\SHELL32.dll
0x00007fffa10a0000 - 0x00007fffa194e000 	C:\WINDOWS\SYSTEM32\windows.storage.dll
0x00007fffa5d60000 - 0x00007fffa5e5b000 	C:\WINDOWS\System32\SHCORE.dll
0x00007fffa5ff0000 - 0x00007fffa6056000 	C:\WINDOWS\System32\shlwapi.dll
0x00007fffa3540000 - 0x00007fffa3569000 	C:\WINDOWS\SYSTEM32\profapi.dll
0x00007fff89240000 - 0x00007fff89258000 	c:\Users\Dnyaneshwar Algule\.antigravity-ide\extensions\redhat.java-1.56.0-win32-x64\jre\21.0.12.1-win32-x86_64\bin\zip.dll
0x00007fff8d940000 - 0x00007fff8d950000 	C:\Users\Dnyaneshwar Algule\.antigravity-ide\extensions\redhat.java-1.56.0-win32-x64\jre\21.0.12.1-win32-x86_64\bin\net.dll
0x00007fff95730000 - 0x00007fff9585a000 	C:\WINDOWS\SYSTEM32\WINHTTP.dll
0x00007fffa28b0000 - 0x00007fffa291c000 	C:\WINDOWS\system32\mswsock.dll
0x00007fff89220000 - 0x00007fff89236000 	C:\Users\Dnyaneshwar Algule\.antigravity-ide\extensions\redhat.java-1.56.0-win32-x64\jre\21.0.12.1-win32-x86_64\bin\nio.dll
0x00007fff89210000 - 0x00007fff89220000 	c:\Users\Dnyaneshwar Algule\.antigravity-ide\extensions\redhat.java-1.56.0-win32-x64\jre\21.0.12.1-win32-x86_64\bin\verify.dll
0x00007fff6ae70000 - 0x00007fff6aeb5000 	C:\Users\Dnyaneshwar Algule\AppData\Roaming\Antigravity IDE\User\globalStorage\redhat.java\1.56.0\config_win\org.eclipse.equinox.launcher\org.eclipse.equinox.launcher.win32.win32.x86_64_1.3.100.v20260804-1928\eclipse_11924.dll
0x00007fffa6060000 - 0x00007fffa61fa000 	C:\WINDOWS\System32\ole32.dll
0x00007fffa2ba0000 - 0x00007fffa2bbb000 	C:\WINDOWS\SYSTEM32\CRYPTSP.dll
0x00007fffa2250000 - 0x00007fffa2289000 	C:\WINDOWS\system32\rsaenh.dll
0x00007fffa2960000 - 0x00007fffa2994000 	C:\WINDOWS\SYSTEM32\USERENV.dll
0x00007fffa3510000 - 0x00007fffa353a000 	C:\WINDOWS\SYSTEM32\bcrypt.dll
0x00007fffa2bc0000 - 0x00007fffa2bcc000 	C:\WINDOWS\SYSTEM32\CRYPTBASE.dll
0x00007fffa1e10000 - 0x00007fffa1e43000 	C:\WINDOWS\SYSTEM32\IPHLPAPI.DLL
0x00007fffa5f10000 - 0x00007fffa5f1a000 	C:\WINDOWS\System32\NSI.dll
0x00007fff90f40000 - 0x00007fff90f89000 	C:\Users\Dnyaneshwar Algule\AppData\Local\Temp\jna--1296876824\jna17077302997463413119.dll
0x00007fffa5d00000 - 0x00007fffa5d08000 	C:\WINDOWS\System32\PSAPI.DLL
0x00007fff95bd0000 - 0x00007fff95bed000 	C:\WINDOWS\SYSTEM32\dhcpcsvc6.DLL
0x00007fff95ba0000 - 0x00007fff95bc5000 	C:\WINDOWS\SYSTEM32\dhcpcsvc.DLL
0x00007fff930e0000 - 0x00007fff93107000 	C:\Users\Dnyaneshwar Algule\.gradle\native\660c5614fbf4a5f2a75b1949f50a0caf5cd603558e7d8a26e50b933a0cfb79d1\windows-amd64\native-platform.dll
0x00007fff92970000 - 0x00007fff9297a000 	C:\Users\Dnyaneshwar Algule\.antigravity-ide\extensions\redhat.java-1.56.0-win32-x64\jre\21.0.12.1-win32-x86_64\bin\management.dll
0x00007fff92250000 - 0x00007fff9225c000 	C:\Users\Dnyaneshwar Algule\.antigravity-ide\extensions\redhat.java-1.56.0-win32-x64\jre\21.0.12.1-win32-x86_64\bin\management_ext.dll
0x00007fff90e80000 - 0x00007fff90e89000 	C:\Users\Dnyaneshwar Algule\.antigravity-ide\extensions\redhat.java-1.56.0-win32-x64\jre\21.0.12.1-win32-x86_64\bin\extnet.dll
0x00007fff8ffe0000 - 0x00007fff8ffee000 	C:\Users\Dnyaneshwar Algule\.antigravity-ide\extensions\redhat.java-1.56.0-win32-x64\jre\21.0.12.1-win32-x86_64\bin\sunmscapi.dll
0x00007fffa3d30000 - 0x00007fffa3eae000 	C:\WINDOWS\System32\CRYPT32.dll
0x00007fffa2de0000 - 0x00007fffa2e10000 	C:\WINDOWS\SYSTEM32\ncrypt.dll
0x00007fffa2d90000 - 0x00007fffa2dcf000 	C:\WINDOWS\SYSTEM32\NTASN1.dll
0x00007fffa1e50000 - 0x00007fffa1fa8000 	C:\WINDOWS\SYSTEM32\DNSAPI.dll
0x00007fffa2690000 - 0x00007fffa269d000 	C:\WINDOWS\SYSTEM32\DSPARSE.dll
0x00007fff958a0000 - 0x00007fff958ab000 	C:\Windows\System32\rasadhlp.dll
0x00007fff96170000 - 0x00007fff961f6000 	C:\WINDOWS\System32\fwpuclnt.dll

JVMTI agents:
c:\Users\Dnyaneshwar Algule\.antigravity-ide\extensions\redhat.java-1.56.0-win32-x64\lombok\lombok-1.18.39-4050.jar path:c:\Users\Dnyaneshwar Algule\.antigravity-ide\extensions\redhat.java-1.56.0-win32-x64\jre\21.0.12.1-win32-x86_64\bin\instrument.dll, loaded, initialized, instrumentlib options:none

dbghelp: loaded successfully - version: 4.0.5 - missing functions: none
symbol engine: initialized successfully - sym options: 0x614 - pdb path: .;c:\Users\Dnyaneshwar Algule\.antigravity-ide\extensions\redhat.java-1.56.0-win32-x64\jre\21.0.12.1-win32-x86_64\bin;C:\WINDOWS\SYSTEM32;C:\WINDOWS\WinSxS\amd64_microsoft.windows.common-controls_6595b64144ccf1df_6.0.26100.9278_none_3e0d1ba8e3303201;c:\Users\Dnyaneshwar Algule\.antigravity-ide\extensions\redhat.java-1.56.0-win32-x64\jre\21.0.12.1-win32-x86_64\bin\server;C:\Users\Dnyaneshwar Algule\AppData\Roaming\Antigravity IDE\User\globalStorage\redhat.java\1.56.0\config_win\org.eclipse.equinox.launcher\org.eclipse.equinox.launcher.win32.win32.x86_64_1.3.100.v20260804-1928;C:\Users\Dnyaneshwar Algule\AppData\Local\Temp\jna--1296876824;C:\Users\Dnyaneshwar Algule\.gradle\native\660c5614fbf4a5f2a75b1949f50a0caf5cd603558e7d8a26e50b933a0cfb79d1\windows-amd64

VM Arguments:
jvm_args: --add-modules=ALL-SYSTEM --add-opens=java.base/java.util=ALL-UNNAMED --add-opens=java.base/java.lang=ALL-UNNAMED --add-opens=java.base/sun.nio.fs=ALL-UNNAMED -Declipse.application=org.eclipse.jdt.ls.core.id1 -Dosgi.bundles.defaultStartLevel=4 -Declipse.product=org.eclipse.jdt.ls.core.product -Djava.import.generatesMetadataFilesAtProjectRoot=false -Dm2e.project.cache.size=50 -DDetectVMInstallationsJob.disabled=true -Dfile.encoding=utf8 -XX:+UseParallelGC -XX:GCTimeRatio=4 -XX:AdaptiveSizePolicyWeight=90 -Dsun.zip.disableMemoryMapping=true -Xmx4G -Xms100m -Xlog:disable -javaagent:c:\Users\Dnyaneshwar Algule\.antigravity-ide\extensions\redhat.java-1.56.0-win32-x64\lombok\lombok-1.18.39-4050.jar -XX:+HeapDumpOnOutOfMemoryError -XX:HeapDumpPath=c:\Users\Dnyaneshwar Algule\AppData\Roaming\Antigravity IDE\User\workspaceStorage\bdad3307725f4615a0471e24280ceca6\redhat.java -Daether.dependencyCollector.impl=bf 
java_command: c:\Users\Dnyaneshwar Algule\.antigravity-ide\extensions\redhat.java-1.56.0-win32-x64\server\plugins\org.eclipse.equinox.launcher_1.8.0.v20260804-1928.jar -configuration c:\Users\Dnyaneshwar Algule\AppData\Roaming\Antigravity IDE\User\globalStorage\redhat.java\1.56.0\config_win -data c:\Users\Dnyaneshwar Algule\AppData\Roaming\Antigravity IDE\User\workspaceStorage\bdad3307725f4615a0471e24280ceca6\redhat.java\jdt_ws --pipe=\\.\pipe\lsp-f21b65dc14e56d196d4abb35c803b110-sock
java_class_path (initial): c:\Users\Dnyaneshwar Algule\.antigravity-ide\extensions\redhat.java-1.56.0-win32-x64\server\plugins\org.eclipse.equinox.launcher_1.8.0.v20260804-1928.jar
Launcher Type: SUN_STANDARD

[Global flags]
    uintx AdaptiveSizePolicyWeight                 = 90                                        {product} {command line}
     intx CICompilerCount                          = 3                                         {product} {ergonomic}
    uintx GCTimeRatio                              = 4                                         {product} {command line}
     bool HeapDumpOnOutOfMemoryError               = true                                   {manageable} {command line}
    ccstr HeapDumpPath                             = c:\Users\Dnyaneshwar Algule\AppData\Roaming\Antigravity IDE\User\workspaceStorage\bdad3307725f4615a0471e24280ceca6\redhat.java         {manageable} {command line}
   size_t InitialHeapSize                          = 104857600                                 {product} {command line}
   size_t MaxHeapSize                              = 4294967296                                {product} {command line}
   size_t MaxNewSize                               = 1431306240                                {product} {ergonomic}
   size_t MinHeapDeltaBytes                        = 524288                                    {product} {ergonomic}
   size_t MinHeapSize                              = 104857600                                 {product} {command line}
   size_t NewSize                                  = 34603008                                  {product} {ergonomic}
    uintx NonNMethodCodeHeapSize                   = 5832780                                {pd product} {ergonomic}
    uintx NonProfiledCodeHeapSize                  = 122912730                              {pd product} {ergonomic}
   size_t OldSize                                  = 70254592                                  {product} {ergonomic}
    uintx ProfiledCodeHeapSize                     = 122912730                              {pd product} {ergonomic}
    uintx ReservedCodeCacheSize                    = 251658240                              {pd product} {ergonomic}
     bool SegmentedCodeCache                       = true                                      {product} {ergonomic}
   size_t SoftMaxHeapSize                          = 4294967296                             {manageable} {ergonomic}
     bool UseCompressedOops                        = true                           {product lp64_product} {ergonomic}
     bool UseLargePagesIndividualAllocation        = false                                  {pd product} {ergonomic}
     bool UseParallelGC                            = true                                      {product} {command line}

Logging:
Log output configuration:
 #0: stdout all=off uptime,level,tags foldmultilines=false
 #1: stderr all=off uptime,level,tags foldmultilines=false

Release file:
JAVA_VERSION="21.0.12.1" 
MODULES="java.base java.compiler java.datatransfer java.xml java.prefs java.desktop java.instrument java.logging java.management java.security.sasl java.naming java.rmi java.management.rmi java.net.http java.scripting java.security.jgss java.transaction.xa java.sql java.sql.rowset java.xml.crypto java.se java.smartcardio jdk.accessibility jdk.internal.jvmstat jdk.attach jdk.charsets jdk.internal.opt jdk.zipfs jdk.compiler jdk.crypto.ec jdk.crypto.cryptoki jdk.crypto.mscapi jdk.dynalink jdk.internal.ed jdk.editpad jdk.hotspot.agent jdk.httpserver jdk.internal.le jdk.internal.vm.ci jdk.internal.vm.compiler jdk.internal.vm.compiler.management jdk.jartool jdk.javadoc jdk.jcmd jdk.management jdk.management.agent jdk.jconsole jdk.jdeps jdk.jdwp.agent jdk.jdi jdk.jfr jdk.jshell jdk.jsobject jdk.jstatd jdk.localedata jdk.management.jfr jdk.naming.dns jdk.naming.rmi jdk.net jdk.nio.mapmode jdk.random jdk.sctp jdk.security.auth jdk.security.jgss jdk.unsupported jdk.unsupported.desktop jdk.xml.dom" 

Environment Variables:
JAVA_HOME=C:\Program Files\Java\jdk-17
PATH=C:\Program Files\Common Files\Oracle\Java\javapath;C:\WINDOWS\system32;C:\WINDOWS;C:\WINDOWS\System32\Wbem;C:\WINDOWS\System32\WindowsPowerShell\v1.0\;C:\WINDOWS\System32\OpenSSH\;C:\Users\Dnyaneshwar Algule\anaconda3\condabin;C:\Program Files\WireGuard\;C:\Program Files\Java\jdk-17\bin;C:\Program Files (x86)\pcsuite\;C:\Program Files\nodejs\;C:\Program Files\Git\cmd;C:\Program Files\MySQL\MySQL Shell 8.0\bin\;C:\Users\Dnyaneshwar Algule\AppData\Local\Programs\Python\Python312\Scripts\;C:\Users\Dnyaneshwar Algule\AppData\Local\Programs\Python\Python312\;C:\Users\Dnyaneshwar Algule\AppData\Local\Programs\Python\Launcher\;C:\Users\Dnyaneshwar Algule\AppData\Local\Microsoft\WindowsApps;C:\MinGW\bin;C:\Users\Dnyaneshwar Algule\AppData\Local\Programs\MiKTeX\miktex\bin\x64\;C:\Users\Dnyaneshwar Algule\AppData\Local\Programs\Microsoft VS Code\bin;C:\Users\Dnyaneshwar Algule\AppData\Roaming\npm;C:\Users\Dnyaneshwar Algule\AppData\Local\Programs\cursor\resources\app\bin;C:\Users\Dnyaneshwar Algule\AppData\Local\Programs\Antigravity IDE\bin;C:\Users\Dnyaneshwar Algule\AppData\Local\Programs\Devin\bin;C:\Users\Dnyaneshwar Algule\AppData\Local\Android\Sdk\platform-tools;C:\Users\Dnyaneshwar Algule\AppData\Local\Android\Sdk\emulator;C:\Users\Dnyaneshwar Algule\AppData\Local\Google\Cloud SDK\google-cloud-sdk\bin
USERNAME=Dnyaneshwar Algule
OS=Windows_NT
PROCESSOR_IDENTIFIER=Intel64 Family 6 Model 140 Stepping 1, GenuineIntel
TMP=C:\Users\DNYANE~1\AppData\Local\Temp
TEMP=C:\Users\DNYANE~1\AppData\Local\Temp




Periodic native trim disabled

---------------  S Y S T E M  ---------------

OS:
 Windows 11 , 64 bit Build 26100 (10.0.26100.9444)
OS uptime: 0 days 11:27 hours

CPU: total 4 (initial active 4) (2 cores per cpu, 2 threads per core) family 6 model 140 stepping 1 microcode 0x86, cx8, cmov, fxsr, ht, mmx, 3dnowpref, sse, sse2, sse3, ssse3, sse4.1, sse4.2, popcnt, lzcnt, tsc, tscinvbit, avx, avx2, aes, erms, clmul, bmi1, bmi2, adx, avx512f, avx512dq, avx512cd, avx512bw, avx512vl, sha, fma, vzeroupper, avx512_vpopcntdq, avx512_vpclmulqdq, avx512_vaes, avx512_vnni, clflush, clflushopt, clwb, avx512_vbmi2, avx512_vbmi, rdtscp, rdpid, fsrm, gfni, avx512_bitalg, f16c, pku, cet_ibt, cet_ss, avx512_ifma
Processor Information for the first 4 processors :
  Max Mhz: 2995, Current Mhz: 2995, Mhz Limit: 2995

Memory: 4k page, system-wide physical 7886M (370M free)
TotalPageFile size 19869M (AvailPageFile size 4M)
current process WorkingSet (physical memory assigned to process): 537M, peak: 537M
current process commit charge ("private bytes"): 658M, peak: 3180M

vm_info: OpenJDK 64-Bit Server VM (21.0.12.1+1-LTS) for windows-amd64 JRE (21.0.12.1+1-LTS), built on 2026-08-18T00:00:00Z by "admin" with MS VC++ 17.12 (VS2022)

END.
