#
# There is insufficient memory for the Java Runtime Environment to continue.
# Native memory allocation (malloc) failed to allocate 1185904 bytes. Error detail: Chunk::new
# Possible reasons:
#   The system is out of physical RAM or swap space
#   This process is running with CompressedOops enabled, and the Java Heap may be blocking the growth of the native heap
# Possible solutions:
#   Reduce memory load on the system
#   Increase physical memory or swap space
#   Check if swap backing store is full
#   Decrease Java heap size (-Xmx/-Xms)
#   Decrease number of Java threads
#   Decrease Java thread stack sizes (-Xss)
#   Set larger code cache with -XX:ReservedCodeCacheSize=
#   JVM is running with Zero Based Compressed Oops mode in which the Java heap is
#     placed in the first 32GB address space. The Java Heap base address is the
#     maximum limit for the native heap growth. Please use -XX:HeapBaseMinAddress
#     to set the Java Heap base and to place the Java Heap above 32GB virtual address.
# This output file may be truncated or incomplete.
#
#  Out of Memory Error (arena.cpp:168), pid=18740, tid=19560
#
# JRE version: OpenJDK Runtime Environment Temurin-21.0.12.1+1 (21.0.12.1+1) (build 21.0.12.1+1-LTS)
# Java VM: OpenJDK 64-Bit Server VM Temurin-21.0.12.1+1 (21.0.12.1+1-LTS, mixed mode, sharing, tiered, compressed oops, compressed class ptrs, parallel gc, windows-amd64)
# No core dump will be written. Minidumps are not enabled by default on client versions of Windows
#

---------------  S U M M A R Y ------------

Command Line: --add-modules=ALL-SYSTEM --add-opens=java.base/java.util=ALL-UNNAMED --add-opens=java.base/java.lang=ALL-UNNAMED --add-opens=java.base/sun.nio.fs=ALL-UNNAMED -Declipse.application=org.eclipse.jdt.ls.core.id1 -Dosgi.bundles.defaultStartLevel=4 -Declipse.product=org.eclipse.jdt.ls.core.product -Djava.import.generatesMetadataFilesAtProjectRoot=false -Dm2e.project.cache.size=50 -DDetectVMInstallationsJob.disabled=true -Dfile.encoding=utf8 -XX:+UseParallelGC -XX:GCTimeRatio=4 -XX:AdaptiveSizePolicyWeight=90 -Dsun.zip.disableMemoryMapping=true -Xmx4G -Xms100m -Xlog:disable -javaagent:c:\Users\Dnyaneshwar Algule\.antigravity-ide\extensions\redhat.java-1.56.0-win32-x64\lombok\lombok-1.18.39-4050.jar c:\Users\Dnyaneshwar Algule\.antigravity-ide\extensions\redhat.java-1.56.0-win32-x64\server\plugins\org.eclipse.equinox.launcher_1.8.0.v20260804-1928.jar -configuration c:\Users\Dnyaneshwar Algule\AppData\Roaming\Antigravity IDE\User\globalStorage\redhat.java\1.56.0\config_ss_win -data c:\Users\Dnyaneshwar Algule\AppData\Roaming\Antigravity IDE\User\workspaceStorage\bdad3307725f4615a0471e24280ceca6\redhat.java\ss_ws --pipe=\\.\pipe\lsp-f4a7816c6320786b8ea093a1c9e7deb8-sock

Host: 11th Gen Intel(R) Core(TM) i3-1115G4 @ 3.00GHz, 4 cores, 7G,  Windows 11 , 64 bit Build 26100 (10.0.26100.9444)
Time: Thu Sep 17 10:42:50 2026 India Standard Time elapsed time: 41.851797 seconds (0d 0h 0m 41s)

---------------  T H R E A D  ---------------

Current thread (0x000002a17c8cea40):  JavaThread "C2 CompilerThread0" daemon [_thread_in_native, id=19560, stack(0x000000f2bfd00000,0x000000f2bfe00000) (1024K)]


Current CompileTask:
C2:41851 5555       4       org.lombokweb.asm.ClassReader::readMethod (1070 bytes)

Stack: [0x000000f2bfd00000,0x000000f2bfe00000]
Native frames: (J=compiled Java code, j=interpreted, Vv=VM code, C=native code)
V  [jvm.dll+0x6d83e9]
V  [jvm.dll+0x8b5736]
V  [jvm.dll+0x8b7cee]
V  [jvm.dll+0x8b83d3]
V  [jvm.dll+0x284596]
V  [jvm.dll+0xc685d]
V  [jvm.dll+0xc6da1]
V  [jvm.dll+0x3bf18b]
V  [jvm.dll+0x38b6d2]
V  [jvm.dll+0x38ab1a]
V  [jvm.dll+0x24c700]
V  [jvm.dll+0x24bce0]
V  [jvm.dll+0x1cb4ae]
V  [jvm.dll+0x25baad]
V  [jvm.dll+0x25a03a]
V  [jvm.dll+0x3f8aae]
V  [jvm.dll+0x8600cd]
V  [jvm.dll+0x6d6c1d]
C  [ucrtbase.dll+0x2cd30]
C  [KERNEL32.DLL+0x2cd87]
C  [ntdll.dll+0xacaec]


---------------  P R O C E S S  ---------------

Threads class SMR info:
_java_thread_list=0x000002a1542de7c0, length=28, elements={
0x000002a17056a1a0, 0x000002a17c8b8f30, 0x000002a17c8bd1e0, 0x000002a17c8bfa90,
0x000002a17c8c2500, 0x000002a17c8cb190, 0x000002a17c8cdc00, 0x000002a17c8cea40,
0x000002a17c8e93d0, 0x000002a17d7caee0, 0x000002a17d8e2500, 0x000002a17e14d400,
0x000002a17dfc9640, 0x000002a17e132460, 0x000002a17e144b50, 0x000002a17e3e9880,
0x000002a17f364510, 0x000002a17f366fa0, 0x000002a17e659260, 0x000002a17e6598f0,
0x000002a17e65a610, 0x000002a17e659f80, 0x000002a17e65aca0, 0x000002a17e65b330,
0x000002a17e65b9c0, 0x000002a17e658540, 0x000002a17e658bd0, 0x000002a1541d14e0
}

Java Threads: ( => current thread )
  0x000002a17056a1a0 JavaThread "main"                              [_thread_blocked, id=1548, stack(0x000000f2bf300000,0x000000f2bf400000) (1024K)]
  0x000002a17c8b8f30 JavaThread "Reference Handler"          daemon [_thread_blocked, id=10360, stack(0x000000f2bf700000,0x000000f2bf800000) (1024K)]
  0x000002a17c8bd1e0 JavaThread "Finalizer"                  daemon [_thread_blocked, id=14448, stack(0x000000f2bf800000,0x000000f2bf900000) (1024K)]
  0x000002a17c8bfa90 JavaThread "Signal Dispatcher"          daemon [_thread_blocked, id=19460, stack(0x000000f2bf900000,0x000000f2bfa00000) (1024K)]
  0x000002a17c8c2500 JavaThread "Attach Listener"            daemon [_thread_blocked, id=13348, stack(0x000000f2bfa00000,0x000000f2bfb00000) (1024K)]
  0x000002a17c8cb190 JavaThread "Service Thread"             daemon [_thread_blocked, id=2744, stack(0x000000f2bfb00000,0x000000f2bfc00000) (1024K)]
  0x000002a17c8cdc00 JavaThread "Monitor Deflation Thread"   daemon [_thread_blocked, id=17520, stack(0x000000f2bfc00000,0x000000f2bfd00000) (1024K)]
=>0x000002a17c8cea40 JavaThread "C2 CompilerThread0"         daemon [_thread_in_native, id=19560, stack(0x000000f2bfd00000,0x000000f2bfe00000) (1024K)]
  0x000002a17c8e93d0 JavaThread "C1 CompilerThread0"         daemon [_thread_blocked, id=12008, stack(0x000000f2bfe00000,0x000000f2bff00000) (1024K)]
  0x000002a17d7caee0 JavaThread "Common-Cleaner"             daemon [_thread_blocked, id=10228, stack(0x000000f2bff00000,0x000000f2c0000000) (1024K)]
  0x000002a17d8e2500 JavaThread "Notification Thread"        daemon [_thread_blocked, id=13112, stack(0x000000f2c0000000,0x000000f2c0100000) (1024K)]
  0x000002a17e14d400 JavaThread "Active Thread: Equinox Container: af556222-1c96-4dbc-8756-428b2ed2e072"        [_thread_blocked, id=16024, stack(0x000000f2c0400000,0x000000f2c0500000) (1024K)]
  0x000002a17dfc9640 JavaThread "Framework Event Dispatcher: Equinox Container: af556222-1c96-4dbc-8756-428b2ed2e072" daemon [_thread_blocked, id=7600, stack(0x000000f2c0500000,0x000000f2c0600000) (1024K)]
  0x000002a17e132460 JavaThread "Start Level: Equinox Container: af556222-1c96-4dbc-8756-428b2ed2e072" daemon [_thread_blocked, id=10696, stack(0x000000f2c0600000,0x000000f2c0700000) (1024K)]
  0x000002a17e144b50 JavaThread "SCR Component Actor"        daemon [_thread_blocked, id=14056, stack(0x000000f2c0700000,0x000000f2c0800000) (1024K)]
  0x000002a17e3e9880 JavaThread "Worker-JM"                         [_thread_blocked, id=16660, stack(0x000000f2c0800000,0x000000f2c0900000) (1024K)]
  0x000002a17f364510 JavaThread "JNA Cleaner"                daemon [_thread_blocked, id=19036, stack(0x000000f2c0900000,0x000000f2c0a00000) (1024K)]
  0x000002a17f366fa0 JavaThread "Worker-0: Publish Diagnostics"        [_thread_in_vm, id=2232, stack(0x000000f2c0a00000,0x000000f2c0b00000) (1024K)]
  0x000002a17e659260 JavaThread "Worker-1"                          [_thread_blocked, id=2752, stack(0x000000f2c0b00000,0x000000f2c0c00000) (1024K)]
  0x000002a17e6598f0 JavaThread "Thread-1"                   daemon [_thread_in_native, id=13636, stack(0x000000f2c0e00000,0x000000f2c0f00000) (1024K)]
  0x000002a17e65a610 JavaThread "Thread-2"                   daemon [_thread_in_native, id=13556, stack(0x000000f2c0f00000,0x000000f2c1000000) (1024K)]
  0x000002a17e659f80 JavaThread "Thread-3"                   daemon [_thread_in_native, id=13576, stack(0x000000f2c1000000,0x000000f2c1100000) (1024K)]
  0x000002a17e65aca0 JavaThread "Thread-4"                   daemon [_thread_in_native, id=9664, stack(0x000000f2c1100000,0x000000f2c1200000) (1024K)]
  0x000002a17e65b330 JavaThread "Thread-5"                   daemon [_thread_in_native, id=5356, stack(0x000000f2c1200000,0x000000f2c1300000) (1024K)]
  0x000002a17e65b9c0 JavaThread "pool-2-thread-1"                   [_thread_blocked, id=12060, stack(0x000000f2c1300000,0x000000f2c1400000) (1024K)]
  0x000002a17e658540 JavaThread "WorkspaceEventsHandler"            [_thread_blocked, id=10440, stack(0x000000f2c1400000,0x000000f2c1500000) (1024K)]
  0x000002a17e658bd0 JavaThread "pool-1-thread-1"                   [_thread_blocked, id=20504, stack(0x000000f2c1500000,0x000000f2c1600000) (1024K)]
  0x000002a1541d14e0 JavaThread "Worker-2"                          [_thread_blocked, id=11436, stack(0x000000f2c1600000,0x000000f2c1700000) (1024K)]
Total: 28

Other Threads:
  0x000002a17062b720 VMThread "VM Thread"                           [id=14352, stack(0x000000f2bf600000,0x000000f2bf700000) (1024K)]
  0x000002a1705d88d0 WatcherThread "VM Periodic Task Thread"        [id=20664, stack(0x000000f2bf500000,0x000000f2bf600000) (1024K)]
  0x000002a170589c10 WorkerThread "GC Thread#0"                     [id=1508, stack(0x000000f2bf400000,0x000000f2bf500000) (1024K)]
  0x000002a17dc2da50 WorkerThread "GC Thread#1"                     [id=18636, stack(0x000000f2c0100000,0x000000f2c0200000) (1024K)]
  0x000002a17dc2afc0 WorkerThread "GC Thread#2"                     [id=18640, stack(0x000000f2c0200000,0x000000f2c0300000) (1024K)]
  0x000002a17d94d340 WorkerThread "GC Thread#3"                     [id=18656, stack(0x000000f2c0300000,0x000000f2c0400000) (1024K)]
Total: 6

Threads with active compile tasks:
C2 CompilerThread0  41879 5555       4       org.lombokweb.asm.ClassReader::readMethod (1070 bytes)
Total: 1

VM state: not at safepoint (normal execution)

VM Mutex/Monitor currently owned by a thread: None

Heap address: 0x0000000700000000, size: 4096 MB, Compressed Oops mode: Zero based, Oop shift amount: 3

CDS archive(s) mapped at: [0x000002a10f000000-0x000002a10fba0000-0x000002a10fba0000), size 12189696, SharedBaseAddress: 0x000002a10f000000, ArchiveRelocationMode: 1.
Compressed class space mapped at: 0x000002a110000000-0x000002a150000000, reserved size: 1073741824
Narrow klass base: 0x000002a10f000000, Narrow klass shift: 0, Narrow klass range: 0x100000000

GC Precious Log:
 CardTable entry size: 512
 CPUs: 4 total, 4 available
 Memory: 7886M
 Large Page Support: Disabled
 NUMA Support: Disabled
 Compressed Oops: Enabled (Zero based)
 Alignments: Space 512K, Generation 512K, Heap 2M
 Heap Min Capacity: 100M
 Heap Initial Capacity: 100M
 Heap Max Capacity: 4G
 Pre-touch: Disabled
 Parallel Workers: 4

Heap:
 PSYoungGen      total 25088K, used 3608K [0x00000007aab00000, 0x00000007ac580000, 0x0000000800000000)
  eden space 22016K, 11% used [0x00000007aab00000,0x00000007aad66260,0x00000007ac080000)
  from space 3072K, 37% used [0x00000007ac080000,0x00000007ac19fda0,0x00000007ac380000)
  to   space 2048K, 0% used [0x00000007ac380000,0x00000007ac380000,0x00000007ac580000)
 ParOldGen       total 68608K, used 46044K [0x0000000700000000, 0x0000000704300000, 0x00000007aab00000)
  object space 68608K, 67% used [0x0000000700000000,0x0000000702cf72e0,0x0000000704300000)
 Metaspace       used 40141K, committed 41152K, reserved 1114112K
  class space    used 4063K, committed 4480K, reserved 1048576K

Card table byte_map: [0x000002a173770000,0x000002a173f80000] _byte_map_base: 0x000002a16ff70000

Marking Bits: (ParMarkBitMap*) 0x00007fff293844a0
 Begin Bits: [0x000002a173f80000, 0x000002a177f80000)
 End Bits:   [0x000002a177f80000, 0x000002a17bf80000)

Polling page: 0x000002a16e390000

Metaspace:

Usage:
  Non-class:     35.23 MB used.
      Class:      3.97 MB used.
       Both:     39.20 MB used.

Virtual space:
  Non-class space:       64.00 MB reserved,      35.81 MB ( 56%) committed,  1 nodes.
      Class space:        1.00 GB reserved,       4.38 MB ( <1%) committed,  1 nodes.
             Both:        1.06 GB reserved,      40.19 MB (  4%) committed. 

Chunk freelists:
   Non-Class:  11.67 MB
       Class:  11.60 MB
        Both:  23.28 MB

MaxMetaspaceSize: unlimited
CompressedClassSpaceSize: 1.00 GB
Initial GC threshold: 21.00 MB
Current GC threshold: 58.38 MB
CDS: on
 - commit_granule_bytes: 65536.
 - commit_granule_words: 8192.
 - virtual_space_node_default_size: 8388608.
 - enlarge_chunks_in_place: 1.
 - use_allocation_guard: 0.


Internal statistics:

num_allocs_failed_limit: 6.
num_arena_births: 746.
num_arena_deaths: 14.
num_vsnodes_births: 2.
num_vsnodes_deaths: 0.
num_space_committed: 643.
num_space_uncommitted: 0.
num_chunks_returned_to_freelist: 20.
num_chunks_taken_from_freelist: 2391.
num_chunk_merges: 9.
num_chunk_splits: 1544.
num_chunks_enlarged: 986.
num_inconsistent_stats: 0.

CodeHeap 'non-profiled nmethods': size=120000Kb used=3040Kb max_used=3040Kb free=116959Kb
 bounds [0x000002a107ad0000, 0x000002a107dd0000, 0x000002a10f000000]
CodeHeap 'profiled nmethods': size=120000Kb used=10822Kb max_used=10822Kb free=109177Kb
 bounds [0x000002a100000000, 0x000002a100aa0000, 0x000002a107530000]
CodeHeap 'non-nmethods': size=5760Kb used=1403Kb max_used=1452Kb free=4356Kb
 bounds [0x000002a107530000, 0x000002a1077a0000, 0x000002a107ad0000]
CodeCache: size=245760Kb, used=15265Kb, max_used=15314Kb, free=230492Kb
 total_blobs=5830, nmethods=5130, adapters=605, full_count=0
Compilation: enabled, stopped_count=0, restarted_count=0

Compilation events (20 events):
Event: 41.301 Thread 0x000002a17c8e93d0 nmethod 5550 0x000002a100a82c10 code [0x000002a100a82dc0, 0x000002a100a82fb8]
Event: 41.301 Thread 0x000002a17c8e93d0 5551       3       org.lombokweb.asm.Handler::putExceptionTable (63 bytes)
Event: 41.301 Thread 0x000002a17c8e93d0 nmethod 5551 0x000002a100a83110 code [0x000002a100a83320, 0x000002a100a83770]
Event: 41.306 Thread 0x000002a17c8e93d0 5553       3       org.lombokweb.asm.MethodWriter::visitIntInsn (113 bytes)
Event: 41.306 Thread 0x000002a17c8e93d0 nmethod 5553 0x000002a100a83a10 code [0x000002a100a83c00, 0x000002a100a84060]
Event: 41.309 Thread 0x000002a17c8e93d0 5554       3       org.lombokweb.asm.MethodVisitor::visitIntInsn (17 bytes)
Event: 41.309 Thread 0x000002a17c8e93d0 nmethod 5554 0x000002a100a84190 code [0x000002a100a84340, 0x000002a100a84550]
Event: 41.461 Thread 0x000002a17c8e93d0 5556       3       org.lombokweb.asm.MethodVisitor::visitCode (15 bytes)
Event: 41.461 Thread 0x000002a17c8e93d0 nmethod 5556 0x000002a100a84610 code [0x000002a100a847c0, 0x000002a100a849d0]
Event: 41.678 Thread 0x000002a17c8e93d0 5557       3       org.lombokweb.asm.MethodVisitor::visitMaxs (17 bytes)
Event: 41.680 Thread 0x000002a17c8e93d0 nmethod 5557 0x000002a100a84a90 code [0x000002a100a84c40, 0x000002a100a84e50]
Event: 41.700 Thread 0x000002a17c8cea40 nmethod 5547% 0x000002a107db8c10 code [0x000002a107db92c0, 0x000002a107dc1d70]
Event: 41.701 Thread 0x000002a17c8cea40 5555       4       org.lombokweb.asm.ClassReader::readMethod (1070 bytes)
Event: 41.765 Thread 0x000002a17c8e93d0 5558       3       org.lombokweb.asm.MethodVisitor::visitEnd (15 bytes)
Event: 41.766 Thread 0x000002a17c8e93d0 nmethod 5558 0x000002a100a84f10 code [0x000002a100a850c0, 0x000002a100a852d0]
Event: 41.838 Thread 0x000002a17c8e93d0 5560       3       java.util.regex.Pattern$Slice::match (79 bytes)
Event: 41.838 Thread 0x000002a17c8e93d0 nmethod 5560 0x000002a100a85390 code [0x000002a100a85580, 0x000002a100a85a10]
Event: 41.847 Thread 0x000002a17c8e93d0 5562       3       org.lombokweb.asm.MethodWriter::visitLdcInsn (215 bytes)
Event: 41.849 Thread 0x000002a17c8e93d0 nmethod 5562 0x000002a100a85b90 code [0x000002a100a85e20, 0x000002a100a86948]
Event: 41.850 Thread 0x000002a17c8e93d0 5563       3       org.lombokweb.asm.ClassReader::accept (1419 bytes)

GC Heap History (20 events):
Event: 30.468 GC heap before
{Heap before GC invocations=16 (full 1):
 PSYoungGen      total 24576K, used 24561K [0x00000007aab00000, 0x00000007acc00000, 0x0000000800000000)
  eden space 22016K, 100% used [0x00000007aab00000,0x00000007ac080000,0x00000007ac080000)
  from space 2560K, 99% used [0x00000007ac980000,0x00000007acbfc420,0x00000007acc00000)
  to   space 3072K, 0% used [0x00000007ac600000,0x00000007ac600000,0x00000007ac900000)
 ParOldGen       total 68608K, used 32173K [0x0000000700000000, 0x0000000704300000, 0x00000007aab00000)
  object space 68608K, 46% used [0x0000000700000000,0x0000000701f6b568,0x0000000704300000)
 Metaspace       used 32865K, committed 33792K, reserved 1114112K
  class space    used 3302K, committed 3648K, reserved 1048576K
}
Event: 30.473 GC heap after
{Heap after GC invocations=16 (full 1):
 PSYoungGen      total 25088K, used 2594K [0x00000007aab00000, 0x00000007aca00000, 0x0000000800000000)
  eden space 22016K, 0% used [0x00000007aab00000,0x00000007aab00000,0x00000007ac080000)
  from space 3072K, 84% used [0x00000007ac600000,0x00000007ac888810,0x00000007ac900000)
  to   space 1024K, 0% used [0x00000007ac900000,0x00000007ac900000,0x00000007aca00000)
 ParOldGen       total 68608K, used 34488K [0x0000000700000000, 0x0000000704300000, 0x00000007aab00000)
  object space 68608K, 50% used [0x0000000700000000,0x00000007021ae260,0x0000000704300000)
 Metaspace       used 32865K, committed 33792K, reserved 1114112K
  class space    used 3302K, committed 3648K, reserved 1048576K
}
Event: 30.584 GC heap before
{Heap before GC invocations=17 (full 1):
 PSYoungGen      total 25088K, used 24610K [0x00000007aab00000, 0x00000007aca00000, 0x0000000800000000)
  eden space 22016K, 100% used [0x00000007aab00000,0x00000007ac080000,0x00000007ac080000)
  from space 3072K, 84% used [0x00000007ac600000,0x00000007ac888810,0x00000007ac900000)
  to   space 1024K, 0% used [0x00000007ac900000,0x00000007ac900000,0x00000007aca00000)
 ParOldGen       total 68608K, used 34488K [0x0000000700000000, 0x0000000704300000, 0x00000007aab00000)
  object space 68608K, 50% used [0x0000000700000000,0x00000007021ae260,0x0000000704300000)
 Metaspace       used 32868K, committed 33792K, reserved 1114112K
  class space    used 3302K, committed 3648K, reserved 1048576K
}
Event: 30.588 GC heap after
{Heap after GC invocations=17 (full 1):
 PSYoungGen      total 23040K, used 1024K [0x00000007aab00000, 0x00000007acb80000, 0x0000000800000000)
  eden space 22016K, 0% used [0x00000007aab00000,0x00000007aab00000,0x00000007ac080000)
  from space 1024K, 100% used [0x00000007ac900000,0x00000007aca00000,0x00000007aca00000)
  to   space 5632K, 0% used [0x00000007ac080000,0x00000007ac080000,0x00000007ac600000)
 ParOldGen       total 68608K, used 38239K [0x0000000700000000, 0x0000000704300000, 0x00000007aab00000)
  object space 68608K, 55% used [0x0000000700000000,0x0000000702557d20,0x0000000704300000)
 Metaspace       used 32868K, committed 33792K, reserved 1114112K
  class space    used 3302K, committed 3648K, reserved 1048576K
}
Event: 30.716 GC heap before
{Heap before GC invocations=18 (full 1):
 PSYoungGen      total 23040K, used 23040K [0x00000007aab00000, 0x00000007acb80000, 0x0000000800000000)
  eden space 22016K, 100% used [0x00000007aab00000,0x00000007ac080000,0x00000007ac080000)
  from space 1024K, 100% used [0x00000007ac900000,0x00000007aca00000,0x00000007aca00000)
  to   space 5632K, 0% used [0x00000007ac080000,0x00000007ac080000,0x00000007ac600000)
 ParOldGen       total 68608K, used 38239K [0x0000000700000000, 0x0000000704300000, 0x00000007aab00000)
  object space 68608K, 55% used [0x0000000700000000,0x0000000702557d20,0x0000000704300000)
 Metaspace       used 32904K, committed 33856K, reserved 1114112K
  class space    used 3303K, committed 3712K, reserved 1048576K
}
Event: 30.720 GC heap after
{Heap after GC invocations=18 (full 1):
 PSYoungGen      total 27648K, used 2432K [0x00000007aab00000, 0x00000007ac980000, 0x0000000800000000)
  eden space 22016K, 0% used [0x00000007aab00000,0x00000007aab00000,0x00000007ac080000)
  from space 5632K, 43% used [0x00000007ac080000,0x00000007ac2e0010,0x00000007ac600000)
  to   space 3584K, 0% used [0x00000007ac600000,0x00000007ac600000,0x00000007ac980000)
 ParOldGen       total 68608K, used 39271K [0x0000000700000000, 0x0000000704300000, 0x00000007aab00000)
  object space 68608K, 57% used [0x0000000700000000,0x0000000702659d20,0x0000000704300000)
 Metaspace       used 32904K, committed 33856K, reserved 1114112K
  class space    used 3303K, committed 3712K, reserved 1048576K
}
Event: 30.974 GC heap before
{Heap before GC invocations=19 (full 1):
 PSYoungGen      total 27648K, used 24448K [0x00000007aab00000, 0x00000007ac980000, 0x0000000800000000)
  eden space 22016K, 100% used [0x00000007aab00000,0x00000007ac080000,0x00000007ac080000)
  from space 5632K, 43% used [0x00000007ac080000,0x00000007ac2e0010,0x00000007ac600000)
  to   space 3584K, 0% used [0x00000007ac600000,0x00000007ac600000,0x00000007ac980000)
 ParOldGen       total 68608K, used 39271K [0x0000000700000000, 0x0000000704300000, 0x00000007aab00000)
  object space 68608K, 57% used [0x0000000700000000,0x0000000702659d20,0x0000000704300000)
 Metaspace       used 33900K, committed 34816K, reserved 1114112K
  class space    used 3442K, committed 3776K, reserved 1048576K
}
Event: 30.979 GC heap after
{Heap after GC invocations=19 (full 1):
 PSYoungGen      total 24064K, used 1812K [0x00000007aab00000, 0x00000007ac800000, 0x0000000800000000)
  eden space 22016K, 0% used [0x00000007aab00000,0x00000007aab00000,0x00000007ac080000)
  from space 2048K, 88% used [0x00000007ac600000,0x00000007ac7c5148,0x00000007ac800000)
  to   space 2560K, 0% used [0x00000007ac300000,0x00000007ac300000,0x00000007ac580000)
 ParOldGen       total 68608K, used 41679K [0x0000000700000000, 0x0000000704300000, 0x00000007aab00000)
  object space 68608K, 60% used [0x0000000700000000,0x00000007028b3d30,0x0000000704300000)
 Metaspace       used 33900K, committed 34816K, reserved 1114112K
  class space    used 3442K, committed 3776K, reserved 1048576K
}
Event: 31.406 GC heap before
{Heap before GC invocations=20 (full 1):
 PSYoungGen      total 24064K, used 16903K [0x00000007aab00000, 0x00000007ac800000, 0x0000000800000000)
  eden space 22016K, 68% used [0x00000007aab00000,0x00000007ab9bcae8,0x00000007ac080000)
  from space 2048K, 88% used [0x00000007ac600000,0x00000007ac7c5148,0x00000007ac800000)
  to   space 2560K, 0% used [0x00000007ac300000,0x00000007ac300000,0x00000007ac580000)
 ParOldGen       total 68608K, used 41679K [0x0000000700000000, 0x0000000704300000, 0x00000007aab00000)
  object space 68608K, 60% used [0x0000000700000000,0x00000007028b3d30,0x0000000704300000)
 Metaspace       used 34909K, committed 35840K, reserved 1114112K
  class space    used 3573K, committed 3968K, reserved 1048576K
}
Event: 31.409 GC heap after
{Heap after GC invocations=20 (full 1):
 PSYoungGen      total 24576K, used 440K [0x00000007aab00000, 0x00000007ac680000, 0x0000000800000000)
  eden space 22016K, 0% used [0x00000007aab00000,0x00000007aab00000,0x00000007ac080000)
  from space 2560K, 17% used [0x00000007ac300000,0x00000007ac36e2e8,0x00000007ac580000)
  to   space 1024K, 0% used [0x00000007ac580000,0x00000007ac580000,0x00000007ac680000)
 ParOldGen       total 68608K, used 43311K [0x0000000700000000, 0x0000000704300000, 0x00000007aab00000)
  object space 68608K, 63% used [0x0000000700000000,0x0000000702a4beb0,0x0000000704300000)
 Metaspace       used 34909K, committed 35840K, reserved 1114112K
  class space    used 3573K, committed 3968K, reserved 1048576K
}
Event: 31.409 GC heap before
{Heap before GC invocations=21 (full 2):
 PSYoungGen      total 24576K, used 440K [0x00000007aab00000, 0x00000007ac680000, 0x0000000800000000)
  eden space 22016K, 0% used [0x00000007aab00000,0x00000007aab00000,0x00000007ac080000)
  from space 2560K, 17% used [0x00000007ac300000,0x00000007ac36e2e8,0x00000007ac580000)
  to   space 1024K, 0% used [0x00000007ac580000,0x00000007ac580000,0x00000007ac680000)
 ParOldGen       total 68608K, used 43311K [0x0000000700000000, 0x0000000704300000, 0x00000007aab00000)
  object space 68608K, 63% used [0x0000000700000000,0x0000000702a4beb0,0x0000000704300000)
 Metaspace       used 34909K, committed 35840K, reserved 1114112K
  class space    used 3573K, committed 3968K, reserved 1048576K
}
Event: 31.486 GC heap after
{Heap after GC invocations=21 (full 2):
 PSYoungGen      total 24576K, used 0K [0x00000007aab00000, 0x00000007ac680000, 0x0000000800000000)
  eden space 22016K, 0% used [0x00000007aab00000,0x00000007aab00000,0x00000007ac080000)
  from space 2560K, 0% used [0x00000007ac300000,0x00000007ac300000,0x00000007ac580000)
  to   space 1024K, 0% used [0x00000007ac580000,0x00000007ac580000,0x00000007ac680000)
 ParOldGen       total 68608K, used 42392K [0x0000000700000000, 0x0000000704300000, 0x00000007aab00000)
  object space 68608K, 61% used [0x0000000700000000,0x0000000702966260,0x0000000704300000)
 Metaspace       used 34909K, committed 35840K, reserved 1114112K
  class space    used 3573K, committed 3968K, reserved 1048576K
}
Event: 32.121 GC heap before
{Heap before GC invocations=22 (full 2):
 PSYoungGen      total 24576K, used 22016K [0x00000007aab00000, 0x00000007ac680000, 0x0000000800000000)
  eden space 22016K, 100% used [0x00000007aab00000,0x00000007ac080000,0x00000007ac080000)
  from space 2560K, 0% used [0x00000007ac300000,0x00000007ac300000,0x00000007ac580000)
  to   space 1024K, 0% used [0x00000007ac580000,0x00000007ac580000,0x00000007ac680000)
 ParOldGen       total 68608K, used 42392K [0x0000000700000000, 0x0000000704300000, 0x00000007aab00000)
  object space 68608K, 61% used [0x0000000700000000,0x0000000702966260,0x0000000704300000)
 Metaspace       used 36515K, committed 37440K, reserved 1114112K
  class space    used 3717K, committed 4096K, reserved 1048576K
}
Event: 32.123 GC heap after
{Heap after GC invocations=22 (full 2):
 PSYoungGen      total 22528K, used 416K [0x00000007aab00000, 0x00000007ac600000, 0x0000000800000000)
  eden space 22016K, 0% used [0x00000007aab00000,0x00000007aab00000,0x00000007ac080000)
  from space 512K, 81% used [0x00000007ac580000,0x00000007ac5e8000,0x00000007ac600000)
  to   space 1024K, 0% used [0x00000007ac400000,0x00000007ac400000,0x00000007ac500000)
 ParOldGen       total 68608K, used 42400K [0x0000000700000000, 0x0000000704300000, 0x00000007aab00000)
  object space 68608K, 61% used [0x0000000700000000,0x0000000702968260,0x0000000704300000)
 Metaspace       used 36515K, committed 37440K, reserved 1114112K
  class space    used 3717K, committed 4096K, reserved 1048576K
}
Event: 40.605 GC heap before
{Heap before GC invocations=23 (full 2):
 PSYoungGen      total 22528K, used 22432K [0x00000007aab00000, 0x00000007ac600000, 0x0000000800000000)
  eden space 22016K, 100% used [0x00000007aab00000,0x00000007ac080000,0x00000007ac080000)
  from space 512K, 81% used [0x00000007ac580000,0x00000007ac5e8000,0x00000007ac600000)
  to   space 1024K, 0% used [0x00000007ac400000,0x00000007ac400000,0x00000007ac500000)
 ParOldGen       total 68608K, used 42400K [0x0000000700000000, 0x0000000704300000, 0x00000007aab00000)
  object space 68608K, 61% used [0x0000000700000000,0x0000000702968260,0x0000000704300000)
 Metaspace       used 39480K, committed 40448K, reserved 1114112K
  class space    used 4009K, committed 4416K, reserved 1048576K
}
Event: 40.608 GC heap after
{Heap after GC invocations=23 (full 2):
 PSYoungGen      total 23040K, used 1023K [0x00000007aab00000, 0x00000007ac600000, 0x0000000800000000)
  eden space 22016K, 0% used [0x00000007aab00000,0x00000007aab00000,0x00000007ac080000)
  from space 1024K, 99% used [0x00000007ac400000,0x00000007ac4ffee8,0x00000007ac500000)
  to   space 1024K, 0% used [0x00000007ac500000,0x00000007ac500000,0x00000007ac600000)
 ParOldGen       total 68608K, used 43226K [0x0000000700000000, 0x0000000704300000, 0x00000007aab00000)
  object space 68608K, 63% used [0x0000000700000000,0x0000000702a36990,0x0000000704300000)
 Metaspace       used 39480K, committed 40448K, reserved 1114112K
  class space    used 4009K, committed 4416K, reserved 1048576K
}
Event: 41.167 GC heap before
{Heap before GC invocations=24 (full 2):
 PSYoungGen      total 23040K, used 23039K [0x00000007aab00000, 0x00000007ac600000, 0x0000000800000000)
  eden space 22016K, 100% used [0x00000007aab00000,0x00000007ac080000,0x00000007ac080000)
  from space 1024K, 99% used [0x00000007ac400000,0x00000007ac4ffee8,0x00000007ac500000)
  to   space 1024K, 0% used [0x00000007ac500000,0x00000007ac500000,0x00000007ac600000)
 ParOldGen       total 68608K, used 43226K [0x0000000700000000, 0x0000000704300000, 0x00000007aab00000)
  object space 68608K, 63% used [0x0000000700000000,0x0000000702a36990,0x0000000704300000)
 Metaspace       used 40091K, committed 41088K, reserved 1114112K
  class space    used 4062K, committed 4480K, reserved 1048576K
}
Event: 41.170 GC heap after
{Heap after GC invocations=24 (full 2):
 PSYoungGen      total 23040K, used 1004K [0x00000007aab00000, 0x00000007ac680000, 0x0000000800000000)
  eden space 22016K, 0% used [0x00000007aab00000,0x00000007aab00000,0x00000007ac080000)
  from space 1024K, 98% used [0x00000007ac500000,0x00000007ac5fb0b0,0x00000007ac600000)
  to   space 3072K, 0% used [0x00000007ac080000,0x00000007ac080000,0x00000007ac380000)
 ParOldGen       total 68608K, used 45047K [0x0000000700000000, 0x0000000704300000, 0x00000007aab00000)
  object space 68608K, 65% used [0x0000000700000000,0x0000000702bfdf50,0x0000000704300000)
 Metaspace       used 40091K, committed 41088K, reserved 1114112K
  class space    used 4062K, committed 4480K, reserved 1048576K
}
Event: 41.841 GC heap before
{Heap before GC invocations=25 (full 2):
 PSYoungGen      total 23040K, used 22850K [0x00000007aab00000, 0x00000007ac680000, 0x0000000800000000)
  eden space 22016K, 99% used [0x00000007aab00000,0x00000007ac0557f0,0x00000007ac080000)
  from space 1024K, 98% used [0x00000007ac500000,0x00000007ac5fb0b0,0x00000007ac600000)
  to   space 3072K, 0% used [0x00000007ac080000,0x00000007ac080000,0x00000007ac380000)
 ParOldGen       total 68608K, used 45047K [0x0000000700000000, 0x0000000704300000, 0x00000007aab00000)
  object space 68608K, 65% used [0x0000000700000000,0x0000000702bfdf50,0x0000000704300000)
 Metaspace       used 40126K, committed 41088K, reserved 1114112K
  class space    used 4063K, committed 4480K, reserved 1048576K
}
Event: 41.843 GC heap after
{Heap after GC invocations=25 (full 2):
 PSYoungGen      total 25088K, used 1151K [0x00000007aab00000, 0x00000007ac580000, 0x0000000800000000)
  eden space 22016K, 0% used [0x00000007aab00000,0x00000007aab00000,0x00000007ac080000)
  from space 3072K, 37% used [0x00000007ac080000,0x00000007ac19fda0,0x00000007ac380000)
  to   space 2048K, 0% used [0x00000007ac380000,0x00000007ac380000,0x00000007ac580000)
 ParOldGen       total 68608K, used 46044K [0x0000000700000000, 0x0000000704300000, 0x00000007aab00000)
  object space 68608K, 67% used [0x0000000700000000,0x0000000702cf72e0,0x0000000704300000)
 Metaspace       used 40126K, committed 41088K, reserved 1114112K
  class space    used 4063K, committed 4480K, reserved 1048576K
}

Dll operation events (20 events):
Event: 0.020 Attempting to load shared library c:\Users\Dnyaneshwar Algule\.antigravity-ide\extensions\redhat.java-1.56.0-win32-x64\jre\21.0.12.1-win32-x86_64\bin\java.dll
Event: 0.020 Loaded shared library c:\Users\Dnyaneshwar Algule\.antigravity-ide\extensions\redhat.java-1.56.0-win32-x64\jre\21.0.12.1-win32-x86_64\bin\java.dll
Event: 0.180 Attempting to load shared library c:\Users\Dnyaneshwar Algule\.antigravity-ide\extensions\redhat.java-1.56.0-win32-x64\jre\21.0.12.1-win32-x86_64\bin\zip.dll
Event: 0.181 Loaded shared library c:\Users\Dnyaneshwar Algule\.antigravity-ide\extensions\redhat.java-1.56.0-win32-x64\jre\21.0.12.1-win32-x86_64\bin\zip.dll
Event: 0.224 Attempting to load shared library C:\Users\Dnyaneshwar Algule\.antigravity-ide\extensions\redhat.java-1.56.0-win32-x64\jre\21.0.12.1-win32-x86_64\bin\instrument.dll
Event: 0.224 Loaded shared library C:\Users\Dnyaneshwar Algule\.antigravity-ide\extensions\redhat.java-1.56.0-win32-x64\jre\21.0.12.1-win32-x86_64\bin\instrument.dll
Event: 0.232 Attempting to load shared library C:\Users\Dnyaneshwar Algule\.antigravity-ide\extensions\redhat.java-1.56.0-win32-x64\jre\21.0.12.1-win32-x86_64\bin\net.dll
Event: 0.233 Loaded shared library C:\Users\Dnyaneshwar Algule\.antigravity-ide\extensions\redhat.java-1.56.0-win32-x64\jre\21.0.12.1-win32-x86_64\bin\net.dll
Event: 0.236 Attempting to load shared library C:\Users\Dnyaneshwar Algule\.antigravity-ide\extensions\redhat.java-1.56.0-win32-x64\jre\21.0.12.1-win32-x86_64\bin\nio.dll
Event: 0.260 Loaded shared library C:\Users\Dnyaneshwar Algule\.antigravity-ide\extensions\redhat.java-1.56.0-win32-x64\jre\21.0.12.1-win32-x86_64\bin\nio.dll
Event: 0.272 Attempting to load shared library C:\Users\Dnyaneshwar Algule\.antigravity-ide\extensions\redhat.java-1.56.0-win32-x64\jre\21.0.12.1-win32-x86_64\bin\zip.dll
Event: 0.272 Loaded shared library C:\Users\Dnyaneshwar Algule\.antigravity-ide\extensions\redhat.java-1.56.0-win32-x64\jre\21.0.12.1-win32-x86_64\bin\zip.dll
Event: 0.559 Attempting to load shared library C:\Users\Dnyaneshwar Algule\.antigravity-ide\extensions\redhat.java-1.56.0-win32-x64\jre\21.0.12.1-win32-x86_64\bin\jimage.dll
Event: 0.559 Loaded shared library C:\Users\Dnyaneshwar Algule\.antigravity-ide\extensions\redhat.java-1.56.0-win32-x64\jre\21.0.12.1-win32-x86_64\bin\jimage.dll
Event: 0.758 Attempting to load shared library c:\Users\Dnyaneshwar Algule\.antigravity-ide\extensions\redhat.java-1.56.0-win32-x64\jre\21.0.12.1-win32-x86_64\bin\verify.dll
Event: 0.759 Loaded shared library c:\Users\Dnyaneshwar Algule\.antigravity-ide\extensions\redhat.java-1.56.0-win32-x64\jre\21.0.12.1-win32-x86_64\bin\verify.dll
Event: 4.313 Attempting to load shared library C:\Users\Dnyaneshwar Algule\AppData\Roaming\Antigravity IDE\User\globalStorage\redhat.java\1.56.0\config_ss_win\org.eclipse.equinox.launcher\org.eclipse.equinox.launcher.win32.win32.x86_64_1.3.100.v20260804-1928\eclipse_1
Event: 4.320 Loaded shared library C:\Users\Dnyaneshwar Algule\AppData\Roaming\Antigravity IDE\User\globalStorage\redhat.java\1.56.0\config_ss_win\org.eclipse.equinox.launcher\org.eclipse.equinox.launcher.win32.win32.x86_64_1.3.100.v20260804-1928\eclipse_11924.dll
Event: 7.371 Attempting to load shared library C:\Users\Dnyaneshwar Algule\AppData\Local\Temp\jna--1296876824\jna14300275421086104674.dll
Event: 7.926 Loaded shared library C:\Users\Dnyaneshwar Algule\AppData\Local\Temp\jna--1296876824\jna14300275421086104674.dll

Deoptimization events (20 events):
Event: 41.836 Thread 0x000002a17f366fa0 DEOPT PACKING pc=0x000002a100533185 sp=0x000000f2c0af8fd0
Event: 41.836 Thread 0x000002a17f366fa0 DEOPT UNPACKING pc=0x000002a1075878e2 sp=0x000000f2c0af8480 mode 0
Event: 41.837 Thread 0x000002a17f366fa0 DEOPT PACKING pc=0x000002a100533185 sp=0x000000f2c0af8770
Event: 41.837 Thread 0x000002a17f366fa0 DEOPT UNPACKING pc=0x000002a1075878e2 sp=0x000000f2c0af7c20 mode 0
Event: 41.837 Thread 0x000002a17f366fa0 DEOPT PACKING pc=0x000002a100533185 sp=0x000000f2c0af8a90
Event: 41.837 Thread 0x000002a17f366fa0 DEOPT UNPACKING pc=0x000002a1075878e2 sp=0x000000f2c0af7f40 mode 0
Event: 41.838 Thread 0x000002a17f366fa0 DEOPT PACKING pc=0x000002a100533185 sp=0x000000f2c0af8a90
Event: 41.838 Thread 0x000002a17f366fa0 DEOPT UNPACKING pc=0x000002a1075878e2 sp=0x000000f2c0af7f40 mode 0
Event: 41.838 Thread 0x000002a17f366fa0 DEOPT PACKING pc=0x000002a100533185 sp=0x000000f2c0af8fd0
Event: 41.838 Thread 0x000002a17f366fa0 DEOPT UNPACKING pc=0x000002a1075878e2 sp=0x000000f2c0af8480 mode 0
Event: 41.838 Thread 0x000002a17f366fa0 DEOPT PACKING pc=0x000002a100533185 sp=0x000000f2c0af9110
Event: 41.838 Thread 0x000002a17f366fa0 DEOPT UNPACKING pc=0x000002a1075878e2 sp=0x000000f2c0af85c0 mode 0
Event: 41.839 Thread 0x000002a17f366fa0 DEOPT PACKING pc=0x000002a100533185 sp=0x000000f2c0af8fd0
Event: 41.839 Thread 0x000002a17f366fa0 DEOPT UNPACKING pc=0x000002a1075878e2 sp=0x000000f2c0af8480 mode 0
Event: 41.839 Thread 0x000002a17f366fa0 DEOPT PACKING pc=0x000002a100533185 sp=0x000000f2c0af8fd0
Event: 41.839 Thread 0x000002a17f366fa0 DEOPT UNPACKING pc=0x000002a1075878e2 sp=0x000000f2c0af8480 mode 0
Event: 41.840 Thread 0x000002a17f366fa0 DEOPT PACKING pc=0x000002a100533185 sp=0x000000f2c0af8a90
Event: 41.840 Thread 0x000002a17f366fa0 DEOPT UNPACKING pc=0x000002a1075878e2 sp=0x000000f2c0af7f40 mode 0
Event: 41.849 Thread 0x000002a17f366fa0 DEOPT PACKING pc=0x000002a10055f7c9 sp=0x000000f2c0af9820
Event: 41.849 Thread 0x000002a17f366fa0 DEOPT UNPACKING pc=0x000002a1075878e2 sp=0x000000f2c0af8dc8 mode 0

Classes loaded (20 events):
Event: 29.900 Loading class java/nio/channels/NonWritableChannelException
Event: 29.900 Loading class java/nio/channels/NonWritableChannelException done
Event: 30.850 Loading class java/lang/ExceptionInInitializerError
Event: 30.850 Loading class java/lang/ExceptionInInitializerError done
Event: 31.084 Loading class sun/misc/Unsafe
Event: 31.085 Loading class sun/misc/Unsafe done
Event: 31.542 Loading class java/util/Vector$1
Event: 31.542 Loading class java/util/Vector$1 done
Event: 31.994 Loading class java/util/regex/Pattern$Caret
Event: 31.995 Loading class java/util/regex/Pattern$Caret done
Event: 32.117 Loading class java/util/Hashtable$ValueCollection
Event: 32.117 Loading class java/util/Hashtable$ValueCollection done
Event: 32.290 Loading class java/util/WeakHashMap$KeyIterator
Event: 32.291 Loading class java/util/WeakHashMap$KeyIterator done
Event: 33.507 Loading class java/util/stream/ReduceOps$4
Event: 33.507 Loading class java/util/stream/ReduceOps$4 done
Event: 33.507 Loading class java/util/stream/ReduceOps$4ReducingSink
Event: 33.508 Loading class java/util/stream/ReduceOps$4ReducingSink done
Event: 40.611 Loading class java/util/regex/Pattern$Pos
Event: 40.611 Loading class java/util/regex/Pattern$Pos done

Classes unloaded (7 events):
Event: 9.512 Thread 0x000002a17062b720 Unloading class 0x000002a110194c00 'java/lang/invoke/LambdaForm$MH+0x000002a110194c00'
Event: 9.512 Thread 0x000002a17062b720 Unloading class 0x000002a110194800 'java/lang/invoke/LambdaForm$MH+0x000002a110194800'
Event: 9.512 Thread 0x000002a17062b720 Unloading class 0x000002a110194400 'java/lang/invoke/LambdaForm$MH+0x000002a110194400'
Event: 9.512 Thread 0x000002a17062b720 Unloading class 0x000002a110194000 'java/lang/invoke/LambdaForm$MH+0x000002a110194000'
Event: 9.512 Thread 0x000002a17062b720 Unloading class 0x000002a110193c00 'java/lang/invoke/LambdaForm$BMH+0x000002a110193c00'
Event: 9.512 Thread 0x000002a17062b720 Unloading class 0x000002a110193800 'java/lang/invoke/LambdaForm$DMH+0x000002a110193800'
Event: 9.512 Thread 0x000002a17062b720 Unloading class 0x000002a110192400 'java/lang/invoke/LambdaForm$DMH+0x000002a110192400'

Classes redefined (0 events):
No events

Internal exceptions (20 events):
Event: 18.478 Thread 0x000002a17e658bd0 Exception <a 'java/lang/IncompatibleClassChangeError'{0x00000007aab626c0}: Found class java.lang.Object, but interface was expected> (0x00000007aab626c0) 
thrown [s\src\hotspot\share\interpreter\linkResolver.cpp, line 840]
Event: 29.036 Thread 0x000002a17e658bd0 Exception <a 'java/lang/NoSuchMethodError'{0x00000007ab0bf1a0}: 'long java.lang.invoke.DirectMethodHandle$Holder.invokeStatic(java.lang.Object, java.lang.Object, int)'> (0x00000007ab0bf1a0) 
thrown [s\src\hotspot\share\interpreter\linkResolver.cpp, line 773]
Event: 29.037 Thread 0x000002a17e658bd0 Exception <a 'java/lang/NoSuchMethodError'{0x00000007ab0c97a0}: 'java.lang.Object java.lang.invoke.DelegatingMethodHandle$Holder.reinvoke_L(java.lang.Object, int, long, java.lang.Object, java.lang.Object, int, java.lang.Object)'> (0x00000007ab0c97a0) 
thrown [s\src\hotspot\share\interpreter\linkResolver.cpp, line 773]
Event: 29.417 Thread 0x000002a17e658bd0 Exception <a 'java/lang/NoSuchMethodError'{0x00000007ab653e50}: 'java.lang.Object java.lang.invoke.DirectMethodHandle$Holder.invokeStaticInit(java.lang.Object, java.lang.Object, java.lang.Object, java.lang.Object, java.lang.Object, java.lang.Object, java.lang.Object)'> (0x00000007ab653e50) 
thrown [s\src\hotspot\share\interpreter\linkResolver.cpp, line 773]
Event: 29.418 Thread 0x000002a17e658bd0 Exception <a 'java/lang/NoSuchMethodError'{0x00000007ab658e08}: 'java.lang.Object java.lang.invoke.Invokers$Holder.invoke_MT(java.lang.Object, java.lang.Object, java.lang.Object, java.lang.Object, java.lang.Object, java.lang.Object, java.lang.Object, java.lang.Object, java.lang.Object, java.lang.Object)'> (0x00000007ab658e08) 
thrown [s\src\hotspot\share\interpreter\linkResolver.cpp, line 773]
Event: 29.423 Thread 0x000002a17e658bd0 Exception <a 'java/lang/NoSuchMethodError'{0x00000007ab6990f8}: 'int java.lang.invoke.DirectMethodHandle$Holder.invokeVirtual(java.lang.Object, java.lang.Object, java.lang.Object)'> (0x00000007ab6990f8) 
thrown [s\src\hotspot\share\interpreter\linkResolver.cpp, line 773]
Event: 29.423 Thread 0x000002a17e658bd0 Exception <a 'java/lang/NoSuchMethodError'{0x00000007ab69d4a0}: 'int java.lang.invoke.DirectMethodHandle$Holder.invokeStaticInit(java.lang.Object, int, int)'> (0x00000007ab69d4a0) 
thrown [s\src\hotspot\share\interpreter\linkResolver.cpp, line 773]
Event: 29.424 Thread 0x000002a17e658bd0 Exception <a 'java/lang/NoSuchMethodError'{0x00000007ab6a4c48}: 'int java.lang.invoke.DirectMethodHandle$Holder.invokeStaticInit(java.lang.Object, long, long)'> (0x00000007ab6a4c48) 
thrown [s\src\hotspot\share\interpreter\linkResolver.cpp, line 773]
Event: 29.424 Thread 0x000002a17e658bd0 Exception <a 'java/lang/NoSuchMethodError'{0x00000007ab6ab990}: 'int java.lang.invoke.DirectMethodHandle$Holder.invokeStaticInit(java.lang.Object, float, float)'> (0x00000007ab6ab990) 
thrown [s\src\hotspot\share\interpreter\linkResolver.cpp, line 773]
Event: 29.425 Thread 0x000002a17e658bd0 Exception <a 'java/lang/NoSuchMethodError'{0x00000007ab6b26d0}: 'int java.lang.invoke.DirectMethodHandle$Holder.invokeStaticInit(java.lang.Object, double, double)'> (0x00000007ab6b26d0) 
thrown [s\src\hotspot\share\interpreter\linkResolver.cpp, line 773]
Event: 29.425 Thread 0x000002a17e658bd0 Exception <a 'java/lang/NoSuchMethodError'{0x00000007ab6b7178}: 'int java.lang.invoke.DirectMethodHandle$Holder.invokeStatic(java.lang.Object, long)'> (0x00000007ab6b7178) 
thrown [s\src\hotspot\share\interpreter\linkResolver.cpp, line 773]
Event: 29.428 Thread 0x000002a17e658bd0 Exception <a 'java/lang/NoSuchMethodError'{0x00000007ab6d5dd0}: 'int java.lang.invoke.Invokers$Holder.linkToTargetMethod(java.lang.Object, java.lang.Object)'> (0x00000007ab6d5dd0) 
thrown [s\src\hotspot\share\interpreter\linkResolver.cpp, line 773]
Event: 32.742 Thread 0x000002a17f366fa0 Exception <a 'java/lang/NoSuchMethodError'{0x00000007aaea2120}: 'java.lang.Object java.lang.invoke.DirectMethodHandle$Holder.invokeSpecial(java.lang.Object, java.lang.Object, int, long)'> (0x00000007aaea2120) 
thrown [s\src\hotspot\share\interpreter\linkResolver.cpp, line 773]
Event: 33.741 Thread 0x000002a17f366fa0 Exception <a 'java/io/FileNotFoundException'{0x00000007ab8df988}> (0x00000007ab8df988) 
thrown [s\src\hotspot\share\prims\jni.cpp, line 520]
Event: 33.741 Thread 0x000002a17f366fa0 Exception <a 'java/io/FileNotFoundException'{0x00000007ab8e0a48}> (0x00000007ab8e0a48) 
thrown [s\src\hotspot\share\prims\jni.cpp, line 520]
Event: 33.741 Thread 0x000002a17f366fa0 Exception <a 'java/io/FileNotFoundException'{0x00000007ab8e1858}> (0x00000007ab8e1858) 
thrown [s\src\hotspot\share\prims\jni.cpp, line 520]
Event: 40.368 Thread 0x000002a17f366fa0 Exception <a 'java/lang/NoSuchMethodError'{0x00000007abc46550}: 'int java.lang.invoke.DirectMethodHandle$Holder.invokeSpecialIFC(java.lang.Object, java.lang.Object, java.lang.Object)'> (0x00000007abc46550) 
thrown [s\src\hotspot\share\interpreter\linkResolver.cpp, line 773]
Event: 40.676 Thread 0x000002a17f366fa0 Exception <a 'java/lang/NoSuchMethodError'{0x00000007aad20d98}: 'java.lang.Object java.lang.invoke.DirectMethodHandle$Holder.invokeStatic(java.lang.Object, java.lang.Object, int, int)'> (0x00000007aad20d98) 
thrown [s\src\hotspot\share\interpreter\linkResolver.cpp, line 773]
Event: 40.677 Thread 0x000002a17f366fa0 Exception <a 'java/lang/NoSuchMethodError'{0x00000007aad25198}: 'java.lang.Object java.lang.invoke.DirectMethodHandle$Holder.invokeSpecial(java.lang.Object, java.lang.Object, java.lang.Object, int, int)'> (0x00000007aad25198) 
thrown [s\src\hotspot\share\interpreter\linkResolver.cpp, line 773]
Event: 40.677 Thread 0x000002a17f366fa0 Implicit null exception at 0x000002a107bc3c26 to 0x000002a107bc3ef4

ZGC Phase Switch (0 events):
No events

VM Operations (20 events):
Event: 33.132 Executing safepoint VM operation: Cleanup
Event: 33.132 Executing safepoint VM operation: Cleanup done
Event: 33.517 Executing non-safepoint VM operation: HandshakeAllThreads (Deoptimize)
Event: 33.517 Executing non-safepoint VM operation: HandshakeAllThreads (Deoptimize) done
Event: 34.521 Executing safepoint VM operation: Cleanup
Event: 34.521 Executing safepoint VM operation: Cleanup done
Event: 39.549 Executing safepoint VM operation: Cleanup
Event: 39.549 Executing safepoint VM operation: Cleanup done
Event: 40.561 Executing safepoint VM operation: Cleanup
Event: 40.561 Executing safepoint VM operation: Cleanup done
Event: 40.605 Executing safepoint VM operation: ParallelGCFailedAllocation (Allocation Failure)
Event: 40.608 Executing safepoint VM operation: ParallelGCFailedAllocation (Allocation Failure) done
Event: 40.883 Executing non-safepoint VM operation: HandshakeAllThreads (Deoptimize)
Event: 40.883 Executing non-safepoint VM operation: HandshakeAllThreads (Deoptimize) done
Event: 40.905 Executing non-safepoint VM operation: HandshakeAllThreads (Deoptimize)
Event: 40.905 Executing non-safepoint VM operation: HandshakeAllThreads (Deoptimize) done
Event: 41.166 Executing safepoint VM operation: ParallelGCFailedAllocation (Allocation Failure)
Event: 41.170 Executing safepoint VM operation: ParallelGCFailedAllocation (Allocation Failure) done
Event: 41.841 Executing safepoint VM operation: ParallelGCFailedAllocation (Allocation Failure)
Event: 41.843 Executing safepoint VM operation: ParallelGCFailedAllocation (Allocation Failure) done

Memory protections (0 events):
No events

Nmethod flushes (20 events):
Event: 31.442 Thread 0x000002a17062b720 flushing  nmethod 0x000002a1004a9d90
Event: 31.442 Thread 0x000002a17062b720 flushing  nmethod 0x000002a1004aae10
Event: 31.442 Thread 0x000002a17062b720 flushing  nmethod 0x000002a1004ab910
Event: 31.442 Thread 0x000002a17062b720 flushing  nmethod 0x000002a1004abf90
Event: 31.442 Thread 0x000002a17062b720 flushing  nmethod 0x000002a1004ac410
Event: 31.442 Thread 0x000002a17062b720 flushing  nmethod 0x000002a1004acc10
Event: 31.442 Thread 0x000002a17062b720 flushing  nmethod 0x000002a1004ad410
Event: 31.442 Thread 0x000002a17062b720 flushing osr nmethod 0x000002a1004b0810
Event: 31.442 Thread 0x000002a17062b720 flushing  nmethod 0x000002a1004b3310
Event: 31.442 Thread 0x000002a17062b720 flushing  nmethod 0x000002a1004b5210
Event: 31.442 Thread 0x000002a17062b720 flushing  nmethod 0x000002a1004b7b90
Event: 31.442 Thread 0x000002a17062b720 flushing  nmethod 0x000002a1004b9210
Event: 31.442 Thread 0x000002a17062b720 flushing  nmethod 0x000002a1004df410
Event: 31.442 Thread 0x000002a17062b720 flushing  nmethod 0x000002a10050ab10
Event: 31.442 Thread 0x000002a17062b720 flushing  nmethod 0x000002a10050b810
Event: 31.442 Thread 0x000002a17062b720 flushing  nmethod 0x000002a10050bc10
Event: 31.442 Thread 0x000002a17062b720 flushing  nmethod 0x000002a10050ca10
Event: 31.442 Thread 0x000002a17062b720 flushing  nmethod 0x000002a10050cf10
Event: 31.442 Thread 0x000002a17062b720 flushing  nmethod 0x000002a10051bb10
Event: 31.442 Thread 0x000002a17062b720 flushing  nmethod 0x000002a10051fd90

Events (20 events):
Event: 1.227 Thread 0x000002a17056a1a0 Thread added: 0x000002a17d8e2500
Event: 3.762 Thread 0x000002a17056a1a0 Thread added: 0x000002a17e14d400
Event: 4.277 Thread 0x000002a17056a1a0 Thread added: 0x000002a17dfc9640
Event: 4.309 Thread 0x000002a17056a1a0 Thread added: 0x000002a17e132460
Event: 4.573 Thread 0x000002a17e132460 Thread added: 0x000002a17e144b50
Event: 5.640 Thread 0x000002a17e132460 Thread added: 0x000002a17e3e9880
Event: 7.963 Thread 0x000002a17e132460 Thread added: 0x000002a17f364510
Event: 8.028 Thread 0x000002a17e132460 Thread added: 0x000002a17f366fa0
Event: 8.063 Thread 0x000002a17e132460 Thread added: 0x000002a17e659260
Event: 9.912 Thread 0x000002a17e132460 Thread added: 0x000002a17e659f80
Event: 10.086 Thread 0x000002a17e659f80 Thread exited: 0x000002a17e659f80
Event: 10.506 Thread 0x000002a17056a1a0 Thread added: 0x000002a17e6598f0
Event: 10.506 Thread 0x000002a17056a1a0 Thread added: 0x000002a17e65a610
Event: 10.506 Thread 0x000002a17056a1a0 Thread added: 0x000002a17e659f80
Event: 10.507 Thread 0x000002a17056a1a0 Thread added: 0x000002a17e65aca0
Event: 10.507 Thread 0x000002a17056a1a0 Thread added: 0x000002a17e65b330
Event: 10.540 Thread 0x000002a17056a1a0 Thread added: 0x000002a17e65b9c0
Event: 10.811 Thread 0x000002a17056a1a0 Thread added: 0x000002a17e658540
Event: 10.811 Thread 0x000002a17056a1a0 Thread added: 0x000002a17e658bd0
Event: 11.042 Thread 0x000002a17e659260 Thread added: 0x000002a1541d14e0


Dynamic libraries:
0x00007ff714630000 - 0x00007ff71463e000 	c:\Users\Dnyaneshwar Algule\.antigravity-ide\extensions\redhat.java-1.56.0-win32-x64\jre\21.0.12.1-win32-x86_64\bin\java.exe
0x00007fffa6420000 - 0x00007fffa6687000 	C:\WINDOWS\SYSTEM32\ntdll.dll
0x00007fffa4cc0000 - 0x00007fffa4d8b000 	C:\WINDOWS\System32\KERNEL32.DLL
0x00007fffa3620000 - 0x00007fffa3a22000 	C:\WINDOWS\System32\KERNELBASE.dll
0x00007fffa3ae0000 - 0x00007fffa3c2c000 	C:\WINDOWS\System32\ucrtbase.dll
0x00007fff932f0000 - 0x00007fff93308000 	c:\Users\Dnyaneshwar Algule\.antigravity-ide\extensions\redhat.java-1.56.0-win32-x64\jre\21.0.12.1-win32-x86_64\bin\jli.dll
0x00007fffa4140000 - 0x00007fffa430f000 	C:\WINDOWS\System32\USER32.dll
0x00007fffa3c40000 - 0x00007fffa3c67000 	C:\WINDOWS\System32\win32u.dll
0x00007fffa4320000 - 0x00007fffa434b000 	C:\WINDOWS\System32\GDI32.dll
0x00007fffa3f50000 - 0x00007fffa4079000 	C:\WINDOWS\System32\gdi32full.dll
0x00007fffa3a30000 - 0x00007fffa3ad3000 	C:\WINDOWS\System32\msvcp_win.dll
0x00007fff932d0000 - 0x00007fff932ee000 	c:\Users\Dnyaneshwar Algule\.antigravity-ide\extensions\redhat.java-1.56.0-win32-x64\jre\21.0.12.1-win32-x86_64\bin\VCRUNTIME140.dll
0x00007fff8de20000 - 0x00007fff8e0b0000 	C:\WINDOWS\WinSxS\amd64_microsoft.windows.common-controls_6595b64144ccf1df_6.0.26100.9278_none_3e0d1ba8e3303201\COMCTL32.dll
0x00007fffa4ef0000 - 0x00007fffa4f99000 	C:\WINDOWS\System32\msvcrt.dll
0x00007fffa50d0000 - 0x00007fffa5101000 	C:\WINDOWS\System32\IMM32.DLL
0x00007fff93120000 - 0x00007fff9312c000 	c:\Users\Dnyaneshwar Algule\.antigravity-ide\extensions\redhat.java-1.56.0-win32-x64\jre\21.0.12.1-win32-x86_64\bin\vcruntime140_1.dll
0x00007fff89280000 - 0x00007fff8930d000 	c:\Users\Dnyaneshwar Algule\.antigravity-ide\extensions\redhat.java-1.56.0-win32-x64\jre\21.0.12.1-win32-x86_64\bin\msvcp140.dll
0x00007fff286c0000 - 0x00007fff29462000 	c:\Users\Dnyaneshwar Algule\.antigravity-ide\extensions\redhat.java-1.56.0-win32-x64\jre\21.0.12.1-win32-x86_64\bin\server\jvm.dll
0x00007fffa5f20000 - 0x00007fffa5fdc000 	C:\WINDOWS\System32\ADVAPI32.dll
0x00007fffa5e60000 - 0x00007fffa5f09000 	C:\WINDOWS\System32\sechost.dll
0x00007fffa4380000 - 0x00007fffa4498000 	C:\WINDOWS\System32\RPCRT4.dll
0x00007fffa56f0000 - 0x00007fffa5770000 	C:\WINDOWS\System32\WS2_32.dll
0x00007fffa3480000 - 0x00007fffa34de000 	C:\WINDOWS\SYSTEM32\POWRPROF.dll
0x00007fff9af30000 - 0x00007fff9af66000 	C:\WINDOWS\SYSTEM32\WINMM.dll
0x00007fff8fd70000 - 0x00007fff8fd7b000 	C:\WINDOWS\SYSTEM32\VERSION.dll
0x00007fffa3460000 - 0x00007fffa3475000 	C:\WINDOWS\SYSTEM32\UMPDC.dll
0x00007fffa22f0000 - 0x00007fffa230b000 	C:\WINDOWS\SYSTEM32\kernel.appcore.dll
0x00007fff93110000 - 0x00007fff9311a000 	c:\Users\Dnyaneshwar Algule\.antigravity-ide\extensions\redhat.java-1.56.0-win32-x64\jre\21.0.12.1-win32-x86_64\bin\jimage.dll
0x00007fff9dd00000 - 0x00007fff9df4c000 	C:\WINDOWS\SYSTEM32\DBGHELP.DLL
0x00007fffa5360000 - 0x00007fffa56e5000 	C:\WINDOWS\System32\combase.dll
0x00007fffa5110000 - 0x00007fffa51e9000 	C:\WINDOWS\System32\OLEAUT32.dll
0x00007fff80380000 - 0x00007fff803bb000 	C:\WINDOWS\SYSTEM32\dbgcore.DLL
0x00007fffa3c70000 - 0x00007fffa3d1c000 	C:\WINDOWS\System32\bcryptPrimitives.dll
0x00007fff92fc0000 - 0x00007fff92fcf000 	c:\Users\Dnyaneshwar Algule\.antigravity-ide\extensions\redhat.java-1.56.0-win32-x64\jre\21.0.12.1-win32-x86_64\bin\instrument.dll
0x00007fff89260000 - 0x00007fff89280000 	c:\Users\Dnyaneshwar Algule\.antigravity-ide\extensions\redhat.java-1.56.0-win32-x64\jre\21.0.12.1-win32-x86_64\bin\java.dll
0x00007fffa4520000 - 0x00007fffa4cb8000 	C:\WINDOWS\System32\SHELL32.dll
0x00007fffa10a0000 - 0x00007fffa194e000 	C:\WINDOWS\SYSTEM32\windows.storage.dll
0x00007fffa5d60000 - 0x00007fffa5e5b000 	C:\WINDOWS\System32\SHCORE.dll
0x00007fffa5ff0000 - 0x00007fffa6056000 	C:\WINDOWS\System32\shlwapi.dll
0x00007fffa3540000 - 0x00007fffa3569000 	C:\WINDOWS\SYSTEM32\profapi.dll
0x00007fff89240000 - 0x00007fff89258000 	c:\Users\Dnyaneshwar Algule\.antigravity-ide\extensions\redhat.java-1.56.0-win32-x64\jre\21.0.12.1-win32-x86_64\bin\zip.dll
0x00007fff8d940000 - 0x00007fff8d950000 	C:\Users\Dnyaneshwar Algule\.antigravity-ide\extensions\redhat.java-1.56.0-win32-x64\jre\21.0.12.1-win32-x86_64\bin\net.dll
0x00007fff95730000 - 0x00007fff9585a000 	C:\WINDOWS\SYSTEM32\WINHTTP.dll
0x00007fffa28b0000 - 0x00007fffa291c000 	C:\WINDOWS\system32\mswsock.dll
0x00007fff89220000 - 0x00007fff89236000 	C:\Users\Dnyaneshwar Algule\.antigravity-ide\extensions\redhat.java-1.56.0-win32-x64\jre\21.0.12.1-win32-x86_64\bin\nio.dll
0x00007fff89210000 - 0x00007fff89220000 	c:\Users\Dnyaneshwar Algule\.antigravity-ide\extensions\redhat.java-1.56.0-win32-x64\jre\21.0.12.1-win32-x86_64\bin\verify.dll
0x00007fff33690000 - 0x00007fff336d5000 	C:\Users\Dnyaneshwar Algule\AppData\Roaming\Antigravity IDE\User\globalStorage\redhat.java\1.56.0\config_ss_win\org.eclipse.equinox.launcher\org.eclipse.equinox.launcher.win32.win32.x86_64_1.3.100.v20260804-1928\eclipse_11924.dll
0x00007fffa6060000 - 0x00007fffa61fa000 	C:\WINDOWS\System32\ole32.dll
0x00007fffa2ba0000 - 0x00007fffa2bbb000 	C:\WINDOWS\SYSTEM32\CRYPTSP.dll
0x00007fffa2250000 - 0x00007fffa2289000 	C:\WINDOWS\system32\rsaenh.dll
0x00007fffa2960000 - 0x00007fffa2994000 	C:\WINDOWS\SYSTEM32\USERENV.dll
0x00007fffa3510000 - 0x00007fffa353a000 	C:\WINDOWS\SYSTEM32\bcrypt.dll
0x00007fffa2bc0000 - 0x00007fffa2bcc000 	C:\WINDOWS\SYSTEM32\CRYPTBASE.dll
0x00007fffa1e10000 - 0x00007fffa1e43000 	C:\WINDOWS\SYSTEM32\IPHLPAPI.DLL
0x00007fffa5f10000 - 0x00007fffa5f1a000 	C:\WINDOWS\System32\NSI.dll
0x00007fff685d0000 - 0x00007fff68619000 	C:\Users\Dnyaneshwar Algule\AppData\Local\Temp\jna--1296876824\jna14300275421086104674.dll
0x00007fffa5d00000 - 0x00007fffa5d08000 	C:\WINDOWS\System32\PSAPI.DLL
0x00007fff95bd0000 - 0x00007fff95bed000 	C:\WINDOWS\SYSTEM32\dhcpcsvc6.DLL
0x00007fff95ba0000 - 0x00007fff95bc5000 	C:\WINDOWS\SYSTEM32\dhcpcsvc.DLL

JVMTI agents:
c:\Users\Dnyaneshwar Algule\.antigravity-ide\extensions\redhat.java-1.56.0-win32-x64\lombok\lombok-1.18.39-4050.jar path:c:\Users\Dnyaneshwar Algule\.antigravity-ide\extensions\redhat.java-1.56.0-win32-x64\jre\21.0.12.1-win32-x86_64\bin\instrument.dll, loaded, initialized, instrumentlib options:none

dbghelp: loaded successfully - version: 4.0.5 - missing functions: none
symbol engine: initialized successfully - sym options: 0x614 - pdb path: .;c:\Users\Dnyaneshwar Algule\.antigravity-ide\extensions\redhat.java-1.56.0-win32-x64\jre\21.0.12.1-win32-x86_64\bin;C:\WINDOWS\SYSTEM32;C:\WINDOWS\WinSxS\amd64_microsoft.windows.common-controls_6595b64144ccf1df_6.0.26100.9278_none_3e0d1ba8e3303201;c:\Users\Dnyaneshwar Algule\.antigravity-ide\extensions\redhat.java-1.56.0-win32-x64\jre\21.0.12.1-win32-x86_64\bin\server;C:\Users\Dnyaneshwar Algule\AppData\Roaming\Antigravity IDE\User\globalStorage\redhat.java\1.56.0\config_ss_win\org.eclipse.equinox.launcher\org.eclipse.equinox.launcher.win32.win32.x86_64_1.3.100.v20260804-1928;C:\Users\Dnyaneshwar Algule\AppData\Local\Temp\jna--1296876824

VM Arguments:
jvm_args: --add-modules=ALL-SYSTEM --add-opens=java.base/java.util=ALL-UNNAMED --add-opens=java.base/java.lang=ALL-UNNAMED --add-opens=java.base/sun.nio.fs=ALL-UNNAMED -Declipse.application=org.eclipse.jdt.ls.core.id1 -Dosgi.bundles.defaultStartLevel=4 -Declipse.product=org.eclipse.jdt.ls.core.product -Djava.import.generatesMetadataFilesAtProjectRoot=false -Dm2e.project.cache.size=50 -DDetectVMInstallationsJob.disabled=true -Dfile.encoding=utf8 -XX:+UseParallelGC -XX:GCTimeRatio=4 -XX:AdaptiveSizePolicyWeight=90 -Dsun.zip.disableMemoryMapping=true -Xmx4G -Xms100m -Xlog:disable -javaagent:c:\Users\Dnyaneshwar Algule\.antigravity-ide\extensions\redhat.java-1.56.0-win32-x64\lombok\lombok-1.18.39-4050.jar 
java_command: c:\Users\Dnyaneshwar Algule\.antigravity-ide\extensions\redhat.java-1.56.0-win32-x64\server\plugins\org.eclipse.equinox.launcher_1.8.0.v20260804-1928.jar -configuration c:\Users\Dnyaneshwar Algule\AppData\Roaming\Antigravity IDE\User\globalStorage\redhat.java\1.56.0\config_ss_win -data c:\Users\Dnyaneshwar Algule\AppData\Roaming\Antigravity IDE\User\workspaceStorage\bdad3307725f4615a0471e24280ceca6\redhat.java\ss_ws --pipe=\\.\pipe\lsp-f4a7816c6320786b8ea093a1c9e7deb8-sock
java_class_path (initial): c:\Users\Dnyaneshwar Algule\.antigravity-ide\extensions\redhat.java-1.56.0-win32-x64\server\plugins\org.eclipse.equinox.launcher_1.8.0.v20260804-1928.jar
Launcher Type: SUN_STANDARD

[Global flags]
    uintx AdaptiveSizePolicyWeight                 = 90                                        {product} {command line}
     intx CICompilerCount                          = 3                                         {product} {ergonomic}
    uintx GCTimeRatio                              = 4                                         {product} {command line}
   size_t InitialHeapSize                          = 104857600                                 {product} {command line}
   size_t MaxHeapSize                              = 4294967296                                {product} {command line}
   size_t MaxNewSize                               = 1431306240                                {product} {ergonomic}
   size_t MinHeapDeltaBytes                        = 524288                                    {product} {ergonomic}
   size_t MinHeapSize                              = 104857600                                 {product} {command line}
   size_t NewSize                                  = 34603008                                  {product} {ergonomic}
    uintx NonNMethodCodeHeapSize                   = 5832780                                {pd product} {ergonomic}
    uintx NonProfiledCodeHeapSize                  = 122912730                              {pd product} {ergonomic}
   size_t OldSize                                  = 70254592                                  {product} {ergonomic}
    uintx ProfiledCodeHeapSize                     = 122912730                              {pd product} {ergonomic}
    uintx ReservedCodeCacheSize                    = 251658240                              {pd product} {ergonomic}
     bool SegmentedCodeCache                       = true                                      {product} {ergonomic}
   size_t SoftMaxHeapSize                          = 4294967296                             {manageable} {ergonomic}
     bool UseCompressedOops                        = true                           {product lp64_product} {ergonomic}
     bool UseLargePagesIndividualAllocation        = false                                  {pd product} {ergonomic}
     bool UseParallelGC                            = true                                      {product} {command line}

Logging:
Log output configuration:
 #0: stdout all=off uptime,level,tags foldmultilines=false
 #1: stderr all=off uptime,level,tags foldmultilines=false

Release file:
JAVA_VERSION="21.0.12.1" 
MODULES="java.base java.compiler java.datatransfer java.xml java.prefs java.desktop java.instrument java.logging java.management java.security.sasl java.naming java.rmi java.management.rmi java.net.http java.scripting java.security.jgss java.transaction.xa java.sql java.sql.rowset java.xml.crypto java.se java.smartcardio jdk.accessibility jdk.internal.jvmstat jdk.attach jdk.charsets jdk.internal.opt jdk.zipfs jdk.compiler jdk.crypto.ec jdk.crypto.cryptoki jdk.crypto.mscapi jdk.dynalink jdk.internal.ed jdk.editpad jdk.hotspot.agent jdk.httpserver jdk.internal.le jdk.internal.vm.ci jdk.internal.vm.compiler jdk.internal.vm.compiler.management jdk.jartool jdk.javadoc jdk.jcmd jdk.management jdk.management.agent jdk.jconsole jdk.jdeps jdk.jdwp.agent jdk.jdi jdk.jfr jdk.jshell jdk.jsobject jdk.jstatd jdk.localedata jdk.management.jfr jdk.naming.dns jdk.naming.rmi jdk.net jdk.nio.mapmode jdk.random jdk.sctp jdk.security.auth jdk.security.jgss jdk.unsupported jdk.unsupported.desktop jdk.xml.dom" 

Environment Variables:
JAVA_HOME=C:\Program Files\Java\jdk-17
PATH=C:\Program Files\Common Files\Oracle\Java\javapath;C:\WINDOWS\system32;C:\WINDOWS;C:\WINDOWS\System32\Wbem;C:\WINDOWS\System32\WindowsPowerShell\v1.0\;C:\WINDOWS\System32\OpenSSH\;C:\Users\Dnyaneshwar Algule\anaconda3\condabin;C:\Program Files\WireGuard\;C:\Program Files\Java\jdk-17\bin;C:\Program Files (x86)\pcsuite\;C:\Program Files\nodejs\;C:\Program Files\Git\cmd;C:\Program Files\MySQL\MySQL Shell 8.0\bin\;C:\Users\Dnyaneshwar Algule\AppData\Local\Programs\Python\Python312\Scripts\;C:\Users\Dnyaneshwar Algule\AppData\Local\Programs\Python\Python312\;C:\Users\Dnyaneshwar Algule\AppData\Local\Programs\Python\Launcher\;C:\Users\Dnyaneshwar Algule\AppData\Local\Microsoft\WindowsApps;C:\MinGW\bin;C:\Users\Dnyaneshwar Algule\AppData\Local\Programs\MiKTeX\miktex\bin\x64\;C:\Users\Dnyaneshwar Algule\AppData\Local\Programs\Microsoft VS Code\bin;C:\Users\Dnyaneshwar Algule\AppData\Roaming\npm;C:\Users\Dnyaneshwar Algule\AppData\Local\Programs\cursor\resources\app\bin;C:\Users\Dnyaneshwar Algule\AppData\Local\Programs\Antigravity IDE\bin;C:\Users\Dnyaneshwar Algule\AppData\Local\Programs\Devin\bin;C:\Users\Dnyaneshwar Algule\AppData\Local\Android\Sdk\platform-tools;C:\Users\Dnyaneshwar Algule\AppData\Local\Android\Sdk\emulator;C:\Users\Dnyaneshwar Algule\AppData\Local\Google\Cloud SDK\google-cloud-sdk\bin
USERNAME=Dnyaneshwar Algule
OS=Windows_NT
PROCESSOR_IDENTIFIER=Intel64 Family 6 Model 140 Stepping 1, GenuineIntel
TMP=C:\Users\DNYANE~1\AppData\Local\Temp
TEMP=C:\Users\DNYANE~1\AppData\Local\Temp




Periodic native trim disabled

---------------  S Y S T E M  ---------------

OS:
 Windows 11 , 64 bit Build 26100 (10.0.26100.9444)
OS uptime: 0 days 11:26 hours

CPU: total 4 (initial active 4) (2 cores per cpu, 2 threads per core) family 6 model 140 stepping 1 microcode 0x86, cx8, cmov, fxsr, ht, mmx, 3dnowpref, sse, sse2, sse3, ssse3, sse4.1, sse4.2, popcnt, lzcnt, tsc, tscinvbit, avx, avx2, aes, erms, clmul, bmi1, bmi2, adx, avx512f, avx512dq, avx512cd, avx512bw, avx512vl, sha, fma, vzeroupper, avx512_vpopcntdq, avx512_vpclmulqdq, avx512_vaes, avx512_vnni, clflush, clflushopt, clwb, avx512_vbmi2, avx512_vbmi, rdtscp, rdpid, fsrm, gfni, avx512_bitalg, f16c, pku, cet_ibt, cet_ss, avx512_ifma
Processor Information for the first 4 processors :
  Max Mhz: 2995, Current Mhz: 2995, Mhz Limit: 2995

Memory: 4k page, system-wide physical 7886M (250M free)
TotalPageFile size 19869M (AvailPageFile size 3M)
current process WorkingSet (physical memory assigned to process): 211M, peak: 214M
current process commit charge ("private bytes"): 359M, peak: 363M

vm_info: OpenJDK 64-Bit Server VM (21.0.12.1+1-LTS) for windows-amd64 JRE (21.0.12.1+1-LTS), built on 2026-08-18T00:00:00Z by "admin" with MS VC++ 17.12 (VS2022)

END.
