#
# There is insufficient memory for the Java Runtime Environment to continue.
# Native memory allocation (malloc) failed to allocate 1833776 bytes. Error detail: Chunk::new
# Possible reasons:
#   The system is out of physical RAM or swap space
#   This process is running with CompressedOops enabled, and the Java Heap may be blocking the growth of the native heap
# Possible solutions:
#   Reduce memory load on the system
#   Increase physical memory or swap space
#   Check if swap backing store is full
#   Decrease Java heap size (-Xmx/-Xms)
#   Decrease number of Java threads
#   Decrease Java thread stack sizes (-Xss)
#   Set larger code cache with -XX:ReservedCodeCacheSize=
#   JVM is running with Zero Based Compressed Oops mode in which the Java heap is
#     placed in the first 32GB address space. The Java Heap base address is the
#     maximum limit for the native heap growth. Please use -XX:HeapBaseMinAddress
#     to set the Java Heap base and to place the Java Heap above 32GB virtual address.
# This output file may be truncated or incomplete.
#
#  Out of Memory Error (arena.cpp:168), pid=18484, tid=10028
#
# JRE version: OpenJDK Runtime Environment Temurin-21.0.12.1+1 (21.0.12.1+1) (build 21.0.12.1+1-LTS)
# Java VM: OpenJDK 64-Bit Server VM Temurin-21.0.12.1+1 (21.0.12.1+1-LTS, mixed mode, sharing, tiered, compressed oops, compressed class ptrs, parallel gc, windows-amd64)
# No core dump will be written. Minidumps are not enabled by default on client versions of Windows
#

---------------  S U M M A R Y ------------

Command Line: --add-modules=ALL-SYSTEM --add-opens=java.base/java.util=ALL-UNNAMED --add-opens=java.base/java.lang=ALL-UNNAMED --add-opens=java.base/sun.nio.fs=ALL-UNNAMED -Declipse.application=org.eclipse.jdt.ls.core.id1 -Dosgi.bundles.defaultStartLevel=4 -Declipse.product=org.eclipse.jdt.ls.core.product -Djava.import.generatesMetadataFilesAtProjectRoot=false -Dm2e.project.cache.size=50 -DDetectVMInstallationsJob.disabled=true -Dfile.encoding=utf8 -XX:+UseParallelGC -XX:GCTimeRatio=4 -XX:AdaptiveSizePolicyWeight=90 -Dsun.zip.disableMemoryMapping=true -Xmx4G -Xms100m -Xlog:disable -javaagent:c:\Users\Dnyaneshwar Algule\.antigravity-ide\extensions\redhat.java-1.56.0-win32-x64\lombok\lombok-1.18.39-4050.jar -XX:+HeapDumpOnOutOfMemoryError -XX:HeapDumpPath=c:\Users\Dnyaneshwar Algule\AppData\Roaming\Antigravity IDE\User\workspaceStorage\bdad3307725f4615a0471e24280ceca6\redhat.java -Daether.dependencyCollector.impl=bf c:\Users\Dnyaneshwar Algule\.antigravity-ide\extensions\redhat.java-1.56.0-win32-x64\server\plugins\org.eclipse.equinox.launcher_1.8.0.v20260804-1928.jar -configuration c:\Users\Dnyaneshwar Algule\AppData\Roaming\Antigravity IDE\User\globalStorage\redhat.java\1.56.0\config_win -data c:\Users\Dnyaneshwar Algule\AppData\Roaming\Antigravity IDE\User\workspaceStorage\bdad3307725f4615a0471e24280ceca6\redhat.java\jdt_ws --pipe=\\.\pipe\lsp-325219003bd3cc3df7fb1b7755fe1d52-sock

Host: 11th Gen Intel(R) Core(TM) i3-1115G4 @ 3.00GHz, 4 cores, 7G,  Windows 11 , 64 bit Build 26100 (10.0.26100.9444)
Time: Thu Sep 17 10:44:31 2026 India Standard Time elapsed time: 16.868702 seconds (0d 0h 0m 16s)

---------------  T H R E A D  ---------------

Current thread (0x0000027a9beb9190):  JavaThread "C2 CompilerThread0" daemon [_thread_in_native, id=10028, stack(0x000000e389b00000,0x000000e389c00000) (1024K)]


Current CompileTask:
C2:16868 7631   !   4       org.eclipse.osgi.internal.loader.classpath.ClasspathManager::defineClass (636 bytes)

Stack: [0x000000e389b00000,0x000000e389c00000]
Native frames: (J=compiled Java code, j=interpreted, Vv=VM code, C=native code)
V  [jvm.dll+0x6d83e9]
V  [jvm.dll+0x8b5736]
V  [jvm.dll+0x8b7cee]
V  [jvm.dll+0x8b83d3]
V  [jvm.dll+0x284596]
V  [jvm.dll+0xc685d]
V  [jvm.dll+0xc6da1]
V  [jvm.dll+0x3bf151]
V  [jvm.dll+0x38b6d2]
V  [jvm.dll+0x38ab1a]
V  [jvm.dll+0x24c700]
V  [jvm.dll+0x24bce0]
V  [jvm.dll+0x1cb4ae]
V  [jvm.dll+0x25baad]
V  [jvm.dll+0x25a03a]
V  [jvm.dll+0x3f8aae]
V  [jvm.dll+0x8600cd]
V  [jvm.dll+0x6d6c1d]
C  [ucrtbase.dll+0x2cd30]
C  [KERNEL32.DLL+0x2cd87]
C  [ntdll.dll+0xacaec]


---------------  P R O C E S S  ---------------

Threads class SMR info:
_java_thread_list=0x0000027ae613f020, length=46, elements={
0x0000027aff56d320, 0x0000027a9be8a0e0, 0x0000027a9be8d570, 0x0000027a9be91ad0,
0x0000027a9be92990, 0x0000027a9be978e0, 0x0000027a9beb8350, 0x0000027a9beb9190,
0x0000027a9bf32360, 0x0000027ae217f5b0, 0x0000027ae2328dd0, 0x0000027ae27f9470,
0x0000027ae2a3f880, 0x0000027ae2c77750, 0x0000027ae2c7c170, 0x0000027ae2f44ac0,
0x0000027ae3353820, 0x0000027ae2d06e50, 0x0000027ae30495a0, 0x0000027ae3046e40,
0x0000027ae30481f0, 0x0000027ae3048880, 0x0000027ae3047b60, 0x0000027ae3048f10,
0x0000027ae3049c30, 0x0000027ae351f290, 0x0000027ae351ffb0, 0x0000027ae351dee0,
0x0000027ae351f920, 0x0000027ae3520640, 0x0000027ae351ec00, 0x0000027ae351d1c0,
0x0000027ae351e570, 0x0000027ae3520cd0, 0x0000027ae351d850, 0x0000027ae35247e0,
0x0000027ae3522da0, 0x0000027ae3523430, 0x0000027ae3522080, 0x0000027ae35219f0,
0x0000027ae3521360, 0x0000027ae3522710, 0x0000027ae3524150, 0x0000027ae3523ac0,
0x0000027ae5203d90, 0x0000027ae5203700
}

Java Threads: ( => current thread )
  0x0000027aff56d320 JavaThread "main"                              [_thread_blocked, id=9708, stack(0x000000e389100000,0x000000e389200000) (1024K)]
  0x0000027a9be8a0e0 JavaThread "Reference Handler"          daemon [_thread_blocked, id=20536, stack(0x000000e389500000,0x000000e389600000) (1024K)]
  0x0000027a9be8d570 JavaThread "Finalizer"                  daemon [_thread_blocked, id=10800, stack(0x000000e389600000,0x000000e389700000) (1024K)]
  0x0000027a9be91ad0 JavaThread "Signal Dispatcher"          daemon [_thread_blocked, id=12516, stack(0x000000e389700000,0x000000e389800000) (1024K)]
  0x0000027a9be92990 JavaThread "Attach Listener"            daemon [_thread_blocked, id=17624, stack(0x000000e389800000,0x000000e389900000) (1024K)]
  0x0000027a9be978e0 JavaThread "Service Thread"             daemon [_thread_blocked, id=16460, stack(0x000000e389900000,0x000000e389a00000) (1024K)]
  0x0000027a9beb8350 JavaThread "Monitor Deflation Thread"   daemon [_thread_blocked, id=20240, stack(0x000000e389a00000,0x000000e389b00000) (1024K)]
=>0x0000027a9beb9190 JavaThread "C2 CompilerThread0"         daemon [_thread_in_native, id=10028, stack(0x000000e389b00000,0x000000e389c00000) (1024K)]
  0x0000027a9bf32360 JavaThread "C1 CompilerThread0"         daemon [_thread_blocked, id=4168, stack(0x000000e389c00000,0x000000e389d00000) (1024K)]
  0x0000027ae217f5b0 JavaThread "Common-Cleaner"             daemon [_thread_blocked, id=3112, stack(0x000000e389d00000,0x000000e389e00000) (1024K)]
  0x0000027ae2328dd0 JavaThread "Notification Thread"        daemon [_thread_blocked, id=4284, stack(0x000000e389f00000,0x000000e38a000000) (1024K)]
  0x0000027ae27f9470 JavaThread "Active Thread: Equinox Container: 25b6ca63-f878-4238-b4e7-c5a7431be4ec"        [_thread_blocked, id=12584, stack(0x000000e38a300000,0x000000e38a400000) (1024K)]
  0x0000027ae2a3f880 JavaThread "Refresh Thread: Equinox Container: 25b6ca63-f878-4238-b4e7-c5a7431be4ec" daemon [_thread_blocked, id=19412, stack(0x000000e38a400000,0x000000e38a500000) (1024K)]
  0x0000027ae2c77750 JavaThread "Framework Event Dispatcher: Equinox Container: 25b6ca63-f878-4238-b4e7-c5a7431be4ec" daemon [_thread_blocked, id=16052, stack(0x000000e38a500000,0x000000e38a600000) (1024K)]
  0x0000027ae2c7c170 JavaThread "Start Level: Equinox Container: 25b6ca63-f878-4238-b4e7-c5a7431be4ec" daemon [_thread_blocked, id=9128, stack(0x000000e389e00000,0x000000e389f00000) (1024K)]
  0x0000027ae2f44ac0 JavaThread "Bundle File Closer"         daemon [_thread_blocked, id=10364, stack(0x000000e38a700000,0x000000e38a800000) (1024K)]
  0x0000027ae3353820 JavaThread "SCR Component Actor"        daemon [_thread_blocked, id=17976, stack(0x000000e38a600000,0x000000e38a700000) (1024K)]
  0x0000027ae2d06e50 JavaThread "Worker-JM"                         [_thread_blocked, id=1460, stack(0x000000e38a800000,0x000000e38a900000) (1024K)]
  0x0000027ae30495a0 JavaThread "JNA Cleaner"                daemon [_thread_blocked, id=5212, stack(0x000000e38a900000,0x000000e38aa00000) (1024K)]
  0x0000027ae3046e40 JavaThread "Worker-0: Initialize Workspace"        [_thread_blocked, id=3376, stack(0x000000e38aa00000,0x000000e38ab00000) (1024K)]
  0x0000027ae30481f0 JavaThread "Worker-1"                          [_thread_blocked, id=21236, stack(0x000000e38ab00000,0x000000e38ac00000) (1024K)]
  0x0000027ae3048880 JavaThread "Java indexing"              daemon [_thread_blocked, id=15460, stack(0x000000e38ac00000,0x000000e38ad00000) (1024K)]
  0x0000027ae3047b60 JavaThread "Worker-2"                          [_thread_blocked, id=5264, stack(0x000000e38af00000,0x000000e38b000000) (1024K)]
  0x0000027ae3048f10 JavaThread "Worker-3"                          [_thread_blocked, id=10476, stack(0x000000e38b000000,0x000000e38b100000) (1024K)]
  0x0000027ae3049c30 JavaThread "Worker-4: Synchronize Gradle projects with workspace"        [_thread_blocked, id=8648, stack(0x000000e38b100000,0x000000e38b200000) (1024K)]
  0x0000027ae351f290 JavaThread "Thread-1"                   daemon [_thread_in_native, id=13328, stack(0x000000e38b200000,0x000000e38b300000) (1024K)]
  0x0000027ae351ffb0 JavaThread "Thread-2"                   daemon [_thread_in_native, id=20532, stack(0x000000e38b300000,0x000000e38b400000) (1024K)]
  0x0000027ae351dee0 JavaThread "Thread-3"                   daemon [_thread_in_native, id=10968, stack(0x000000e38b400000,0x000000e38b500000) (1024K)]
  0x0000027ae351f920 JavaThread "Thread-4"                   daemon [_thread_in_native, id=9828, stack(0x000000e38b500000,0x000000e38b600000) (1024K)]
  0x0000027ae3520640 JavaThread "Thread-5"                   daemon [_thread_in_native, id=4052, stack(0x000000e38b600000,0x000000e38b700000) (1024K)]
  0x0000027ae351ec00 JavaThread "pool-2-thread-1"                   [_thread_blocked, id=3592, stack(0x000000e38b700000,0x000000e38b800000) (1024K)]
  0x0000027ae351d1c0 JavaThread "Timer-0"                           [_thread_blocked, id=15196, stack(0x000000e38b800000,0x000000e38b900000) (1024K)]
  0x0000027ae351e570 JavaThread "Timer-1"                           [_thread_blocked, id=19668, stack(0x000000e38b900000,0x000000e38ba00000) (1024K)]
  0x0000027ae3520cd0 JavaThread "WorkspaceEventsHandler"            [_thread_blocked, id=13064, stack(0x000000e38ba00000,0x000000e38bb00000) (1024K)]
  0x0000027ae351d850 JavaThread "pool-1-thread-1"                   [_thread_blocked, id=10408, stack(0x000000e38bb00000,0x000000e38bc00000) (1024K)]
  0x0000027ae35247e0 JavaThread "PatternSearchJob-worker-1"  daemon [_thread_blocked, id=3896, stack(0x000000e38bd00000,0x000000e38be00000) (1024K)]
  0x0000027ae3522da0 JavaThread "PatternSearchJob-worker-2"  daemon [_thread_blocked, id=21392, stack(0x000000e38be00000,0x000000e38bf00000) (1024K)]
  0x0000027ae3523430 JavaThread "PatternSearchJob-worker-3"  daemon [_thread_blocked, id=11140, stack(0x000000e38bf00000,0x000000e38c000000) (1024K)]
  0x0000027ae3522080 JavaThread "ProjectImportProgressReporter" daemon [_thread_blocked, id=18792, stack(0x000000e38c000000,0x000000e38c100000) (1024K)]
  0x0000027ae35219f0 JavaThread "Timer-2"                           [_thread_blocked, id=5684, stack(0x000000e38bc00000,0x000000e38bd00000) (1024K)]
  0x0000027ae3521360 JavaThread "Timer-3"                           [_thread_blocked, id=14344, stack(0x000000e38c100000,0x000000e38c200000) (1024K)]
  0x0000027ae3522710 JavaThread "Timer-4"                           [_thread_blocked, id=2744, stack(0x000000e38c200000,0x000000e38c300000) (1024K)]
  0x0000027ae3524150 JavaThread "Timer-5"                           [_thread_blocked, id=21176, stack(0x000000e38c300000,0x000000e38c400000) (1024K)]
  0x0000027ae3523ac0 JavaThread "Timer-6"                           [_thread_blocked, id=17984, stack(0x000000e38c400000,0x000000e38c500000) (1024K)]
  0x0000027ae5203d90 JavaThread "Timer-7"                           [_thread_blocked, id=18656, stack(0x000000e38c600000,0x000000e38c700000) (1024K)]
  0x0000027ae5203700 JavaThread "Connection worker"                 [_thread_blocked, id=16660, stack(0x000000e38c500000,0x000000e38c600000) (1024K)]
Total: 46

Other Threads:
  0x0000027aff62d0d0 VMThread "VM Thread"                           [id=19520, stack(0x000000e389400000,0x000000e389500000) (1024K)]
  0x0000027aff5d9d80 WatcherThread "VM Periodic Task Thread"        [id=628, stack(0x000000e389300000,0x000000e389400000) (1024K)]
  0x0000027aff58cab0 WorkerThread "GC Thread#0"                     [id=11324, stack(0x000000e389200000,0x000000e389300000) (1024K)]
  0x0000027ae26315a0 WorkerThread "GC Thread#1"                     [id=20128, stack(0x000000e38a000000,0x000000e38a100000) (1024K)]
  0x0000027ae28be220 WorkerThread "GC Thread#2"                     [id=17900, stack(0x000000e38a100000,0x000000e38a200000) (1024K)]
  0x0000027ae28be5d0 WorkerThread "GC Thread#3"                     [id=14620, stack(0x000000e38a200000,0x000000e38a300000) (1024K)]
Total: 6

Threads with active compile tasks:
C2 CompilerThread0  16912 7631   !   4       org.eclipse.osgi.internal.loader.classpath.ClasspathManager::defineClass (636 bytes)
Total: 1

VM state: at safepoint (normal execution)

VM Mutex/Monitor currently owned by a thread:  ([mutex/lock_event])
[0x00007fff2937f5b0] Threads_lock - owner thread: 0x0000027aff62d0d0
[0x00007fff2937f6b0] Heap_lock - owner thread: 0x0000027ae5203700

Heap address: 0x0000000700000000, size: 4096 MB, Compressed Oops mode: Zero based, Oop shift amount: 3

CDS archive(s) mapped at: [0x0000027a9c000000-0x0000027a9cba0000-0x0000027a9cba0000), size 12189696, SharedBaseAddress: 0x0000027a9c000000, ArchiveRelocationMode: 1.
Compressed class space mapped at: 0x0000027a9d000000-0x0000027add000000, reserved size: 1073741824
Narrow klass base: 0x0000027a9c000000, Narrow klass shift: 0, Narrow klass range: 0x100000000

GC Precious Log:
 CardTable entry size: 512
 CPUs: 4 total, 4 available
 Memory: 7886M
 Large Page Support: Disabled
 NUMA Support: Disabled
 Compressed Oops: Enabled (Zero based)
 Alignments: Space 512K, Generation 512K, Heap 2M
 Heap Min Capacity: 100M
 Heap Initial Capacity: 100M
 Heap Max Capacity: 4G
 Pre-touch: Disabled
 Parallel Workers: 4

Heap:
 PSYoungGen      total 19456K, used 160K [0x00000007aab00000, 0x00000007ac000000, 0x0000000800000000)
  eden space 18944K, 0% used [0x00000007aab00000,0x00000007aab00000,0x00000007abd80000)
  from space 512K, 31% used [0x00000007abf80000,0x00000007abfa8000,0x00000007ac000000)
  to   space 512K, 0% used [0x00000007abf00000,0x00000007abf00000,0x00000007abf80000)
 ParOldGen       total 68608K, used 61409K [0x0000000700000000, 0x0000000704300000, 0x00000007aab00000)
  object space 68608K, 89% used [0x0000000700000000,0x0000000703bf8530,0x0000000704300000)
 Metaspace       used 58727K, committed 60096K, reserved 1114112K
  class space    used 7094K, committed 7744K, reserved 1048576K

Card table byte_map: [0x0000027aff630000,0x0000027affe40000] _byte_map_base: 0x0000027afbe30000

Marking Bits: (ParMarkBitMap*) 0x00007fff293844a0
 Begin Bits: [0x0000027a93550000, 0x0000027a97550000)
 End Bits:   [0x0000027a97550000, 0x0000027a9b550000)

Polling page: 0x0000027afe7b0000

Metaspace:

Usage:
  Non-class:     50.42 MB used.
      Class:      6.93 MB used.
       Both:     57.35 MB used.

Virtual space:
  Non-class space:       64.00 MB reserved,      51.12 MB ( 80%) committed,  1 nodes.
      Class space:        1.00 GB reserved,       7.56 MB ( <1%) committed,  1 nodes.
             Both:        1.06 GB reserved,      58.69 MB (  5%) committed. 

Chunk freelists:
   Non-Class:  12.12 MB
       Class:  8.34 MB
        Both:  20.47 MB

MaxMetaspaceSize: unlimited
CompressedClassSpaceSize: 1.00 GB
Initial GC threshold: 21.00 MB
Current GC threshold: 58.69 MB
CDS: on
 - commit_granule_bytes: 65536.
 - commit_granule_words: 8192.
 - virtual_space_node_default_size: 8388608.
 - enlarge_chunks_in_place: 1.
 - use_allocation_guard: 0.


Internal statistics:

num_allocs_failed_limit: 13.
num_arena_births: 1160.
num_arena_deaths: 14.
num_vsnodes_births: 2.
num_vsnodes_deaths: 0.
num_space_committed: 939.
num_space_uncommitted: 0.
num_chunks_returned_to_freelist: 27.
num_chunks_taken_from_freelist: 3885.
num_chunk_merges: 18.
num_chunk_splits: 2429.
num_chunks_enlarged: 1363.
num_inconsistent_stats: 0.

CodeHeap 'non-profiled nmethods': size=120000Kb used=3439Kb max_used=3439Kb free=116560Kb
 bounds [0x0000027a8c020000, 0x0000027a8c380000, 0x0000027a93550000]
CodeHeap 'profiled nmethods': size=120000Kb used=14181Kb max_used=14181Kb free=105818Kb
 bounds [0x0000027a84550000, 0x0000027a85330000, 0x0000027a8ba80000]
CodeHeap 'non-nmethods': size=5760Kb used=1387Kb max_used=1435Kb free=4372Kb
 bounds [0x0000027a8ba80000, 0x0000027a8bcf0000, 0x0000027a8c020000]
CodeCache: size=245760Kb, used=19007Kb, max_used=19055Kb, free=226750Kb
 total_blobs=7730, nmethods=7053, adapters=583, full_count=0
Compilation: enabled, stopped_count=0, restarted_count=0

Compilation events (20 events):
Event: 16.818 Thread 0x0000027a9bf32360 7665       3       org.eclipse.jdt.internal.core.ClasspathAttribute::equals (46 bytes)
Event: 16.818 Thread 0x0000027a9bf32360 nmethod 7665 0x0000027a85323d90 code [0x0000027a85323f80, 0x0000027a85324400]
Event: 16.822 Thread 0x0000027a9bf32360 7666       1       org.eclipse.jdt.internal.core.ClasspathEntry::getInclusionPatterns (5 bytes)
Event: 16.822 Thread 0x0000027a9bf32360 nmethod 7666 0x0000027a8c37b910 code [0x0000027a8c37baa0, 0x0000027a8c37bb70]
Event: 16.822 Thread 0x0000027a9bf32360 7668       3       org.eclipse.jdt.internal.core.ClasspathEntry::equalPatterns (65 bytes)
Event: 16.822 Thread 0x0000027a9bf32360 nmethod 7668 0x0000027a85324590 code [0x0000027a853247a0, 0x0000027a85324c80]
Event: 16.822 Thread 0x0000027a9bf32360 7667       1       org.eclipse.jdt.internal.core.ClasspathEntry::getExclusionPatterns (5 bytes)
Event: 16.822 Thread 0x0000027a9bf32360 nmethod 7667 0x0000027a8c37bc10 code [0x0000027a8c37bda0, 0x0000027a8c37be70]
Event: 16.824 Thread 0x0000027a9bf32360 7670       2       org.eclipse.jdt.internal.core.ClasspathEntry::equals (274 bytes)
Event: 16.825 Thread 0x0000027a9bf32360 nmethod 7670 0x0000027a85324e90 code [0x0000027a85325140, 0x0000027a853259e8]
Event: 16.825 Thread 0x0000027a9bf32360 7671       2       org.eclipse.jdt.internal.core.ClasspathEntry::equalAttributes (55 bytes)
Event: 16.826 Thread 0x0000027a9bf32360 nmethod 7671 0x0000027a85325d10 code [0x0000027a85325ee0, 0x0000027a85326190]
Event: 16.826 Thread 0x0000027a9bf32360 7672       3       org.eclipse.core.internal.resources.Resource::exists (24 bytes)
Event: 16.826 Thread 0x0000027a9bf32360 nmethod 7672 0x0000027a85326310 code [0x0000027a853264e0, 0x0000027a85326838]
Event: 16.840 Thread 0x0000027a9bf32360 7674       2       org.eclipse.core.internal.preferences.EclipsePreferences::firePreferenceEvent (60 bytes)
Event: 16.841 Thread 0x0000027a9bf32360 nmethod 7674 0x0000027a85326990 code [0x0000027a85326c00, 0x0000027a85327310]
Event: 16.841 Thread 0x0000027a9bf32360 7675       2       org.eclipse.core.internal.registry.RegistryObjectManager::getHandles (235 bytes)
Event: 16.842 Thread 0x0000027a9bf32360 nmethod 7675 0x0000027a85327790 code [0x0000027a853279c0, 0x0000027a853285f0]
Event: 16.848 Thread 0x0000027a9bf32360 7677       2       org.eclipse.core.internal.preferences.EclipsePreferences::getBoolean (21 bytes)
Event: 16.849 Thread 0x0000027a9bf32360 nmethod 7677 0x0000027a85328a10 code [0x0000027a85328bc0, 0x0000027a85328d40]

GC Heap History (20 events):
Event: 14.380 GC heap before
{Heap before GC invocations=30 (full 2):
 PSYoungGen      total 20992K, used 19360K [0x00000007aab00000, 0x00000007ac300000, 0x0000000800000000)
  eden space 18944K, 100% used [0x00000007aab00000,0x00000007abd80000,0x00000007abd80000)
  from space 2048K, 20% used [0x00000007abf00000,0x00000007abf68000,0x00000007ac100000)
  to   space 1024K, 0% used [0x00000007ac200000,0x00000007ac200000,0x00000007ac300000)
 ParOldGen       total 68608K, used 54524K [0x0000000700000000, 0x0000000704300000, 0x00000007aab00000)
  object space 68608K, 79% used [0x0000000700000000,0x000000070353f290,0x0000000704300000)
 Metaspace       used 51843K, committed 53184K, reserved 1114112K
  class space    used 5918K, committed 6528K, reserved 1048576K
}
Event: 14.385 GC heap after
{Heap after GC invocations=30 (full 2):
 PSYoungGen      total 19968K, used 998K [0x00000007aab00000, 0x00000007ac680000, 0x0000000800000000)
  eden space 18944K, 0% used [0x00000007aab00000,0x00000007aab00000,0x00000007abd80000)
  from space 1024K, 97% used [0x00000007ac200000,0x00000007ac2f99d0,0x00000007ac300000)
  to   space 4608K, 0% used [0x00000007abd80000,0x00000007abd80000,0x00000007ac200000)
 ParOldGen       total 68608K, used 57262K [0x0000000700000000, 0x0000000704300000, 0x00000007aab00000)
  object space 68608K, 83% used [0x0000000700000000,0x00000007037eb918,0x0000000704300000)
 Metaspace       used 51843K, committed 53184K, reserved 1114112K
  class space    used 5918K, committed 6528K, reserved 1048576K
}
Event: 14.524 GC heap before
{Heap before GC invocations=31 (full 2):
 PSYoungGen      total 19968K, used 19942K [0x00000007aab00000, 0x00000007ac680000, 0x0000000800000000)
  eden space 18944K, 100% used [0x00000007aab00000,0x00000007abd80000,0x00000007abd80000)
  from space 1024K, 97% used [0x00000007ac200000,0x00000007ac2f99d0,0x00000007ac300000)
  to   space 4608K, 0% used [0x00000007abd80000,0x00000007abd80000,0x00000007ac200000)
 ParOldGen       total 68608K, used 57262K [0x0000000700000000, 0x0000000704300000, 0x00000007aab00000)
  object space 68608K, 83% used [0x0000000700000000,0x00000007037eb918,0x0000000704300000)
 Metaspace       used 52037K, committed 53440K, reserved 1114112K
  class space    used 5963K, committed 6592K, reserved 1048576K
}
Event: 14.525 GC heap after
{Heap after GC invocations=31 (full 2):
 PSYoungGen      total 19968K, used 763K [0x00000007aab00000, 0x00000007ac280000, 0x0000000800000000)
  eden space 18944K, 0% used [0x00000007aab00000,0x00000007aab00000,0x00000007abd80000)
  from space 1024K, 74% used [0x00000007abd80000,0x00000007abe3eed0,0x00000007abe80000)
  to   space 2048K, 0% used [0x00000007ac080000,0x00000007ac080000,0x00000007ac280000)
 ParOldGen       total 68608K, used 58226K [0x0000000700000000, 0x0000000704300000, 0x00000007aab00000)
  object space 68608K, 84% used [0x0000000700000000,0x00000007038dca98,0x0000000704300000)
 Metaspace       used 52037K, committed 53440K, reserved 1114112K
  class space    used 5963K, committed 6592K, reserved 1048576K
}
Event: 14.795 GC heap before
{Heap before GC invocations=32 (full 2):
 PSYoungGen      total 19968K, used 19707K [0x00000007aab00000, 0x00000007ac280000, 0x0000000800000000)
  eden space 18944K, 100% used [0x00000007aab00000,0x00000007abd80000,0x00000007abd80000)
  from space 1024K, 74% used [0x00000007abd80000,0x00000007abe3eed0,0x00000007abe80000)
  to   space 2048K, 0% used [0x00000007ac080000,0x00000007ac080000,0x00000007ac280000)
 ParOldGen       total 68608K, used 58226K [0x0000000700000000, 0x0000000704300000, 0x00000007aab00000)
  object space 68608K, 84% used [0x0000000700000000,0x00000007038dca98,0x0000000704300000)
 Metaspace       used 52974K, committed 54400K, reserved 1114112K
  class space    used 6144K, committed 6784K, reserved 1048576K
}
Event: 14.798 GC heap after
{Heap after GC invocations=32 (full 2):
 PSYoungGen      total 19968K, used 737K [0x00000007aab00000, 0x00000007ac180000, 0x0000000800000000)
  eden space 18944K, 0% used [0x00000007aab00000,0x00000007aab00000,0x00000007abd80000)
  from space 1024K, 72% used [0x00000007ac080000,0x00000007ac138630,0x00000007ac180000)
  to   space 1024K, 0% used [0x00000007abd80000,0x00000007abd80000,0x00000007abe80000)
 ParOldGen       total 68608K, used 58925K [0x0000000700000000, 0x0000000704300000, 0x00000007aab00000)
  object space 68608K, 85% used [0x0000000700000000,0x000000070398b7b0,0x0000000704300000)
 Metaspace       used 52974K, committed 54400K, reserved 1114112K
  class space    used 6144K, committed 6784K, reserved 1048576K
}
Event: 15.009 GC heap before
{Heap before GC invocations=33 (full 2):
 PSYoungGen      total 19968K, used 19681K [0x00000007aab00000, 0x00000007ac180000, 0x0000000800000000)
  eden space 18944K, 100% used [0x00000007aab00000,0x00000007abd80000,0x00000007abd80000)
  from space 1024K, 72% used [0x00000007ac080000,0x00000007ac138630,0x00000007ac180000)
  to   space 1024K, 0% used [0x00000007abd80000,0x00000007abd80000,0x00000007abe80000)
 ParOldGen       total 68608K, used 58925K [0x0000000700000000, 0x0000000704300000, 0x00000007aab00000)
  object space 68608K, 85% used [0x0000000700000000,0x000000070398b7b0,0x0000000704300000)
 Metaspace       used 54565K, committed 55936K, reserved 1114112K
  class space    used 6396K, committed 7040K, reserved 1048576K
}
Event: 15.011 GC heap after
{Heap after GC invocations=33 (full 2):
 PSYoungGen      total 19968K, used 352K [0x00000007aab00000, 0x00000007ac100000, 0x0000000800000000)
  eden space 18944K, 0% used [0x00000007aab00000,0x00000007aab00000,0x00000007abd80000)
  from space 1024K, 34% used [0x00000007abd80000,0x00000007abdd8000,0x00000007abe80000)
  to   space 1024K, 0% used [0x00000007ac000000,0x00000007ac000000,0x00000007ac100000)
 ParOldGen       total 68608K, used 59565K [0x0000000700000000, 0x0000000704300000, 0x00000007aab00000)
  object space 68608K, 86% used [0x0000000700000000,0x0000000703a2b7d0,0x0000000704300000)
 Metaspace       used 54565K, committed 55936K, reserved 1114112K
  class space    used 6396K, committed 7040K, reserved 1048576K
}
Event: 15.304 GC heap before
{Heap before GC invocations=34 (full 2):
 PSYoungGen      total 19968K, used 19296K [0x00000007aab00000, 0x00000007ac100000, 0x0000000800000000)
  eden space 18944K, 100% used [0x00000007aab00000,0x00000007abd80000,0x00000007abd80000)
  from space 1024K, 34% used [0x00000007abd80000,0x00000007abdd8000,0x00000007abe80000)
  to   space 1024K, 0% used [0x00000007ac000000,0x00000007ac000000,0x00000007ac100000)
 ParOldGen       total 68608K, used 59565K [0x0000000700000000, 0x0000000704300000, 0x00000007aab00000)
  object space 68608K, 86% used [0x0000000700000000,0x0000000703a2b7d0,0x0000000704300000)
 Metaspace       used 55794K, committed 57152K, reserved 1114112K
  class space    used 6611K, committed 7232K, reserved 1048576K
}
Event: 15.307 GC heap after
{Heap after GC invocations=34 (full 2):
 PSYoungGen      total 19456K, used 400K [0x00000007aab00000, 0x00000007ac080000, 0x0000000800000000)
  eden space 18944K, 0% used [0x00000007aab00000,0x00000007aab00000,0x00000007abd80000)
  from space 512K, 78% used [0x00000007ac000000,0x00000007ac064010,0x00000007ac080000)
  to   space 512K, 0% used [0x00000007abf80000,0x00000007abf80000,0x00000007ac000000)
 ParOldGen       total 68608K, used 59853K [0x0000000700000000, 0x0000000704300000, 0x00000007aab00000)
  object space 68608K, 87% used [0x0000000700000000,0x0000000703a737d0,0x0000000704300000)
 Metaspace       used 55794K, committed 57152K, reserved 1114112K
  class space    used 6611K, committed 7232K, reserved 1048576K
}
Event: 15.646 GC heap before
{Heap before GC invocations=35 (full 2):
 PSYoungGen      total 19456K, used 19344K [0x00000007aab00000, 0x00000007ac080000, 0x0000000800000000)
  eden space 18944K, 100% used [0x00000007aab00000,0x00000007abd80000,0x00000007abd80000)
  from space 512K, 78% used [0x00000007ac000000,0x00000007ac064010,0x00000007ac080000)
  to   space 512K, 0% used [0x00000007abf80000,0x00000007abf80000,0x00000007ac000000)
 ParOldGen       total 68608K, used 59853K [0x0000000700000000, 0x0000000704300000, 0x00000007aab00000)
  object space 68608K, 87% used [0x0000000700000000,0x0000000703a737d0,0x0000000704300000)
 Metaspace       used 55794K, committed 57152K, reserved 1114112K
  class space    used 6611K, committed 7232K, reserved 1048576K
}
Event: 15.648 GC heap after
{Heap after GC invocations=35 (full 2):
 PSYoungGen      total 19456K, used 32K [0x00000007aab00000, 0x00000007ac080000, 0x0000000800000000)
  eden space 18944K, 0% used [0x00000007aab00000,0x00000007aab00000,0x00000007abd80000)
  from space 512K, 6% used [0x00000007abf80000,0x00000007abf88000,0x00000007ac000000)
  to   space 512K, 0% used [0x00000007ac000000,0x00000007ac000000,0x00000007ac080000)
 ParOldGen       total 68608K, used 60181K [0x0000000700000000, 0x0000000704300000, 0x00000007aab00000)
  object space 68608K, 87% used [0x0000000700000000,0x0000000703ac54e0,0x0000000704300000)
 Metaspace       used 55794K, committed 57152K, reserved 1114112K
  class space    used 6611K, committed 7232K, reserved 1048576K
}
Event: 15.970 GC heap before
{Heap before GC invocations=36 (full 2):
 PSYoungGen      total 19456K, used 18976K [0x00000007aab00000, 0x00000007ac080000, 0x0000000800000000)
  eden space 18944K, 100% used [0x00000007aab00000,0x00000007abd80000,0x00000007abd80000)
  from space 512K, 6% used [0x00000007abf80000,0x00000007abf88000,0x00000007ac000000)
  to   space 512K, 0% used [0x00000007ac000000,0x00000007ac000000,0x00000007ac080000)
 ParOldGen       total 68608K, used 60181K [0x0000000700000000, 0x0000000704300000, 0x00000007aab00000)
  object space 68608K, 87% used [0x0000000700000000,0x0000000703ac54e0,0x0000000704300000)
 Metaspace       used 55802K, committed 57152K, reserved 1114112K
  class space    used 6612K, committed 7232K, reserved 1048576K
}
Event: 15.971 GC heap after
{Heap after GC invocations=36 (full 2):
 PSYoungGen      total 19456K, used 128K [0x00000007aab00000, 0x00000007ac080000, 0x0000000800000000)
  eden space 18944K, 0% used [0x00000007aab00000,0x00000007aab00000,0x00000007abd80000)
  from space 512K, 25% used [0x00000007ac000000,0x00000007ac020000,0x00000007ac080000)
  to   space 512K, 0% used [0x00000007abf80000,0x00000007abf80000,0x00000007ac000000)
 ParOldGen       total 68608K, used 60197K [0x0000000700000000, 0x0000000704300000, 0x00000007aab00000)
  object space 68608K, 87% used [0x0000000700000000,0x0000000703ac94e0,0x0000000704300000)
 Metaspace       used 55802K, committed 57152K, reserved 1114112K
  class space    used 6612K, committed 7232K, reserved 1048576K
}
Event: 16.428 GC heap before
{Heap before GC invocations=37 (full 2):
 PSYoungGen      total 19456K, used 19072K [0x00000007aab00000, 0x00000007ac080000, 0x0000000800000000)
  eden space 18944K, 100% used [0x00000007aab00000,0x00000007abd80000,0x00000007abd80000)
  from space 512K, 25% used [0x00000007ac000000,0x00000007ac020000,0x00000007ac080000)
  to   space 512K, 0% used [0x00000007abf80000,0x00000007abf80000,0x00000007ac000000)
 ParOldGen       total 68608K, used 60197K [0x0000000700000000, 0x0000000704300000, 0x00000007aab00000)
  object space 68608K, 87% used [0x0000000700000000,0x0000000703ac94e0,0x0000000704300000)
 Metaspace       used 56425K, committed 57856K, reserved 1114112K
  class space    used 6685K, committed 7296K, reserved 1048576K
}
Event: 16.429 GC heap after
{Heap after GC invocations=37 (full 2):
 PSYoungGen      total 19456K, used 455K [0x00000007aab00000, 0x00000007ac080000, 0x0000000800000000)
  eden space 18944K, 0% used [0x00000007aab00000,0x00000007aab00000,0x00000007abd80000)
  from space 512K, 88% used [0x00000007abf80000,0x00000007abff1da8,0x00000007ac000000)
  to   space 512K, 0% used [0x00000007ac000000,0x00000007ac000000,0x00000007ac080000)
 ParOldGen       total 68608K, used 60229K [0x0000000700000000, 0x0000000704300000, 0x00000007aab00000)
  object space 68608K, 87% used [0x0000000700000000,0x0000000703ad14e0,0x0000000704300000)
 Metaspace       used 56425K, committed 57856K, reserved 1114112K
  class space    used 6685K, committed 7296K, reserved 1048576K
}
Event: 16.709 GC heap before
{Heap before GC invocations=38 (full 2):
 PSYoungGen      total 19456K, used 19399K [0x00000007aab00000, 0x00000007ac080000, 0x0000000800000000)
  eden space 18944K, 100% used [0x00000007aab00000,0x00000007abd80000,0x00000007abd80000)
  from space 512K, 88% used [0x00000007abf80000,0x00000007abff1da8,0x00000007ac000000)
  to   space 512K, 0% used [0x00000007ac000000,0x00000007ac000000,0x00000007ac080000)
 ParOldGen       total 68608K, used 60229K [0x0000000700000000, 0x0000000704300000, 0x00000007aab00000)
  object space 68608K, 87% used [0x0000000700000000,0x0000000703ad14e0,0x0000000704300000)
 Metaspace       used 57590K, committed 58944K, reserved 1114112K
  class space    used 6884K, committed 7488K, reserved 1048576K
}
Event: 16.710 GC heap after
{Heap after GC invocations=38 (full 2):
 PSYoungGen      total 19456K, used 491K [0x00000007aab00000, 0x00000007ac080000, 0x0000000800000000)
  eden space 18944K, 0% used [0x00000007aab00000,0x00000007aab00000,0x00000007abd80000)
  from space 512K, 95% used [0x00000007ac000000,0x00000007ac07ac68,0x00000007ac080000)
  to   space 1536K, 0% used [0x00000007abd80000,0x00000007abd80000,0x00000007abf00000)
 ParOldGen       total 68608K, used 60691K [0x0000000700000000, 0x0000000704300000, 0x00000007aab00000)
  object space 68608K, 88% used [0x0000000700000000,0x0000000703b44e80,0x0000000704300000)
 Metaspace       used 57590K, committed 58944K, reserved 1114112K
  class space    used 6884K, committed 7488K, reserved 1048576K
}
Event: 16.850 GC heap before
{Heap before GC invocations=39 (full 2):
 PSYoungGen      total 19456K, used 12403K [0x00000007aab00000, 0x00000007ac080000, 0x0000000800000000)
  eden space 18944K, 62% used [0x00000007aab00000,0x00000007ab6a2150,0x00000007abd80000)
  from space 512K, 95% used [0x00000007ac000000,0x00000007ac07ac68,0x00000007ac080000)
  to   space 1536K, 0% used [0x00000007abd80000,0x00000007abd80000,0x00000007abf00000)
 ParOldGen       total 68608K, used 60691K [0x0000000700000000, 0x0000000704300000, 0x00000007aab00000)
  object space 68608K, 88% used [0x0000000700000000,0x0000000703b44e80,0x0000000704300000)
 Metaspace       used 58409K, committed 59840K, reserved 1114112K
  class space    used 7033K, committed 7680K, reserved 1048576K
}
Event: 16.851 GC heap after
{Heap after GC invocations=39 (full 2):
 PSYoungGen      total 20480K, used 441K [0x00000007aab00000, 0x00000007ac080000, 0x0000000800000000)
  eden space 18944K, 0% used [0x00000007aab00000,0x00000007aab00000,0x00000007abd80000)
  from space 1536K, 28% used [0x00000007abd80000,0x00000007abdee6e8,0x00000007abf00000)
  to   space 1024K, 0% used [0x00000007abf80000,0x00000007abf80000,0x00000007ac080000)
 ParOldGen       total 68608K, used 61128K [0x0000000700000000, 0x0000000704300000, 0x00000007aab00000)
  object space 68608K, 89% used [0x0000000700000000,0x0000000703bb22a8,0x0000000704300000)
 Metaspace       used 58409K, committed 59840K, reserved 1114112K
  class space    used 7033K, committed 7680K, reserved 1048576K
}

Dll operation events (20 events):
Event: 0.161 Attempting to load shared library C:\Users\Dnyaneshwar Algule\.antigravity-ide\extensions\redhat.java-1.56.0-win32-x64\jre\21.0.12.1-win32-x86_64\bin\net.dll
Event: 0.162 Loaded shared library C:\Users\Dnyaneshwar Algule\.antigravity-ide\extensions\redhat.java-1.56.0-win32-x64\jre\21.0.12.1-win32-x86_64\bin\net.dll
Event: 0.164 Attempting to load shared library C:\Users\Dnyaneshwar Algule\.antigravity-ide\extensions\redhat.java-1.56.0-win32-x64\jre\21.0.12.1-win32-x86_64\bin\nio.dll
Event: 0.165 Loaded shared library C:\Users\Dnyaneshwar Algule\.antigravity-ide\extensions\redhat.java-1.56.0-win32-x64\jre\21.0.12.1-win32-x86_64\bin\nio.dll
Event: 0.170 Attempting to load shared library C:\Users\Dnyaneshwar Algule\.antigravity-ide\extensions\redhat.java-1.56.0-win32-x64\jre\21.0.12.1-win32-x86_64\bin\zip.dll
Event: 0.170 Loaded shared library C:\Users\Dnyaneshwar Algule\.antigravity-ide\extensions\redhat.java-1.56.0-win32-x64\jre\21.0.12.1-win32-x86_64\bin\zip.dll
Event: 0.186 Attempting to load shared library C:\Users\Dnyaneshwar Algule\.antigravity-ide\extensions\redhat.java-1.56.0-win32-x64\jre\21.0.12.1-win32-x86_64\bin\jimage.dll
Event: 0.186 Loaded shared library C:\Users\Dnyaneshwar Algule\.antigravity-ide\extensions\redhat.java-1.56.0-win32-x64\jre\21.0.12.1-win32-x86_64\bin\jimage.dll
Event: 0.266 Attempting to load shared library c:\Users\Dnyaneshwar Algule\.antigravity-ide\extensions\redhat.java-1.56.0-win32-x64\jre\21.0.12.1-win32-x86_64\bin\verify.dll
Event: 0.266 Loaded shared library c:\Users\Dnyaneshwar Algule\.antigravity-ide\extensions\redhat.java-1.56.0-win32-x64\jre\21.0.12.1-win32-x86_64\bin\verify.dll
Event: 2.408 Attempting to load shared library C:\Users\Dnyaneshwar Algule\AppData\Roaming\Antigravity IDE\User\globalStorage\redhat.java\1.56.0\config_win\org.eclipse.equinox.launcher\org.eclipse.equinox.launcher.win32.win32.x86_64_1.3.100.v20260804-1928\eclipse_1192
Event: 2.409 Loaded shared library C:\Users\Dnyaneshwar Algule\AppData\Roaming\Antigravity IDE\User\globalStorage\redhat.java\1.56.0\config_win\org.eclipse.equinox.launcher\org.eclipse.equinox.launcher.win32.win32.x86_64_1.3.100.v20260804-1928\eclipse_11924.dll
Event: 6.468 Attempting to load shared library C:\Users\Dnyaneshwar Algule\AppData\Local\Temp\jna--1296876824\jna7149987660673161651.dll
Event: 6.551 Loaded shared library C:\Users\Dnyaneshwar Algule\AppData\Local\Temp\jna--1296876824\jna7149987660673161651.dll
Event: 12.337 Attempting to load shared library C:\Users\Dnyaneshwar Algule\.gradle\native\660c5614fbf4a5f2a75b1949f50a0caf5cd603558e7d8a26e50b933a0cfb79d1\windows-amd64\native-platform.dll
Event: 12.340 Loaded shared library C:\Users\Dnyaneshwar Algule\.gradle\native\660c5614fbf4a5f2a75b1949f50a0caf5cd603558e7d8a26e50b933a0cfb79d1\windows-amd64\native-platform.dll
Event: 15.093 Attempting to load shared library C:\Users\Dnyaneshwar Algule\.antigravity-ide\extensions\redhat.java-1.56.0-win32-x64\jre\21.0.12.1-win32-x86_64\bin\management.dll
Event: 15.097 Loaded shared library C:\Users\Dnyaneshwar Algule\.antigravity-ide\extensions\redhat.java-1.56.0-win32-x64\jre\21.0.12.1-win32-x86_64\bin\management.dll
Event: 15.101 Attempting to load shared library C:\Users\Dnyaneshwar Algule\.antigravity-ide\extensions\redhat.java-1.56.0-win32-x64\jre\21.0.12.1-win32-x86_64\bin\management_ext.dll
Event: 15.102 Loaded shared library C:\Users\Dnyaneshwar Algule\.antigravity-ide\extensions\redhat.java-1.56.0-win32-x64\jre\21.0.12.1-win32-x86_64\bin\management_ext.dll

Deoptimization events (20 events):
Event: 16.605 Thread 0x0000027ae5203700 DEOPT PACKING pc=0x0000027a852da5e5 sp=0x000000e38c5fa320
Event: 16.605 Thread 0x0000027ae5203700 DEOPT UNPACKING pc=0x0000027a8bad78e2 sp=0x000000e38c5f97f8 mode 0
Event: 16.611 Thread 0x0000027ae5203700 DEOPT PACKING pc=0x0000027a84ffca0b sp=0x000000e38c5fa5a0
Event: 16.611 Thread 0x0000027ae5203700 DEOPT UNPACKING pc=0x0000027a8bad78e2 sp=0x000000e38c5f9ac0 mode 0
Event: 16.649 Thread 0x0000027ae5203700 DEOPT PACKING pc=0x0000027a84ffca0b sp=0x000000e38c5fa030
Event: 16.649 Thread 0x0000027ae5203700 DEOPT UNPACKING pc=0x0000027a8bad78e2 sp=0x000000e38c5f9550 mode 0
Event: 16.667 Thread 0x0000027ae5203700 DEOPT PACKING pc=0x0000027a852e6aaa sp=0x000000e38c5fa2d0
Event: 16.667 Thread 0x0000027ae5203700 DEOPT UNPACKING pc=0x0000027a8bad78e2 sp=0x000000e38c5f9790 mode 0
Event: 16.672 Thread 0x0000027ae5203700 DEOPT PACKING pc=0x0000027a852e8c79 sp=0x000000e38c5faa70
Event: 16.672 Thread 0x0000027ae5203700 DEOPT UNPACKING pc=0x0000027a8bad78e2 sp=0x000000e38c5f9f48 mode 0
Event: 16.699 Thread 0x0000027ae5203700 DEOPT PACKING pc=0x0000027a84ffca0b sp=0x000000e38c5f9720
Event: 16.699 Thread 0x0000027ae5203700 DEOPT UNPACKING pc=0x0000027a8bad78e2 sp=0x000000e38c5f8c40 mode 0
Event: 16.705 Thread 0x0000027ae5203700 DEOPT PACKING pc=0x0000027a852e8052 sp=0x000000e38c5f9af0
Event: 16.705 Thread 0x0000027ae5203700 DEOPT UNPACKING pc=0x0000027a8bad78e2 sp=0x000000e38c5f9000 mode 0
Event: 16.747 Thread 0x0000027ae5203700 DEOPT PACKING pc=0x0000027a84ffca0b sp=0x000000e38c5f7f90
Event: 16.747 Thread 0x0000027ae5203700 DEOPT UNPACKING pc=0x0000027a8bad78e2 sp=0x000000e38c5f74b0 mode 0
Event: 16.791 Thread 0x0000027ae5203700 DEOPT PACKING pc=0x0000027a84ffca0b sp=0x000000e38c5f8160
Event: 16.791 Thread 0x0000027ae5203700 DEOPT UNPACKING pc=0x0000027a8bad78e2 sp=0x000000e38c5f7680 mode 0
Event: 16.854 Thread 0x0000027ae5203700 DEOPT PACKING pc=0x0000027a84ffca0b sp=0x000000e38c5f8160
Event: 16.854 Thread 0x0000027ae5203700 DEOPT UNPACKING pc=0x0000027a8bad78e2 sp=0x000000e38c5f7680 mode 0

Classes loaded (20 events):
Event: 16.361 Loading class java/nio/charset/CharacterCodingException
Event: 16.361 Loading class java/nio/charset/CharacterCodingException done
Event: 16.361 Loading class java/io/ObjectOutputStream$BlockDataOutputStream
Event: 16.362 Loading class java/io/ObjectOutputStream$BlockDataOutputStream done
Event: 16.362 Loading class java/io/ObjectOutputStream$HandleTable
Event: 16.362 Loading class java/io/ObjectOutputStream$HandleTable done
Event: 16.362 Loading class java/io/ObjectOutputStream$ReplaceTable
Event: 16.362 Loading class java/io/ObjectOutputStream$ReplaceTable done
Event: 16.502 Loading class java/util/PriorityQueue
Event: 16.503 Loading class java/util/PriorityQueue done
Event: 16.613 Loading class java/util/OptionalInt
Event: 16.614 Loading class java/util/OptionalInt done
Event: 16.614 Loading class java/util/OptionalLong
Event: 16.614 Loading class java/util/OptionalLong done
Event: 16.614 Loading class java/util/OptionalDouble
Event: 16.614 Loading class java/util/OptionalDouble done
Event: 16.771 Loading class java/util/function/ObjIntConsumer
Event: 16.771 Loading class java/util/function/ObjIntConsumer done
Event: 16.828 Loading class java/util/WeakHashMap$KeyIterator
Event: 16.828 Loading class java/util/WeakHashMap$KeyIterator done

Classes unloaded (7 events):
Event: 9.523 Thread 0x0000027aff62d0d0 Unloading class 0x0000027a9d1a3000 'java/lang/invoke/LambdaForm$MH+0x0000027a9d1a3000'
Event: 9.523 Thread 0x0000027aff62d0d0 Unloading class 0x0000027a9d1a2c00 'java/lang/invoke/LambdaForm$MH+0x0000027a9d1a2c00'
Event: 9.523 Thread 0x0000027aff62d0d0 Unloading class 0x0000027a9d1a2800 'java/lang/invoke/LambdaForm$MH+0x0000027a9d1a2800'
Event: 9.523 Thread 0x0000027aff62d0d0 Unloading class 0x0000027a9d1a2400 'java/lang/invoke/LambdaForm$MH+0x0000027a9d1a2400'
Event: 9.523 Thread 0x0000027aff62d0d0 Unloading class 0x0000027a9d1a2000 'java/lang/invoke/LambdaForm$BMH+0x0000027a9d1a2000'
Event: 9.523 Thread 0x0000027aff62d0d0 Unloading class 0x0000027a9d1a1c00 'java/lang/invoke/LambdaForm$DMH+0x0000027a9d1a1c00'
Event: 9.523 Thread 0x0000027aff62d0d0 Unloading class 0x0000027a9d1a0800 'java/lang/invoke/LambdaForm$DMH+0x0000027a9d1a0800'

Classes redefined (0 events):
No events

Internal exceptions (20 events):
Event: 16.104 Thread 0x0000027ae3046e40 Exception <a 'sun/nio/fs/WindowsException'{0x00000007ab227040}> (0x00000007ab227040) 
thrown [s\src\hotspot\share\prims\jni.cpp, line 520]
Event: 16.104 Thread 0x0000027ae3046e40 Exception <a 'sun/nio/fs/WindowsException'{0x00000007ab227760}> (0x00000007ab227760) 
thrown [s\src\hotspot\share\prims\jni.cpp, line 520]
Event: 16.104 Thread 0x0000027ae3046e40 Exception <a 'sun/nio/fs/WindowsException'{0x00000007ab227ea0}> (0x00000007ab227ea0) 
thrown [s\src\hotspot\share\prims\jni.cpp, line 520]
Event: 16.104 Thread 0x0000027ae3046e40 Exception <a 'sun/nio/fs/WindowsException'{0x00000007ab22f4f0}> (0x00000007ab22f4f0) 
thrown [s\src\hotspot\share\prims\jni.cpp, line 520]
Event: 16.104 Thread 0x0000027ae3046e40 Exception <a 'sun/nio/fs/WindowsException'{0x00000007ab22fc00}> (0x00000007ab22fc00) 
thrown [s\src\hotspot\share\prims\jni.cpp, line 520]
Event: 16.104 Thread 0x0000027ae3046e40 Exception <a 'sun/nio/fs/WindowsException'{0x00000007ab230310}> (0x00000007ab230310) 
thrown [s\src\hotspot\share\prims\jni.cpp, line 520]
Event: 16.104 Thread 0x0000027ae3046e40 Exception <a 'sun/nio/fs/WindowsException'{0x00000007ab230a38}> (0x00000007ab230a38) 
thrown [s\src\hotspot\share\prims\jni.cpp, line 520]
Event: 16.105 Thread 0x0000027ae3046e40 Exception <a 'sun/nio/fs/WindowsException'{0x00000007ab237770}> (0x00000007ab237770) 
thrown [s\src\hotspot\share\prims\jni.cpp, line 520]
Event: 16.105 Thread 0x0000027ae3046e40 Exception <a 'sun/nio/fs/WindowsException'{0x00000007ab237e80}> (0x00000007ab237e80) 
thrown [s\src\hotspot\share\prims\jni.cpp, line 520]
Event: 16.105 Thread 0x0000027ae3046e40 Exception <a 'sun/nio/fs/WindowsException'{0x00000007ab238590}> (0x00000007ab238590) 
thrown [s\src\hotspot\share\prims\jni.cpp, line 520]
Event: 16.105 Thread 0x0000027ae3046e40 Exception <a 'sun/nio/fs/WindowsException'{0x00000007ab238cb8}> (0x00000007ab238cb8) 
thrown [s\src\hotspot\share\prims\jni.cpp, line 520]
Event: 16.816 Thread 0x0000027ae3047b60 Exception <a 'sun/nio/fs/WindowsException'{0x00000007ab4efa50}> (0x00000007ab4efa50) 
thrown [s\src\hotspot\share\prims\jni.cpp, line 520]
Event: 16.816 Thread 0x0000027ae3047b60 Exception <a 'sun/nio/fs/WindowsException'{0x00000007ab4f0330}> (0x00000007ab4f0330) 
thrown [s\src\hotspot\share\prims\jni.cpp, line 520]
Event: 16.823 Thread 0x0000027ae3047b60 Exception <a 'sun/nio/fs/WindowsException'{0x00000007ab557bf8}> (0x00000007ab557bf8) 
thrown [s\src\hotspot\share\prims\jni.cpp, line 520]
Event: 16.823 Thread 0x0000027ae3047b60 Exception <a 'sun/nio/fs/WindowsException'{0x00000007ab5584d8}> (0x00000007ab5584d8) 
thrown [s\src\hotspot\share\prims\jni.cpp, line 520]
Event: 16.825 Thread 0x0000027ae3047b60 Exception <a 'sun/nio/fs/WindowsException'{0x00000007ab563420}> (0x00000007ab563420) 
thrown [s\src\hotspot\share\prims\jni.cpp, line 520]
Event: 16.825 Thread 0x0000027ae3047b60 Exception <a 'sun/nio/fs/WindowsException'{0x00000007ab563d00}> (0x00000007ab563d00) 
thrown [s\src\hotspot\share\prims\jni.cpp, line 520]
Event: 16.830 Thread 0x0000027ae3047b60 Exception <a 'java/io/FileNotFoundException'{0x00000007ab5b4688}> (0x00000007ab5b4688) 
thrown [s\src\hotspot\share\prims\jni.cpp, line 520]
Event: 16.831 Thread 0x0000027ae3047b60 Exception <a 'java/io/FileNotFoundException'{0x00000007ab5b5990}> (0x00000007ab5b5990) 
thrown [s\src\hotspot\share\prims\jni.cpp, line 520]
Event: 16.831 Thread 0x0000027ae3047b60 Exception <a 'java/io/FileNotFoundException'{0x00000007ab5b6778}> (0x00000007ab5b6778) 
thrown [s\src\hotspot\share\prims\jni.cpp, line 520]

ZGC Phase Switch (0 events):
No events

VM Operations (20 events):
Event: 15.264 Executing non-safepoint VM operation: HandshakeAllThreads (Deoptimize)
Event: 15.264 Executing non-safepoint VM operation: HandshakeAllThreads (Deoptimize) done
Event: 15.272 Executing non-safepoint VM operation: HandshakeAllThreads (Deoptimize)
Event: 15.273 Executing non-safepoint VM operation: HandshakeAllThreads (Deoptimize) done
Event: 15.304 Executing safepoint VM operation: ParallelGCFailedAllocation (Allocation Failure)
Event: 15.307 Executing safepoint VM operation: ParallelGCFailedAllocation (Allocation Failure) done
Event: 15.646 Executing safepoint VM operation: ParallelGCFailedAllocation (Allocation Failure)
Event: 15.648 Executing safepoint VM operation: ParallelGCFailedAllocation (Allocation Failure) done
Event: 15.970 Executing safepoint VM operation: ParallelGCFailedAllocation (Allocation Failure)
Event: 15.971 Executing safepoint VM operation: ParallelGCFailedAllocation (Allocation Failure) done
Event: 16.152 Executing non-safepoint VM operation: HandshakeAllThreads (Deoptimize)
Event: 16.152 Executing non-safepoint VM operation: HandshakeAllThreads (Deoptimize) done
Event: 16.428 Executing safepoint VM operation: ParallelGCFailedAllocation (Allocation Failure)
Event: 16.429 Executing safepoint VM operation: ParallelGCFailedAllocation (Allocation Failure) done
Event: 16.709 Executing safepoint VM operation: ParallelGCFailedAllocation (Allocation Failure)
Event: 16.710 Executing safepoint VM operation: ParallelGCFailedAllocation (Allocation Failure) done
Event: 16.849 Executing safepoint VM operation: CollectForMetadataAllocation (Metadata GC Threshold)
Event: 16.850 Executing safepoint VM operation: CollectForMetadataAllocation (Metadata GC Threshold) done
Event: 16.850 Executing safepoint VM operation: ParallelGCSystemGC (GCLocker Initiated GC)
Event: 16.851 Executing safepoint VM operation: ParallelGCSystemGC (GCLocker Initiated GC) done

Memory protections (0 events):
No events

Nmethod flushes (20 events):
Event: 11.082 Thread 0x0000027aff62d0d0 flushing  nmethod 0x0000027a84c20690
Event: 11.082 Thread 0x0000027aff62d0d0 flushing  nmethod 0x0000027a84c20f90
Event: 11.082 Thread 0x0000027aff62d0d0 flushing  nmethod 0x0000027a84c22190
Event: 11.082 Thread 0x0000027aff62d0d0 flushing  nmethod 0x0000027a84c22990
Event: 11.082 Thread 0x0000027aff62d0d0 flushing  nmethod 0x0000027a84c24690
Event: 11.082 Thread 0x0000027aff62d0d0 flushing  nmethod 0x0000027a84c24b90
Event: 11.082 Thread 0x0000027aff62d0d0 flushing  nmethod 0x0000027a84c25090
Event: 11.082 Thread 0x0000027aff62d0d0 flushing  nmethod 0x0000027a84c25490
Event: 11.082 Thread 0x0000027aff62d0d0 flushing  nmethod 0x0000027a84c26010
Event: 11.082 Thread 0x0000027aff62d0d0 flushing  nmethod 0x0000027a84c26490
Event: 11.082 Thread 0x0000027aff62d0d0 flushing  nmethod 0x0000027a84c28390
Event: 11.082 Thread 0x0000027aff62d0d0 flushing  nmethod 0x0000027a84c28690
Event: 11.082 Thread 0x0000027aff62d0d0 flushing  nmethod 0x0000027a84c5d310
Event: 11.082 Thread 0x0000027aff62d0d0 flushing  nmethod 0x0000027a84c62110
Event: 11.082 Thread 0x0000027aff62d0d0 flushing  nmethod 0x0000027a84c65f10
Event: 11.082 Thread 0x0000027aff62d0d0 flushing  nmethod 0x0000027a84c7aa10
Event: 11.082 Thread 0x0000027aff62d0d0 flushing  nmethod 0x0000027a84cce110
Event: 11.082 Thread 0x0000027aff62d0d0 flushing  nmethod 0x0000027a84d06b90
Event: 11.082 Thread 0x0000027aff62d0d0 flushing  nmethod 0x0000027a84d08510
Event: 11.082 Thread 0x0000027aff62d0d0 flushing  nmethod 0x0000027a84d4cf90

Events (20 events):
Event: 11.379 Thread 0x0000027aff56d320 Thread added: 0x0000027ae351d850
Event: 11.481 Thread 0x0000027ae3049c30 Thread added: 0x0000027ae35219f0
Event: 12.055 Thread 0x0000027ae3046e40 Thread added: 0x0000027ae35247e0
Event: 12.056 Thread 0x0000027ae3046e40 Thread added: 0x0000027ae3522da0
Event: 12.063 Thread 0x0000027ae3522da0 Thread added: 0x0000027ae3523430
Event: 13.893 Thread 0x0000027ae3046e40 Thread added: 0x0000027ae3522080
Event: 15.257 Thread 0x0000027ae35219f0 Thread exited: 0x0000027ae35219f0
Event: 15.274 Thread 0x0000027ae3049c30 Thread added: 0x0000027ae35219f0
Event: 16.139 Thread 0x0000027ae3046e40 Thread added: 0x0000027ae3521360
Event: 16.143 Thread 0x0000027ae3046e40 Thread added: 0x0000027ae3522710
Event: 16.172 Thread 0x0000027ae3522710 Thread exited: 0x0000027ae3522710
Event: 16.189 Thread 0x0000027ae3046e40 Thread added: 0x0000027ae3522710
Event: 16.190 Thread 0x0000027ae3046e40 Thread added: 0x0000027ae3523ac0
Event: 16.210 Thread 0x0000027ae3523ac0 Thread exited: 0x0000027ae3523ac0
Event: 16.212 Thread 0x0000027ae3046e40 Thread added: 0x0000027ae3524150
Event: 16.291 Thread 0x0000027ae3046e40 Thread added: 0x0000027ae3523ac0
Event: 16.293 Thread 0x0000027ae3046e40 Thread added: 0x0000027ae5203700
Event: 16.307 Thread 0x0000027ae5203700 Thread exited: 0x0000027ae5203700
Event: 16.308 Thread 0x0000027ae3046e40 Thread added: 0x0000027ae5203d90
Event: 16.312 Thread 0x0000027ae3046e40 Thread added: 0x0000027ae5203700


Dynamic libraries:
0x00007ff714630000 - 0x00007ff71463e000 	c:\Users\Dnyaneshwar Algule\.antigravity-ide\extensions\redhat.java-1.56.0-win32-x64\jre\21.0.12.1-win32-x86_64\bin\java.exe
0x00007fffa6420000 - 0x00007fffa6687000 	C:\WINDOWS\SYSTEM32\ntdll.dll
0x00007fffa4cc0000 - 0x00007fffa4d8b000 	C:\WINDOWS\System32\KERNEL32.DLL
0x00007fffa3620000 - 0x00007fffa3a22000 	C:\WINDOWS\System32\KERNELBASE.dll
0x00007fffa3ae0000 - 0x00007fffa3c2c000 	C:\WINDOWS\System32\ucrtbase.dll
0x00007fff932f0000 - 0x00007fff93308000 	c:\Users\Dnyaneshwar Algule\.antigravity-ide\extensions\redhat.java-1.56.0-win32-x64\jre\21.0.12.1-win32-x86_64\bin\jli.dll
0x00007fffa4140000 - 0x00007fffa430f000 	C:\WINDOWS\System32\USER32.dll
0x00007fffa3c40000 - 0x00007fffa3c67000 	C:\WINDOWS\System32\win32u.dll
0x00007fffa4320000 - 0x00007fffa434b000 	C:\WINDOWS\System32\GDI32.dll
0x00007fffa3f50000 - 0x00007fffa4079000 	C:\WINDOWS\System32\gdi32full.dll
0x00007fffa3a30000 - 0x00007fffa3ad3000 	C:\WINDOWS\System32\msvcp_win.dll
0x00007fff932d0000 - 0x00007fff932ee000 	c:\Users\Dnyaneshwar Algule\.antigravity-ide\extensions\redhat.java-1.56.0-win32-x64\jre\21.0.12.1-win32-x86_64\bin\VCRUNTIME140.dll
0x00007fff8de20000 - 0x00007fff8e0b0000 	C:\WINDOWS\WinSxS\amd64_microsoft.windows.common-controls_6595b64144ccf1df_6.0.26100.9278_none_3e0d1ba8e3303201\COMCTL32.dll
0x00007fffa4ef0000 - 0x00007fffa4f99000 	C:\WINDOWS\System32\msvcrt.dll
0x00007fffa50d0000 - 0x00007fffa5101000 	C:\WINDOWS\System32\IMM32.DLL
0x00007fff93120000 - 0x00007fff9312c000 	c:\Users\Dnyaneshwar Algule\.antigravity-ide\extensions\redhat.java-1.56.0-win32-x64\jre\21.0.12.1-win32-x86_64\bin\vcruntime140_1.dll
0x00007fff89280000 - 0x00007fff8930d000 	c:\Users\Dnyaneshwar Algule\.antigravity-ide\extensions\redhat.java-1.56.0-win32-x64\jre\21.0.12.1-win32-x86_64\bin\msvcp140.dll
0x00007fff286c0000 - 0x00007fff29462000 	c:\Users\Dnyaneshwar Algule\.antigravity-ide\extensions\redhat.java-1.56.0-win32-x64\jre\21.0.12.1-win32-x86_64\bin\server\jvm.dll
0x00007fffa5f20000 - 0x00007fffa5fdc000 	C:\WINDOWS\System32\ADVAPI32.dll
0x00007fffa5e60000 - 0x00007fffa5f09000 	C:\WINDOWS\System32\sechost.dll
0x00007fffa4380000 - 0x00007fffa4498000 	C:\WINDOWS\System32\RPCRT4.dll
0x00007fffa56f0000 - 0x00007fffa5770000 	C:\WINDOWS\System32\WS2_32.dll
0x00007fffa3480000 - 0x00007fffa34de000 	C:\WINDOWS\SYSTEM32\POWRPROF.dll
0x00007fff9af30000 - 0x00007fff9af66000 	C:\WINDOWS\SYSTEM32\WINMM.dll
0x00007fff8fd70000 - 0x00007fff8fd7b000 	C:\WINDOWS\SYSTEM32\VERSION.dll
0x00007fffa3460000 - 0x00007fffa3475000 	C:\WINDOWS\SYSTEM32\UMPDC.dll
0x00007fffa22f0000 - 0x00007fffa230b000 	C:\WINDOWS\SYSTEM32\kernel.appcore.dll
0x00007fff93110000 - 0x00007fff9311a000 	c:\Users\Dnyaneshwar Algule\.antigravity-ide\extensions\redhat.java-1.56.0-win32-x64\jre\21.0.12.1-win32-x86_64\bin\jimage.dll
0x00007fff9dd00000 - 0x00007fff9df4c000 	C:\WINDOWS\SYSTEM32\DBGHELP.DLL
0x00007fffa5360000 - 0x00007fffa56e5000 	C:\WINDOWS\System32\combase.dll
0x00007fffa5110000 - 0x00007fffa51e9000 	C:\WINDOWS\System32\OLEAUT32.dll
0x00007fff80380000 - 0x00007fff803bb000 	C:\WINDOWS\SYSTEM32\dbgcore.DLL
0x00007fffa3c70000 - 0x00007fffa3d1c000 	C:\WINDOWS\System32\bcryptPrimitives.dll
0x00007fff92fc0000 - 0x00007fff92fcf000 	c:\Users\Dnyaneshwar Algule\.antigravity-ide\extensions\redhat.java-1.56.0-win32-x64\jre\21.0.12.1-win32-x86_64\bin\instrument.dll
0x00007fff89260000 - 0x00007fff89280000 	c:\Users\Dnyaneshwar Algule\.antigravity-ide\extensions\redhat.java-1.56.0-win32-x64\jre\21.0.12.1-win32-x86_64\bin\java.dll
0x00007fffa4520000 - 0x00007fffa4cb8000 	C:\WINDOWS\System32\SHELL32.dll
0x00007fffa10a0000 - 0x00007fffa194e000 	C:\WINDOWS\SYSTEM32\windows.storage.dll
0x00007fffa5d60000 - 0x00007fffa5e5b000 	C:\WINDOWS\System32\SHCORE.dll
0x00007fffa5ff0000 - 0x00007fffa6056000 	C:\WINDOWS\System32\shlwapi.dll
0x00007fffa3540000 - 0x00007fffa3569000 	C:\WINDOWS\SYSTEM32\profapi.dll
0x00007fff89240000 - 0x00007fff89258000 	c:\Users\Dnyaneshwar Algule\.antigravity-ide\extensions\redhat.java-1.56.0-win32-x64\jre\21.0.12.1-win32-x86_64\bin\zip.dll
0x00007fff8d940000 - 0x00007fff8d950000 	C:\Users\Dnyaneshwar Algule\.antigravity-ide\extensions\redhat.java-1.56.0-win32-x64\jre\21.0.12.1-win32-x86_64\bin\net.dll
0x00007fff95730000 - 0x00007fff9585a000 	C:\WINDOWS\SYSTEM32\WINHTTP.dll
0x00007fffa28b0000 - 0x00007fffa291c000 	C:\WINDOWS\system32\mswsock.dll
0x00007fff89220000 - 0x00007fff89236000 	C:\Users\Dnyaneshwar Algule\.antigravity-ide\extensions\redhat.java-1.56.0-win32-x64\jre\21.0.12.1-win32-x86_64\bin\nio.dll
0x00007fff89210000 - 0x00007fff89220000 	c:\Users\Dnyaneshwar Algule\.antigravity-ide\extensions\redhat.java-1.56.0-win32-x64\jre\21.0.12.1-win32-x86_64\bin\verify.dll
0x00007fff90f40000 - 0x00007fff90f85000 	C:\Users\Dnyaneshwar Algule\AppData\Roaming\Antigravity IDE\User\globalStorage\redhat.java\1.56.0\config_win\org.eclipse.equinox.launcher\org.eclipse.equinox.launcher.win32.win32.x86_64_1.3.100.v20260804-1928\eclipse_11924.dll
0x00007fffa6060000 - 0x00007fffa61fa000 	C:\WINDOWS\System32\ole32.dll
0x00007fffa2ba0000 - 0x00007fffa2bbb000 	C:\WINDOWS\SYSTEM32\CRYPTSP.dll
0x00007fffa2250000 - 0x00007fffa2289000 	C:\WINDOWS\system32\rsaenh.dll
0x00007fffa2960000 - 0x00007fffa2994000 	C:\WINDOWS\SYSTEM32\USERENV.dll
0x00007fffa3510000 - 0x00007fffa353a000 	C:\WINDOWS\SYSTEM32\bcrypt.dll
0x00007fffa2bc0000 - 0x00007fffa2bcc000 	C:\WINDOWS\SYSTEM32\CRYPTBASE.dll
0x00007fffa1e10000 - 0x00007fffa1e43000 	C:\WINDOWS\SYSTEM32\IPHLPAPI.DLL
0x00007fffa5f10000 - 0x00007fffa5f1a000 	C:\WINDOWS\System32\NSI.dll
0x00007fff6b0e0000 - 0x00007fff6b129000 	C:\Users\Dnyaneshwar Algule\AppData\Local\Temp\jna--1296876824\jna7149987660673161651.dll
0x00007fffa5d00000 - 0x00007fffa5d08000 	C:\WINDOWS\System32\PSAPI.DLL
0x00007fff95bd0000 - 0x00007fff95bed000 	C:\WINDOWS\SYSTEM32\dhcpcsvc6.DLL
0x00007fff95ba0000 - 0x00007fff95bc5000 	C:\WINDOWS\SYSTEM32\dhcpcsvc.DLL
0x00007fff92480000 - 0x00007fff924a7000 	C:\Users\Dnyaneshwar Algule\.gradle\native\660c5614fbf4a5f2a75b1949f50a0caf5cd603558e7d8a26e50b933a0cfb79d1\windows-amd64\native-platform.dll
0x00007fffa0200000 - 0x00007fffa020a000 	C:\Users\Dnyaneshwar Algule\.antigravity-ide\extensions\redhat.java-1.56.0-win32-x64\jre\21.0.12.1-win32-x86_64\bin\management.dll
0x00007fff93320000 - 0x00007fff9332c000 	C:\Users\Dnyaneshwar Algule\.antigravity-ide\extensions\redhat.java-1.56.0-win32-x64\jre\21.0.12.1-win32-x86_64\bin\management_ext.dll

JVMTI agents:
c:\Users\Dnyaneshwar Algule\.antigravity-ide\extensions\redhat.java-1.56.0-win32-x64\lombok\lombok-1.18.39-4050.jar path:c:\Users\Dnyaneshwar Algule\.antigravity-ide\extensions\redhat.java-1.56.0-win32-x64\jre\21.0.12.1-win32-x86_64\bin\instrument.dll, loaded, initialized, instrumentlib options:none

dbghelp: loaded successfully - version: 4.0.5 - missing functions: none
symbol engine: initialized successfully - sym options: 0x614 - pdb path: .;c:\Users\Dnyaneshwar Algule\.antigravity-ide\extensions\redhat.java-1.56.0-win32-x64\jre\21.0.12.1-win32-x86_64\bin;C:\WINDOWS\SYSTEM32;C:\WINDOWS\WinSxS\amd64_microsoft.windows.common-controls_6595b64144ccf1df_6.0.26100.9278_none_3e0d1ba8e3303201;c:\Users\Dnyaneshwar Algule\.antigravity-ide\extensions\redhat.java-1.56.0-win32-x64\jre\21.0.12.1-win32-x86_64\bin\server;C:\Users\Dnyaneshwar Algule\AppData\Roaming\Antigravity IDE\User\globalStorage\redhat.java\1.56.0\config_win\org.eclipse.equinox.launcher\org.eclipse.equinox.launcher.win32.win32.x86_64_1.3.100.v20260804-1928;C:\Users\Dnyaneshwar Algule\AppData\Local\Temp\jna--1296876824;C:\Users\Dnyaneshwar Algule\.gradle\native\660c5614fbf4a5f2a75b1949f50a0caf5cd603558e7d8a26e50b933a0cfb79d1\windows-amd64

VM Arguments:
jvm_args: --add-modules=ALL-SYSTEM --add-opens=java.base/java.util=ALL-UNNAMED --add-opens=java.base/java.lang=ALL-UNNAMED --add-opens=java.base/sun.nio.fs=ALL-UNNAMED -Declipse.application=org.eclipse.jdt.ls.core.id1 -Dosgi.bundles.defaultStartLevel=4 -Declipse.product=org.eclipse.jdt.ls.core.product -Djava.import.generatesMetadataFilesAtProjectRoot=false -Dm2e.project.cache.size=50 -DDetectVMInstallationsJob.disabled=true -Dfile.encoding=utf8 -XX:+UseParallelGC -XX:GCTimeRatio=4 -XX:AdaptiveSizePolicyWeight=90 -Dsun.zip.disableMemoryMapping=true -Xmx4G -Xms100m -Xlog:disable -javaagent:c:\Users\Dnyaneshwar Algule\.antigravity-ide\extensions\redhat.java-1.56.0-win32-x64\lombok\lombok-1.18.39-4050.jar -XX:+HeapDumpOnOutOfMemoryError -XX:HeapDumpPath=c:\Users\Dnyaneshwar Algule\AppData\Roaming\Antigravity IDE\User\workspaceStorage\bdad3307725f4615a0471e24280ceca6\redhat.java -Daether.dependencyCollector.impl=bf 
java_command: c:\Users\Dnyaneshwar Algule\.antigravity-ide\extensions\redhat.java-1.56.0-win32-x64\server\plugins\org.eclipse.equinox.launcher_1.8.0.v20260804-1928.jar -configuration c:\Users\Dnyaneshwar Algule\AppData\Roaming\Antigravity IDE\User\globalStorage\redhat.java\1.56.0\config_win -data c:\Users\Dnyaneshwar Algule\AppData\Roaming\Antigravity IDE\User\workspaceStorage\bdad3307725f4615a0471e24280ceca6\redhat.java\jdt_ws --pipe=\\.\pipe\lsp-325219003bd3cc3df7fb1b7755fe1d52-sock
java_class_path (initial): c:\Users\Dnyaneshwar Algule\.antigravity-ide\extensions\redhat.java-1.56.0-win32-x64\server\plugins\org.eclipse.equinox.launcher_1.8.0.v20260804-1928.jar
Launcher Type: SUN_STANDARD

[Global flags]
    uintx AdaptiveSizePolicyWeight                 = 90                                        {product} {command line}
     intx CICompilerCount                          = 3                                         {product} {ergonomic}
    uintx GCTimeRatio                              = 4                                         {product} {command line}
     bool HeapDumpOnOutOfMemoryError               = true                                   {manageable} {command line}
    ccstr HeapDumpPath                             = c:\Users\Dnyaneshwar Algule\AppData\Roaming\Antigravity IDE\User\workspaceStorage\bdad3307725f4615a0471e24280ceca6\redhat.java         {manageable} {command line}
   size_t InitialHeapSize                          = 104857600                                 {product} {command line}
   size_t MaxHeapSize                              = 4294967296                                {product} {command line}
   size_t MaxNewSize                               = 1431306240                                {product} {ergonomic}
   size_t MinHeapDeltaBytes                        = 524288                                    {product} {ergonomic}
   size_t MinHeapSize                              = 104857600                                 {product} {command line}
   size_t NewSize                                  = 34603008                                  {product} {ergonomic}
    uintx NonNMethodCodeHeapSize                   = 5832780                                {pd product} {ergonomic}
    uintx NonProfiledCodeHeapSize                  = 122912730                              {pd product} {ergonomic}
   size_t OldSize                                  = 70254592                                  {product} {ergonomic}
    uintx ProfiledCodeHeapSize                     = 122912730                              {pd product} {ergonomic}
    uintx ReservedCodeCacheSize                    = 251658240                              {pd product} {ergonomic}
     bool SegmentedCodeCache                       = true                                      {product} {ergonomic}
   size_t SoftMaxHeapSize                          = 4294967296                             {manageable} {ergonomic}
     bool UseCompressedOops                        = true                           {product lp64_product} {ergonomic}
     bool UseLargePagesIndividualAllocation        = false                                  {pd product} {ergonomic}
     bool UseParallelGC                            = true                                      {product} {command line}

Logging:
Log output configuration:
 #0: stdout all=off uptime,level,tags foldmultilines=false
 #1: stderr all=off uptime,level,tags foldmultilines=false

Release file:
JAVA_VERSION="21.0.12.1" 
MODULES="java.base java.compiler java.datatransfer java.xml java.prefs java.desktop java.instrument java.logging java.management java.security.sasl java.naming java.rmi java.management.rmi java.net.http java.scripting java.security.jgss java.transaction.xa java.sql java.sql.rowset java.xml.crypto java.se java.smartcardio jdk.accessibility jdk.internal.jvmstat jdk.attach jdk.charsets jdk.internal.opt jdk.zipfs jdk.compiler jdk.crypto.ec jdk.crypto.cryptoki jdk.crypto.mscapi jdk.dynalink jdk.internal.ed jdk.editpad jdk.hotspot.agent jdk.httpserver jdk.internal.le jdk.internal.vm.ci jdk.internal.vm.compiler jdk.internal.vm.compiler.management jdk.jartool jdk.javadoc jdk.jcmd jdk.management jdk.management.agent jdk.jconsole jdk.jdeps jdk.jdwp.agent jdk.jdi jdk.jfr jdk.jshell jdk.jsobject jdk.jstatd jdk.localedata jdk.management.jfr jdk.naming.dns jdk.naming.rmi jdk.net jdk.nio.mapmode jdk.random jdk.sctp jdk.security.auth jdk.security.jgss jdk.unsupported jdk.unsupported.desktop jdk.xml.dom" 

Environment Variables:
JAVA_HOME=C:\Program Files\Java\jdk-17
PATH=C:\Program Files\Common Files\Oracle\Java\javapath;C:\WINDOWS\system32;C:\WINDOWS;C:\WINDOWS\System32\Wbem;C:\WINDOWS\System32\WindowsPowerShell\v1.0\;C:\WINDOWS\System32\OpenSSH\;C:\Users\Dnyaneshwar Algule\anaconda3\condabin;C:\Program Files\WireGuard\;C:\Program Files\Java\jdk-17\bin;C:\Program Files (x86)\pcsuite\;C:\Program Files\nodejs\;C:\Program Files\Git\cmd;C:\Program Files\MySQL\MySQL Shell 8.0\bin\;C:\Users\Dnyaneshwar Algule\AppData\Local\Programs\Python\Python312\Scripts\;C:\Users\Dnyaneshwar Algule\AppData\Local\Programs\Python\Python312\;C:\Users\Dnyaneshwar Algule\AppData\Local\Programs\Python\Launcher\;C:\Users\Dnyaneshwar Algule\AppData\Local\Microsoft\WindowsApps;C:\MinGW\bin;C:\Users\Dnyaneshwar Algule\AppData\Local\Programs\MiKTeX\miktex\bin\x64\;C:\Users\Dnyaneshwar Algule\AppData\Local\Programs\Microsoft VS Code\bin;C:\Users\Dnyaneshwar Algule\AppData\Roaming\npm;C:\Users\Dnyaneshwar Algule\AppData\Local\Programs\cursor\resources\app\bin;C:\Users\Dnyaneshwar Algule\AppData\Local\Programs\Antigravity IDE\bin;C:\Users\Dnyaneshwar Algule\AppData\Local\Programs\Devin\bin;C:\Users\Dnyaneshwar Algule\AppData\Local\Android\Sdk\platform-tools;C:\Users\Dnyaneshwar Algule\AppData\Local\Android\Sdk\emulator;C:\Users\Dnyaneshwar Algule\AppData\Local\Google\Cloud SDK\google-cloud-sdk\bin
USERNAME=Dnyaneshwar Algule
OS=Windows_NT
PROCESSOR_IDENTIFIER=Intel64 Family 6 Model 140 Stepping 1, GenuineIntel
TMP=C:\Users\DNYANE~1\AppData\Local\Temp
TEMP=C:\Users\DNYANE~1\AppData\Local\Temp




Periodic native trim disabled

---------------  S Y S T E M  ---------------

OS:
 Windows 11 , 64 bit Build 26100 (10.0.26100.9444)
OS uptime: 0 days 11:28 hours

CPU: total 4 (initial active 4) (2 cores per cpu, 2 threads per core) family 6 model 140 stepping 1 microcode 0x86, cx8, cmov, fxsr, ht, mmx, 3dnowpref, sse, sse2, sse3, ssse3, sse4.1, sse4.2, popcnt, lzcnt, tsc, tscinvbit, avx, avx2, aes, erms, clmul, bmi1, bmi2, adx, avx512f, avx512dq, avx512cd, avx512bw, avx512vl, sha, fma, vzeroupper, avx512_vpopcntdq, avx512_vpclmulqdq, avx512_vaes, avx512_vnni, clflush, clflushopt, clwb, avx512_vbmi2, avx512_vbmi, rdtscp, rdpid, fsrm, gfni, avx512_bitalg, f16c, pku, cet_ibt, cet_ss, avx512_ifma
Processor Information for the first 4 processors :
  Max Mhz: 2995, Current Mhz: 2995, Mhz Limit: 2995

Memory: 4k page, system-wide physical 7886M (292M free)
TotalPageFile size 19869M (AvailPageFile size 3M)
current process WorkingSet (physical memory assigned to process): 274M, peak: 274M
current process commit charge ("private bytes"): 410M, peak: 412M

vm_info: OpenJDK 64-Bit Server VM (21.0.12.1+1-LTS) for windows-amd64 JRE (21.0.12.1+1-LTS), built on 2026-08-18T00:00:00Z by "admin" with MS VC++ 17.12 (VS2022)

END.
