#
# There is insufficient memory for the Java Runtime Environment to continue.
# Native memory allocation (malloc) failed to allocate 32744 bytes. Error detail: Chunk::new
# Possible reasons:
#   The system is out of physical RAM or swap space
#   This process is running with CompressedOops enabled, and the Java Heap may be blocking the growth of the native heap
# Possible solutions:
#   Reduce memory load on the system
#   Increase physical memory or swap space
#   Check if swap backing store is full
#   Decrease Java heap size (-Xmx/-Xms)
#   Decrease number of Java threads
#   Decrease Java thread stack sizes (-Xss)
#   Set larger code cache with -XX:ReservedCodeCacheSize=
#   JVM is running with Zero Based Compressed Oops mode in which the Java heap is
#     placed in the first 32GB address space. The Java Heap base address is the
#     maximum limit for the native heap growth. Please use -XX:HeapBaseMinAddress
#     to set the Java Heap base and to place the Java Heap above 32GB virtual address.
# This output file may be truncated or incomplete.
#
#  Out of Memory Error (arena.cpp:168), pid=7572, tid=8136
#
# JRE version: OpenJDK Runtime Environment Temurin-21.0.12.1+1 (21.0.12.1+1) (build 21.0.12.1+1-LTS)
# Java VM: OpenJDK 64-Bit Server VM Temurin-21.0.12.1+1 (21.0.12.1+1-LTS, mixed mode, sharing, tiered, compressed oops, compressed class ptrs, parallel gc, windows-amd64)
# No core dump will be written. Minidumps are not enabled by default on client versions of Windows
#

---------------  S U M M A R Y ------------

Command Line: --add-modules=ALL-SYSTEM --add-opens=java.base/java.util=ALL-UNNAMED --add-opens=java.base/java.lang=ALL-UNNAMED --add-opens=java.base/sun.nio.fs=ALL-UNNAMED -Declipse.application=org.eclipse.jdt.ls.core.id1 -Dosgi.bundles.defaultStartLevel=4 -Declipse.product=org.eclipse.jdt.ls.core.product -Djava.import.generatesMetadataFilesAtProjectRoot=false -Dm2e.project.cache.size=50 -DDetectVMInstallationsJob.disabled=true -Dfile.encoding=utf8 -XX:+UseParallelGC -XX:GCTimeRatio=4 -XX:AdaptiveSizePolicyWeight=90 -Dsun.zip.disableMemoryMapping=true -Xmx4G -Xms100m -Xlog:disable -javaagent:c:\Users\Dnyaneshwar Algule\.antigravity-ide\extensions\redhat.java-1.56.0-win32-x64\lombok\lombok-1.18.39-4050.jar -XX:+HeapDumpOnOutOfMemoryError -XX:HeapDumpPath=c:\Users\Dnyaneshwar Algule\AppData\Roaming\Antigravity IDE\User\workspaceStorage\bdad3307725f4615a0471e24280ceca6\redhat.java -Daether.dependencyCollector.impl=bf c:\Users\Dnyaneshwar Algule\.antigravity-ide\extensions\redhat.java-1.56.0-win32-x64\server\plugins\org.eclipse.equinox.launcher_1.8.0.v20260804-1928.jar -configuration c:\Users\Dnyaneshwar Algule\AppData\Roaming\Antigravity IDE\User\globalStorage\redhat.java\1.56.0\config_win -data c:\Users\Dnyaneshwar Algule\AppData\Roaming\Antigravity IDE\User\workspaceStorage\bdad3307725f4615a0471e24280ceca6\redhat.java\jdt_ws --pipe=\\.\pipe\lsp-0af01c4aee2a0c1c771f917effa51af2-sock

Host: 11th Gen Intel(R) Core(TM) i3-1115G4 @ 3.00GHz, 4 cores, 7G,  Windows 11 , 64 bit Build 26100 (10.0.26100.9444)
Time: Thu Sep 17 10:44:13 2026 India Standard Time elapsed time: 21.665232 seconds (0d 0h 0m 21s)

---------------  T H R E A D  ---------------

Current thread (0x00000211e118ec60):  JavaThread "C1 CompilerThread0" daemon [_thread_in_native, id=8136, stack(0x000000ef92600000,0x000000ef92700000) (1024K)]


Current CompileTask:
C1:21665 8263       3       java.text.SimpleDateFormat::subFormat (1264 bytes)

Stack: [0x000000ef92600000,0x000000ef92700000]
Native frames: (J=compiled Java code, j=interpreted, Vv=VM code, C=native code)
V  [jvm.dll+0x6d83e9]
V  [jvm.dll+0x8b5736]
V  [jvm.dll+0x8b7cee]
V  [jvm.dll+0x8b83d3]
V  [jvm.dll+0x284596]
V  [jvm.dll+0xc685d]
V  [jvm.dll+0xc6da1]
V  [jvm.dll+0x14195e]
V  [jvm.dll+0x140c17]
V  [jvm.dll+0x1a29f6]
V  [jvm.dll+0x1aed2b]
V  [jvm.dll+0x156acc]
V  [jvm.dll+0x156d32]
V  [jvm.dll+0x156fe4]
V  [jvm.dll+0x1563fc]
V  [jvm.dll+0x15818d]
V  [jvm.dll+0x25baad]
V  [jvm.dll+0x25a03a]
V  [jvm.dll+0x3f8aae]
V  [jvm.dll+0x8600cd]
V  [jvm.dll+0x6d6c1d]
C  [ucrtbase.dll+0x2cd30]
C  [KERNEL32.DLL+0x2cd87]
C  [ntdll.dll+0xacaec]


---------------  P R O C E S S  ---------------

Threads class SMR info:
_java_thread_list=0x00000211eab05950, length=51, elements={
0x0000021184d5d590, 0x00000211e1139a00, 0x00000211e113bf40, 0x00000211e1144270,
0x00000211e1145230, 0x00000211e1169460, 0x00000211e116cdf0, 0x00000211e117c3c0,
0x00000211e118ec60, 0x00000211e6129980, 0x00000211e632d0d0, 0x00000211e6d98140,
0x00000211e6938320, 0x00000211e1152240, 0x00000211e68c51e0, 0x00000211e7429050,
0x00000211e7418940, 0x00000211e7531bf0, 0x00000211e6313680, 0x00000211e6312ff0,
0x00000211e6315de0, 0x00000211e63143a0, 0x00000211e6313d10, 0x00000211e6312960,
0x00000211e6314a30, 0x00000211e63150c0, 0x00000211e8a15050, 0x00000211e8a16400,
0x00000211e8a177b0, 0x00000211e8a16a90, 0x00000211e8a17120, 0x00000211e8a15d70,
0x00000211e8a17e40, 0x00000211e8a184d0, 0x00000211e8a156e0, 0x00000211e8a191f0,
0x00000211e8a1ac30, 0x00000211e8a1b950, 0x00000211e8a18b60, 0x00000211e8a1b2c0,
0x00000211e8a1c670, 0x00000211e8a1bfe0, 0x00000211e8a19f10, 0x00000211e8a1a5a0,
0x00000211eb9252b0, 0x00000211eb925940, 0x00000211eb9231e0, 0x00000211eb922b50,
0x00000211eb9224c0, 0x00000211eb925fd0, 0x00000211eb926660
}
_to_delete_list=0x00000211e834f8e0, length=52, elements={
0x0000021184d5d590, 0x00000211e1139a00, 0x00000211e113bf40, 0x00000211e1144270,
0x00000211e1145230, 0x00000211e1169460, 0x00000211e116cdf0, 0x00000211e117c3c0,
0x00000211e118ec60, 0x00000211e6129980, 0x00000211e632d0d0, 0x00000211e6d98140,
0x00000211e6938320, 0x00000211e1152240, 0x00000211e68c51e0, 0x00000211e7429050,
0x00000211e7418940, 0x00000211e7531bf0, 0x00000211e6313680, 0x00000211e6315750,
0x00000211e6312ff0, 0x00000211e6315de0, 0x00000211e63143a0, 0x00000211e6313d10,
0x00000211e6312960, 0x00000211e6314a30, 0x00000211e63150c0, 0x00000211e8a15050,
0x00000211e8a16400, 0x00000211e8a177b0, 0x00000211e8a16a90, 0x00000211e8a17120,
0x00000211e8a15d70, 0x00000211e8a17e40, 0x00000211e8a184d0, 0x00000211e8a156e0,
0x00000211e8a191f0, 0x00000211e8a1ac30, 0x00000211e8a1b950, 0x00000211e8a18b60,
0x00000211e8a1b2c0, 0x00000211e8a1c670, 0x00000211e8a1bfe0, 0x00000211e8a19f10,
0x00000211e8a1a5a0, 0x00000211eb9252b0, 0x00000211eb925940, 0x00000211eb9231e0,
0x00000211eb922b50, 0x00000211eb9224c0, 0x00000211eb925fd0, 0x00000211eb926660
}

Java Threads: ( => current thread )
  0x0000021184d5d590 JavaThread "main"                              [_thread_blocked, id=8512, stack(0x000000ef91b00000,0x000000ef91c00000) (1024K)]
  0x00000211e1139a00 JavaThread "Reference Handler"          daemon [_thread_blocked, id=17168, stack(0x000000ef91f00000,0x000000ef92000000) (1024K)]
  0x00000211e113bf40 JavaThread "Finalizer"                  daemon [_thread_blocked, id=18116, stack(0x000000ef92000000,0x000000ef92100000) (1024K)]
  0x00000211e1144270 JavaThread "Signal Dispatcher"          daemon [_thread_blocked, id=15304, stack(0x000000ef92100000,0x000000ef92200000) (1024K)]
  0x00000211e1145230 JavaThread "Attach Listener"            daemon [_thread_blocked, id=19864, stack(0x000000ef92200000,0x000000ef92300000) (1024K)]
  0x00000211e1169460 JavaThread "Service Thread"             daemon [_thread_blocked, id=5680, stack(0x000000ef92300000,0x000000ef92400000) (1024K)]
  0x00000211e116cdf0 JavaThread "Monitor Deflation Thread"   daemon [_thread_blocked, id=16872, stack(0x000000ef92400000,0x000000ef92500000) (1024K)]
  0x00000211e117c3c0 JavaThread "C2 CompilerThread0"         daemon [_thread_blocked, id=6892, stack(0x000000ef92500000,0x000000ef92600000) (1024K)]
=>0x00000211e118ec60 JavaThread "C1 CompilerThread0"         daemon [_thread_in_native, id=8136, stack(0x000000ef92600000,0x000000ef92700000) (1024K)]
  0x00000211e6129980 JavaThread "Common-Cleaner"             daemon [_thread_blocked, id=21328, stack(0x000000ef92700000,0x000000ef92800000) (1024K)]
  0x00000211e632d0d0 JavaThread "Notification Thread"        daemon [_thread_blocked, id=6908, stack(0x000000ef92900000,0x000000ef92a00000) (1024K)]
  0x00000211e6d98140 JavaThread "Active Thread: Equinox Container: ac824262-4d4d-4263-9c7d-bee1aca37ecd"        [_thread_blocked, id=8760, stack(0x000000ef92800000,0x000000ef92900000) (1024K)]
  0x00000211e6938320 JavaThread "Refresh Thread: Equinox Container: ac824262-4d4d-4263-9c7d-bee1aca37ecd" daemon [_thread_blocked, id=16828, stack(0x000000ef92e00000,0x000000ef92f00000) (1024K)]
  0x00000211e1152240 JavaThread "Framework Event Dispatcher: Equinox Container: ac824262-4d4d-4263-9c7d-bee1aca37ecd" daemon [_thread_blocked, id=18684, stack(0x000000ef92f00000,0x000000ef93000000) (1024K)]
  0x00000211e68c51e0 JavaThread "Start Level: Equinox Container: ac824262-4d4d-4263-9c7d-bee1aca37ecd" daemon [_thread_blocked, id=18716, stack(0x000000ef93000000,0x000000ef93100000) (1024K)]
  0x00000211e7429050 JavaThread "Bundle File Closer"         daemon [_thread_blocked, id=18704, stack(0x000000ef93100000,0x000000ef93200000) (1024K)]
  0x00000211e7418940 JavaThread "SCR Component Actor"        daemon [_thread_blocked, id=21360, stack(0x000000ef92d00000,0x000000ef92e00000) (1024K)]
  0x00000211e7531bf0 JavaThread "Worker-JM"                         [_thread_blocked, id=10992, stack(0x000000ef93300000,0x000000ef93400000) (1024K)]
  0x00000211e6313680 JavaThread "JNA Cleaner"                daemon [_thread_blocked, id=6484, stack(0x000000ef93200000,0x000000ef93300000) (1024K)]
  0x00000211e6312ff0 JavaThread "Worker-1: Validating Gradle wrapper checksum..."        [_thread_blocked, id=6884, stack(0x000000ef93600000,0x000000ef93700000) (1024K)]
  0x00000211e6315de0 JavaThread "Java indexing"              daemon [_thread_blocked, id=10184, stack(0x000000ef93700000,0x000000ef93800000) (1024K)]
  0x00000211e63143a0 JavaThread "Worker-2: Download Gradle Wrapper checksums"        [_thread_blocked, id=5412, stack(0x000000ef93a00000,0x000000ef93b00000) (1024K)]
  0x00000211e6313d10 JavaThread "Worker-3: Initialize Workspace"        [_thread_blocked, id=7808, stack(0x000000ef93b00000,0x000000ef93c00000) (1024K)]
  0x00000211e6312960 JavaThread "Worker-4: Synchronize Gradle projects with workspace"        [_thread_blocked, id=19504, stack(0x000000ef93c00000,0x000000ef93d00000) (1024K)]
  0x00000211e6314a30 JavaThread "Thread-1"                   daemon [_thread_in_native, id=16776, stack(0x000000ef93d00000,0x000000ef93e00000) (1024K)]
  0x00000211e63150c0 JavaThread "Thread-2"                   daemon [_thread_in_native, id=19476, stack(0x000000ef93e00000,0x000000ef93f00000) (1024K)]
  0x00000211e8a15050 JavaThread "Thread-3"                   daemon [_thread_in_native, id=2992, stack(0x000000ef93f00000,0x000000ef94000000) (1024K)]
  0x00000211e8a16400 JavaThread "Thread-4"                   daemon [_thread_in_native, id=8816, stack(0x000000ef94000000,0x000000ef94100000) (1024K)]
  0x00000211e8a177b0 JavaThread "Thread-5"                   daemon [_thread_in_native, id=18132, stack(0x000000ef94100000,0x000000ef94200000) (1024K)]
  0x00000211e8a16a90 JavaThread "pool-2-thread-1"                   [_thread_blocked, id=9404, stack(0x000000ef94200000,0x000000ef94300000) (1024K)]
  0x00000211e8a17120 JavaThread "Timer-0"                           [_thread_blocked, id=12552, stack(0x000000ef94300000,0x000000ef94400000) (1024K)]
  0x00000211e8a15d70 JavaThread "Timer-1"                           [_thread_blocked, id=4524, stack(0x000000ef94400000,0x000000ef94500000) (1024K)]
  0x00000211e8a17e40 JavaThread "WorkspaceEventsHandler"            [_thread_blocked, id=18356, stack(0x000000ef94600000,0x000000ef94700000) (1024K)]
  0x00000211e8a184d0 JavaThread "pool-1-thread-1"                   [_thread_blocked, id=4928, stack(0x000000ef94700000,0x000000ef94800000) (1024K)]
  0x00000211e8a156e0 JavaThread "PatternSearchJob-worker-1"  daemon [_thread_blocked, id=11760, stack(0x000000ef94800000,0x000000ef94900000) (1024K)]
  0x00000211e8a191f0 JavaThread "PatternSearchJob-worker-2"  daemon [_thread_blocked, id=8264, stack(0x000000ef94900000,0x000000ef94a00000) (1024K)]
  0x00000211e8a1ac30 JavaThread "PatternSearchJob-worker-3"  daemon [_thread_blocked, id=15724, stack(0x000000ef94a00000,0x000000ef94b00000) (1024K)]
  0x00000211e8a1b950 JavaThread "ProjectImportProgressReporter" daemon [_thread_blocked, id=19076, stack(0x000000ef93400000,0x000000ef93500000) (1024K)]
  0x00000211e8a18b60 JavaThread "Timer-2"                           [_thread_blocked, id=17956, stack(0x000000ef94500000,0x000000ef94600000) (1024K)]
  0x00000211e8a1b2c0 JavaThread "Timer-3"                           [_thread_blocked, id=8704, stack(0x000000ef94b00000,0x000000ef94c00000) (1024K)]
  0x00000211e8a1c670 JavaThread "Timer-4"                           [_thread_blocked, id=16096, stack(0x000000ef94c00000,0x000000ef94d00000) (1024K)]
  0x00000211e8a1bfe0 JavaThread "Timer-5"                           [_thread_blocked, id=1564, stack(0x000000ef94d00000,0x000000ef94e00000) (1024K)]
  0x00000211e8a19f10 JavaThread "Timer-6"                           [_thread_blocked, id=19900, stack(0x000000ef94e00000,0x000000ef94f00000) (1024K)]
  0x00000211e8a1a5a0 JavaThread "Timer-7"                           [_thread_blocked, id=14968, stack(0x000000ef94f00000,0x000000ef95000000) (1024K)]
  0x00000211eb9252b0 JavaThread "Exec process"                      [_thread_in_native, id=16008, stack(0x000000ef95300000,0x000000ef95400000) (1024K)]
  0x00000211eb925940 JavaThread "Exec process Thread 2"             [_thread_in_native, id=20036, stack(0x000000ef95400000,0x000000ef95500000) (1024K)]
  0x00000211eb9231e0 JavaThread "Exec process Thread 3"             [_thread_in_native, id=14428, stack(0x000000ef95500000,0x000000ef95600000) (1024K)]
  0x00000211eb922b50 JavaThread "Timer-8"                           [_thread_blocked, id=11512, stack(0x000000ef95000000,0x000000ef95100000) (1024K)]
  0x00000211eb9224c0 JavaThread "Timer-9"                           [_thread_blocked, id=5720, stack(0x000000ef95100000,0x000000ef95200000) (1024K)]
  0x00000211eb925fd0 JavaThread "Connection worker"                 [_thread_blocked, id=8596, stack(0x000000ef95200000,0x000000ef95300000) (1024K)]
  0x00000211eb926660 JavaThread "pool-4-thread-1"                   [_thread_blocked, id=21064, stack(0x000000ef95600000,0x000000ef95700000) (1024K)]
Total: 51

Other Threads:
  0x0000021184e1b9c0 VMThread "VM Thread"                           [id=7072, stack(0x000000ef91e00000,0x000000ef91f00000) (1024K)]
  0x0000021184dc8d90 WatcherThread "VM Periodic Task Thread"        [id=16560, stack(0x000000ef91d00000,0x000000ef91e00000) (1024K)]
  0x0000021184d7ba00 WorkerThread "GC Thread#0"                     [id=19788, stack(0x000000ef91c00000,0x000000ef91d00000) (1024K)]
  0x00000211e6716600 WorkerThread "GC Thread#1"                     [id=2752, stack(0x000000ef92a00000,0x000000ef92b00000) (1024K)]
  0x00000211e6710b30 WorkerThread "GC Thread#2"                     [id=10696, stack(0x000000ef92b00000,0x000000ef92c00000) (1024K)]
  0x00000211e6710ee0 WorkerThread "GC Thread#3"                     [id=1548, stack(0x000000ef92c00000,0x000000ef92d00000) (1024K)]
Total: 6

Threads with active compile tasks:
C1 CompilerThread0  21697 8263       3       java.text.SimpleDateFormat::subFormat (1264 bytes)
Total: 1

VM state: not at safepoint (normal execution)

VM Mutex/Monitor currently owned by a thread: None

OutOfMemory and StackOverflow Exception counts:
OutOfMemoryError java_heap_errors=1
LinkageErrors=128

Heap address: 0x0000000700000000, size: 4096 MB, Compressed Oops mode: Zero based, Oop shift amount: 3

CDS archive(s) mapped at: [0x00000211a0000000-0x00000211a0ba0000-0x00000211a0ba0000), size 12189696, SharedBaseAddress: 0x00000211a0000000, ArchiveRelocationMode: 1.
Compressed class space mapped at: 0x00000211a1000000-0x00000211e1000000, reserved size: 1073741824
Narrow klass base: 0x00000211a0000000, Narrow klass shift: 0, Narrow klass range: 0x100000000

GC Precious Log:
 CardTable entry size: 512
 CPUs: 4 total, 4 available
 Memory: 7886M
 Large Page Support: Disabled
 NUMA Support: Disabled
 Compressed Oops: Enabled (Zero based)
 Alignments: Space 512K, Generation 512K, Heap 2M
 Heap Min Capacity: 100M
 Heap Initial Capacity: 100M
 Heap Max Capacity: 4G
 Pre-touch: Disabled
 Parallel Workers: 4

Heap:
 PSYoungGen      total 10240K, used 5215K [0x00000007aab00000, 0x00000007ab800000, 0x0000000800000000)
  eden space 9216K, 45% used [0x00000007aab00000,0x00000007aaf17c20,0x00000007ab400000)
  from space 1024K, 100% used [0x00000007ab700000,0x00000007ab800000,0x00000007ab800000)
  to   space 1536K, 0% used [0x00000007ab500000,0x00000007ab500000,0x00000007ab680000)
 ParOldGen       total 68608K, used 63531K [0x0000000700000000, 0x0000000704300000, 0x00000007aab00000)
  object space 68608K, 92% used [0x0000000700000000,0x0000000703e0ad28,0x0000000704300000)
 Metaspace       used 67964K, committed 69504K, reserved 1114112K
  class space    used 8537K, committed 9216K, reserved 1048576K

Card table byte_map: [0x0000021196f60000,0x0000021197770000] _byte_map_base: 0x0000021193760000

Marking Bits: (ParMarkBitMap*) 0x00007fff293844a0
 Begin Bits: [0x0000021197770000, 0x000002119b770000)
 End Bits:   [0x000002119b770000, 0x000002119f770000)

Polling page: 0x0000021182ac0000

Metaspace:

Usage:
  Non-class:     58.03 MB used.
      Class:      8.34 MB used.
       Both:     66.37 MB used.

Virtual space:
  Non-class space:       64.00 MB reserved,      58.88 MB ( 92%) committed,  1 nodes.
      Class space:        1.00 GB reserved,       9.00 MB ( <1%) committed,  1 nodes.
             Both:        1.06 GB reserved,      67.88 MB (  6%) committed. 

Chunk freelists:
   Non-Class:  4.92 MB
       Class:  6.98 MB
        Both:  11.91 MB

MaxMetaspaceSize: unlimited
CompressedClassSpaceSize: 1.00 GB
Initial GC threshold: 21.00 MB
Current GC threshold: 98.12 MB
CDS: on
 - commit_granule_bytes: 65536.
 - commit_granule_words: 8192.
 - virtual_space_node_default_size: 8388608.
 - enlarge_chunks_in_place: 1.
 - use_allocation_guard: 0.


Internal statistics:

num_allocs_failed_limit: 15.
num_arena_births: 1290.
num_arena_deaths: 14.
num_vsnodes_births: 2.
num_vsnodes_deaths: 0.
num_space_committed: 1086.
num_space_uncommitted: 0.
num_chunks_returned_to_freelist: 29.
num_chunks_taken_from_freelist: 4284.
num_chunk_merges: 17.
num_chunk_splits: 2715.
num_chunks_enlarged: 1586.
num_inconsistent_stats: 0.

CodeHeap 'non-profiled nmethods': size=120000Kb used=5172Kb max_used=5172Kb free=114828Kb
 bounds [0x000002118fa30000, 0x000002118ff40000, 0x0000021196f60000]
CodeHeap 'profiled nmethods': size=120000Kb used=15298Kb max_used=15298Kb free=104701Kb
 bounds [0x0000021187f60000, 0x0000021188e60000, 0x000002118f490000]
CodeHeap 'non-nmethods': size=5760Kb used=1416Kb max_used=1440Kb free=4343Kb
 bounds [0x000002118f490000, 0x000002118f700000, 0x000002118fa30000]
CodeCache: size=245760Kb, used=21886Kb, max_used=21910Kb, free=223872Kb
 total_blobs=8166, nmethods=7454, adapters=618, full_count=0
Compilation: enabled, stopped_count=0, restarted_count=0

Compilation events (20 events):
Event: 21.343 Thread 0x00000211e118ec60 nmethod 8253 0x0000021188e4d010 code [0x0000021188e4d1c0, 0x0000021188e4d3d0]
Event: 21.343 Thread 0x00000211e118ec60 8254       3       java.nio.MappedByteBuffer::position (6 bytes)
Event: 21.343 Thread 0x00000211e118ec60 nmethod 8254 0x0000021188e4d510 code [0x0000021188e4d6c0, 0x0000021188e4d8d0]
Event: 21.505 Thread 0x00000211e118ec60 8255       3       java.lang.invoke.MemberName::equals (69 bytes)
Event: 21.506 Thread 0x00000211e118ec60 nmethod 8255 0x0000021188e4da10 code [0x0000021188e4dca0, 0x0000021188e4e7b8]
Event: 21.511 Thread 0x00000211e118ec60 8256       3       java.math.BigInteger::valueOf (62 bytes)
Event: 21.511 Thread 0x00000211e118ec60 nmethod 8256 0x0000021188e4ea90 code [0x0000021188e4ec60, 0x0000021188e4f018]
Event: 21.528 Thread 0x00000211e118ec60 8257       3       java.math.BigInteger::<init> (38 bytes)
Event: 21.528 Thread 0x00000211e118ec60 nmethod 8257 0x0000021188e4f110 code [0x0000021188e4f300, 0x0000021188e4f7b0]
Event: 21.528 Thread 0x00000211e118ec60 8258       3       java.math.BigInteger::intValue (10 bytes)
Event: 21.528 Thread 0x00000211e118ec60 nmethod 8258 0x0000021188e4f990 code [0x0000021188e4fb40, 0x0000021188e4fc80]
Event: 21.625 Thread 0x00000211e118ec60 8259       3       java.lang.ClassLoader::getResources (55 bytes)
Event: 21.626 Thread 0x00000211e118ec60 nmethod 8259 0x000002118ff3bf10 code [0x000002118ff3c160, 0x000002118ff3cce8]
Event: 21.626 Thread 0x00000211e118ec60 8260       3       java.lang.CompoundEnumeration::<init> (10 bytes)
Event: 21.626 Thread 0x00000211e118ec60 nmethod 8260 0x0000021188e4fd10 code [0x0000021188e4fec0, 0x0000021188e50048]
Event: 21.656 Thread 0x00000211e118ec60 8261       3       org.eclipse.osgi.internal.log.EquinoxLogWriter::appendPaddedInt (76 bytes)
Event: 21.657 Thread 0x00000211e118ec60 nmethod 8261 0x0000021188e50110 code [0x0000021188e50380, 0x0000021188e509b0]
Event: 21.661 Thread 0x00000211e118ec60 8262       3       org.eclipse.osgi.internal.log.EquinoxLogWriter::write (27 bytes)
Event: 21.661 Thread 0x00000211e118ec60 nmethod 8262 0x0000021188e50c90 code [0x0000021188e50e60, 0x0000021188e51190]
Event: 21.661 Thread 0x00000211e118ec60 8263       3       java.text.SimpleDateFormat::subFormat (1264 bytes)

GC Heap History (20 events):
Event: 18.392 GC heap before
{Heap before GC invocations=84 (full 3):
 PSYoungGen      total 9728K, used 9718K [0x00000007aab00000, 0x00000007ab780000, 0x0000000800000000)
  eden space 9216K, 100% used [0x00000007aab00000,0x00000007ab400000,0x00000007ab400000)
  from space 512K, 98% used [0x00000007ab700000,0x00000007ab77db50,0x00000007ab780000)
  to   space 1536K, 0% used [0x00000007ab480000,0x00000007ab480000,0x00000007ab600000)
 ParOldGen       total 68608K, used 59372K [0x0000000700000000, 0x0000000704300000, 0x00000007aab00000)
  object space 68608K, 86% used [0x0000000700000000,0x00000007039fb110,0x0000000704300000)
 Metaspace       used 62083K, committed 63488K, reserved 1114112K
  class space    used 7795K, committed 8384K, reserved 1048576K
}
Event: 18.392 GC heap after
{Heap after GC invocations=84 (full 3):
 PSYoungGen      total 10752K, used 192K [0x00000007aab00000, 0x00000007ab780000, 0x0000000800000000)
  eden space 9216K, 0% used [0x00000007aab00000,0x00000007aab00000,0x00000007ab400000)
  from space 1536K, 12% used [0x00000007ab480000,0x00000007ab4b0000,0x00000007ab600000)
  to   space 512K, 0% used [0x00000007ab700000,0x00000007ab700000,0x00000007ab780000)
 ParOldGen       total 68608K, used 59758K [0x0000000700000000, 0x0000000704300000, 0x00000007aab00000)
  object space 68608K, 87% used [0x0000000700000000,0x0000000703a5b968,0x0000000704300000)
 Metaspace       used 62083K, committed 63488K, reserved 1114112K
  class space    used 7795K, committed 8384K, reserved 1048576K
}
Event: 18.453 GC heap before
{Heap before GC invocations=85 (full 3):
 PSYoungGen      total 10752K, used 9408K [0x00000007aab00000, 0x00000007ab780000, 0x0000000800000000)
  eden space 9216K, 100% used [0x00000007aab00000,0x00000007ab400000,0x00000007ab400000)
  from space 1536K, 12% used [0x00000007ab480000,0x00000007ab4b0000,0x00000007ab600000)
  to   space 512K, 0% used [0x00000007ab700000,0x00000007ab700000,0x00000007ab780000)
 ParOldGen       total 68608K, used 59758K [0x0000000700000000, 0x0000000704300000, 0x00000007aab00000)
  object space 68608K, 87% used [0x0000000700000000,0x0000000703a5b968,0x0000000704300000)
 Metaspace       used 62083K, committed 63488K, reserved 1114112K
  class space    used 7795K, committed 8384K, reserved 1048576K
}
Event: 18.454 GC heap after
{Heap after GC invocations=85 (full 3):
 PSYoungGen      total 9728K, used 380K [0x00000007aab00000, 0x00000007ab780000, 0x0000000800000000)
  eden space 9216K, 0% used [0x00000007aab00000,0x00000007aab00000,0x00000007ab400000)
  from space 512K, 74% used [0x00000007ab700000,0x00000007ab75f3f8,0x00000007ab780000)
  to   space 512K, 0% used [0x00000007ab680000,0x00000007ab680000,0x00000007ab700000)
 ParOldGen       total 68608K, used 59798K [0x0000000700000000, 0x0000000704300000, 0x00000007aab00000)
  object space 68608K, 87% used [0x0000000700000000,0x0000000703a65978,0x0000000704300000)
 Metaspace       used 62083K, committed 63488K, reserved 1114112K
  class space    used 7795K, committed 8384K, reserved 1048576K
}
Event: 18.503 GC heap before
{Heap before GC invocations=86 (full 3):
 PSYoungGen      total 9728K, used 9596K [0x00000007aab00000, 0x00000007ab780000, 0x0000000800000000)
  eden space 9216K, 100% used [0x00000007aab00000,0x00000007ab400000,0x00000007ab400000)
  from space 512K, 74% used [0x00000007ab700000,0x00000007ab75f3f8,0x00000007ab780000)
  to   space 512K, 0% used [0x00000007ab680000,0x00000007ab680000,0x00000007ab700000)
 ParOldGen       total 68608K, used 59798K [0x0000000700000000, 0x0000000704300000, 0x00000007aab00000)
  object space 68608K, 87% used [0x0000000700000000,0x0000000703a65978,0x0000000704300000)
 Metaspace       used 62083K, committed 63488K, reserved 1114112K
  class space    used 7795K, committed 8384K, reserved 1048576K
}
Event: 18.504 GC heap after
{Heap after GC invocations=86 (full 3):
 PSYoungGen      total 9728K, used 501K [0x00000007aab00000, 0x00000007ab780000, 0x0000000800000000)
  eden space 9216K, 0% used [0x00000007aab00000,0x00000007aab00000,0x00000007ab400000)
  from space 512K, 97% used [0x00000007ab680000,0x00000007ab6fd590,0x00000007ab700000)
  to   space 512K, 0% used [0x00000007ab700000,0x00000007ab700000,0x00000007ab780000)
 ParOldGen       total 68608K, used 60180K [0x0000000700000000, 0x0000000704300000, 0x00000007aab00000)
  object space 68608K, 87% used [0x0000000700000000,0x0000000703ac5260,0x0000000704300000)
 Metaspace       used 62083K, committed 63488K, reserved 1114112K
  class space    used 7795K, committed 8384K, reserved 1048576K
}
Event: 18.551 GC heap before
{Heap before GC invocations=87 (full 3):
 PSYoungGen      total 9728K, used 9717K [0x00000007aab00000, 0x00000007ab780000, 0x0000000800000000)
  eden space 9216K, 100% used [0x00000007aab00000,0x00000007ab400000,0x00000007ab400000)
  from space 512K, 97% used [0x00000007ab680000,0x00000007ab6fd590,0x00000007ab700000)
  to   space 512K, 0% used [0x00000007ab700000,0x00000007ab700000,0x00000007ab780000)
 ParOldGen       total 68608K, used 60180K [0x0000000700000000, 0x0000000704300000, 0x00000007aab00000)
  object space 68608K, 87% used [0x0000000700000000,0x0000000703ac5260,0x0000000704300000)
 Metaspace       used 62083K, committed 63488K, reserved 1114112K
  class space    used 7795K, committed 8384K, reserved 1048576K
}
Event: 18.552 GC heap after
{Heap after GC invocations=87 (full 3):
 PSYoungGen      total 9728K, used 248K [0x00000007aab00000, 0x00000007ab780000, 0x0000000800000000)
  eden space 9216K, 0% used [0x00000007aab00000,0x00000007aab00000,0x00000007ab400000)
  from space 512K, 48% used [0x00000007ab700000,0x00000007ab73e090,0x00000007ab780000)
  to   space 512K, 0% used [0x00000007ab680000,0x00000007ab680000,0x00000007ab700000)
 ParOldGen       total 68608K, used 60661K [0x0000000700000000, 0x0000000704300000, 0x00000007aab00000)
  object space 68608K, 88% used [0x0000000700000000,0x0000000703b3d520,0x0000000704300000)
 Metaspace       used 62083K, committed 63488K, reserved 1114112K
  class space    used 7795K, committed 8384K, reserved 1048576K
}
Event: 18.636 GC heap before
{Heap before GC invocations=88 (full 3):
 PSYoungGen      total 9728K, used 9463K [0x00000007aab00000, 0x00000007ab780000, 0x0000000800000000)
  eden space 9216K, 99% used [0x00000007aab00000,0x00000007ab3ffcf0,0x00000007ab400000)
  from space 512K, 48% used [0x00000007ab700000,0x00000007ab73e090,0x00000007ab780000)
  to   space 512K, 0% used [0x00000007ab680000,0x00000007ab680000,0x00000007ab700000)
 ParOldGen       total 68608K, used 60661K [0x0000000700000000, 0x0000000704300000, 0x00000007aab00000)
  object space 68608K, 88% used [0x0000000700000000,0x0000000703b3d520,0x0000000704300000)
 Metaspace       used 62277K, committed 63744K, reserved 1114112K
  class space    used 7826K, committed 8448K, reserved 1048576K
}
Event: 18.637 GC heap after
{Heap after GC invocations=88 (full 3):
 PSYoungGen      total 9728K, used 256K [0x00000007aab00000, 0x00000007ab780000, 0x0000000800000000)
  eden space 9216K, 0% used [0x00000007aab00000,0x00000007aab00000,0x00000007ab400000)
  from space 512K, 50% used [0x00000007ab680000,0x00000007ab6c0000,0x00000007ab700000)
  to   space 512K, 0% used [0x00000007ab700000,0x00000007ab700000,0x00000007ab780000)
 ParOldGen       total 68608K, used 60685K [0x0000000700000000, 0x0000000704300000, 0x00000007aab00000)
  object space 68608K, 88% used [0x0000000700000000,0x0000000703b43520,0x0000000704300000)
 Metaspace       used 62277K, committed 63744K, reserved 1114112K
  class space    used 7826K, committed 8448K, reserved 1048576K
}
Event: 18.762 GC heap before
{Heap before GC invocations=89 (full 3):
 PSYoungGen      total 9728K, used 9472K [0x00000007aab00000, 0x00000007ab780000, 0x0000000800000000)
  eden space 9216K, 100% used [0x00000007aab00000,0x00000007ab400000,0x00000007ab400000)
  from space 512K, 50% used [0x00000007ab680000,0x00000007ab6c0000,0x00000007ab700000)
  to   space 512K, 0% used [0x00000007ab700000,0x00000007ab700000,0x00000007ab780000)
 ParOldGen       total 68608K, used 60685K [0x0000000700000000, 0x0000000704300000, 0x00000007aab00000)
  object space 68608K, 88% used [0x0000000700000000,0x0000000703b43520,0x0000000704300000)
 Metaspace       used 63611K, committed 65088K, reserved 1114112K
  class space    used 8001K, committed 8640K, reserved 1048576K
}
Event: 18.763 GC heap after
{Heap after GC invocations=89 (full 3):
 PSYoungGen      total 9728K, used 288K [0x00000007aab00000, 0x00000007ab780000, 0x0000000800000000)
  eden space 9216K, 0% used [0x00000007aab00000,0x00000007aab00000,0x00000007ab400000)
  from space 512K, 56% used [0x00000007ab700000,0x00000007ab748000,0x00000007ab780000)
  to   space 512K, 0% used [0x00000007ab680000,0x00000007ab680000,0x00000007ab700000)
 ParOldGen       total 68608K, used 60869K [0x0000000700000000, 0x0000000704300000, 0x00000007aab00000)
  object space 68608K, 88% used [0x0000000700000000,0x0000000703b71550,0x0000000704300000)
 Metaspace       used 63611K, committed 65088K, reserved 1114112K
  class space    used 8001K, committed 8640K, reserved 1048576K
}
Event: 18.929 GC heap before
{Heap before GC invocations=90 (full 3):
 PSYoungGen      total 9728K, used 9504K [0x00000007aab00000, 0x00000007ab780000, 0x0000000800000000)
  eden space 9216K, 100% used [0x00000007aab00000,0x00000007ab400000,0x00000007ab400000)
  from space 512K, 56% used [0x00000007ab700000,0x00000007ab748000,0x00000007ab780000)
  to   space 512K, 0% used [0x00000007ab680000,0x00000007ab680000,0x00000007ab700000)
 ParOldGen       total 68608K, used 60869K [0x0000000700000000, 0x0000000704300000, 0x00000007aab00000)
  object space 68608K, 88% used [0x0000000700000000,0x0000000703b71550,0x0000000704300000)
 Metaspace       used 64680K, committed 66176K, reserved 1114112K
  class space    used 8166K, committed 8832K, reserved 1048576K
}
Event: 18.930 GC heap after
{Heap after GC invocations=90 (full 3):
 PSYoungGen      total 9728K, used 288K [0x00000007aab00000, 0x00000007ab780000, 0x0000000800000000)
  eden space 9216K, 0% used [0x00000007aab00000,0x00000007aab00000,0x00000007ab400000)
  from space 512K, 56% used [0x00000007ab680000,0x00000007ab6c8010,0x00000007ab700000)
  to   space 512K, 0% used [0x00000007ab700000,0x00000007ab700000,0x00000007ab780000)
 ParOldGen       total 68608K, used 61109K [0x0000000700000000, 0x0000000704300000, 0x00000007aab00000)
  object space 68608K, 89% used [0x0000000700000000,0x0000000703bad550,0x0000000704300000)
 Metaspace       used 64680K, committed 66176K, reserved 1114112K
  class space    used 8166K, committed 8832K, reserved 1048576K
}
Event: 20.166 GC heap before
{Heap before GC invocations=91 (full 3):
 PSYoungGen      total 9728K, used 9504K [0x00000007aab00000, 0x00000007ab780000, 0x0000000800000000)
  eden space 9216K, 100% used [0x00000007aab00000,0x00000007ab400000,0x00000007ab400000)
  from space 512K, 56% used [0x00000007ab680000,0x00000007ab6c8010,0x00000007ab700000)
  to   space 512K, 0% used [0x00000007ab700000,0x00000007ab700000,0x00000007ab780000)
 ParOldGen       total 68608K, used 61109K [0x0000000700000000, 0x0000000704300000, 0x00000007aab00000)
  object space 68608K, 89% used [0x0000000700000000,0x0000000703bad550,0x0000000704300000)
 Metaspace       used 65256K, committed 66752K, reserved 1114112K
  class space    used 8240K, committed 8896K, reserved 1048576K
}
Event: 20.170 GC heap after
{Heap after GC invocations=91 (full 3):
 PSYoungGen      total 9728K, used 192K [0x00000007aab00000, 0x00000007ab780000, 0x0000000800000000)
  eden space 9216K, 0% used [0x00000007aab00000,0x00000007aab00000,0x00000007ab400000)
  from space 512K, 37% used [0x00000007ab700000,0x00000007ab730000,0x00000007ab780000)
  to   space 512K, 0% used [0x00000007ab680000,0x00000007ab680000,0x00000007ab700000)
 ParOldGen       total 68608K, used 61336K [0x0000000700000000, 0x0000000704300000, 0x00000007aab00000)
  object space 68608K, 89% used [0x0000000700000000,0x0000000703be60d0,0x0000000704300000)
 Metaspace       used 65256K, committed 66752K, reserved 1114112K
  class space    used 8240K, committed 8896K, reserved 1048576K
}
Event: 20.586 GC heap before
{Heap before GC invocations=92 (full 3):
 PSYoungGen      total 9728K, used 9407K [0x00000007aab00000, 0x00000007ab780000, 0x0000000800000000)
  eden space 9216K, 99% used [0x00000007aab00000,0x00000007ab3ffff8,0x00000007ab400000)
  from space 512K, 37% used [0x00000007ab700000,0x00000007ab730000,0x00000007ab780000)
  to   space 512K, 0% used [0x00000007ab680000,0x00000007ab680000,0x00000007ab700000)
 ParOldGen       total 68608K, used 61336K [0x0000000700000000, 0x0000000704300000, 0x00000007aab00000)
  object space 68608K, 89% used [0x0000000700000000,0x0000000703be60d0,0x0000000704300000)
 Metaspace       used 66119K, committed 67648K, reserved 1114112K
  class space    used 8330K, committed 8960K, reserved 1048576K
}
Event: 20.589 GC heap after
{Heap after GC invocations=92 (full 3):
 PSYoungGen      total 9728K, used 512K [0x00000007aab00000, 0x00000007ab900000, 0x0000000800000000)
  eden space 9216K, 0% used [0x00000007aab00000,0x00000007aab00000,0x00000007ab400000)
  from space 512K, 100% used [0x00000007ab680000,0x00000007ab700000,0x00000007ab700000)
  to   space 2048K, 0% used [0x00000007ab700000,0x00000007ab700000,0x00000007ab900000)
 ParOldGen       total 68608K, used 63003K [0x0000000700000000, 0x0000000704300000, 0x00000007aab00000)
  object space 68608K, 91% used [0x0000000700000000,0x0000000703d86d08,0x0000000704300000)
 Metaspace       used 66119K, committed 67648K, reserved 1114112K
  class space    used 8330K, committed 8960K, reserved 1048576K
}
Event: 21.250 GC heap before
{Heap before GC invocations=93 (full 3):
 PSYoungGen      total 9728K, used 9728K [0x00000007aab00000, 0x00000007ab900000, 0x0000000800000000)
  eden space 9216K, 100% used [0x00000007aab00000,0x00000007ab400000,0x00000007ab400000)
  from space 512K, 100% used [0x00000007ab680000,0x00000007ab700000,0x00000007ab700000)
  to   space 2048K, 0% used [0x00000007ab700000,0x00000007ab700000,0x00000007ab900000)
 ParOldGen       total 68608K, used 63003K [0x0000000700000000, 0x0000000704300000, 0x00000007aab00000)
  object space 68608K, 91% used [0x0000000700000000,0x0000000703d86d08,0x0000000704300000)
 Metaspace       used 67030K, committed 68480K, reserved 1114112K
  class space    used 8419K, committed 9024K, reserved 1048576K
}
Event: 21.257 GC heap after
{Heap after GC invocations=93 (full 3):
 PSYoungGen      total 10240K, used 1024K [0x00000007aab00000, 0x00000007ab800000, 0x0000000800000000)
  eden space 9216K, 0% used [0x00000007aab00000,0x00000007aab00000,0x00000007ab400000)
  from space 1024K, 100% used [0x00000007ab700000,0x00000007ab800000,0x00000007ab800000)
  to   space 1536K, 0% used [0x00000007ab500000,0x00000007ab500000,0x00000007ab680000)
 ParOldGen       total 68608K, used 63531K [0x0000000700000000, 0x0000000704300000, 0x00000007aab00000)
  object space 68608K, 92% used [0x0000000700000000,0x0000000703e0ad28,0x0000000704300000)
 Metaspace       used 67030K, committed 68480K, reserved 1114112K
  class space    used 8419K, committed 9024K, reserved 1048576K
}

Dll operation events (20 events):
Event: 0.148 Attempting to load shared library C:\Users\Dnyaneshwar Algule\.antigravity-ide\extensions\redhat.java-1.56.0-win32-x64\jre\21.0.12.1-win32-x86_64\bin\zip.dll
Event: 0.148 Loaded shared library C:\Users\Dnyaneshwar Algule\.antigravity-ide\extensions\redhat.java-1.56.0-win32-x64\jre\21.0.12.1-win32-x86_64\bin\zip.dll
Event: 0.179 Attempting to load shared library C:\Users\Dnyaneshwar Algule\.antigravity-ide\extensions\redhat.java-1.56.0-win32-x64\jre\21.0.12.1-win32-x86_64\bin\jimage.dll
Event: 0.179 Loaded shared library C:\Users\Dnyaneshwar Algule\.antigravity-ide\extensions\redhat.java-1.56.0-win32-x64\jre\21.0.12.1-win32-x86_64\bin\jimage.dll
Event: 0.280 Attempting to load shared library c:\Users\Dnyaneshwar Algule\.antigravity-ide\extensions\redhat.java-1.56.0-win32-x64\jre\21.0.12.1-win32-x86_64\bin\verify.dll
Event: 0.280 Loaded shared library c:\Users\Dnyaneshwar Algule\.antigravity-ide\extensions\redhat.java-1.56.0-win32-x64\jre\21.0.12.1-win32-x86_64\bin\verify.dll
Event: 2.454 Attempting to load shared library C:\Users\Dnyaneshwar Algule\AppData\Roaming\Antigravity IDE\User\globalStorage\redhat.java\1.56.0\config_win\org.eclipse.equinox.launcher\org.eclipse.equinox.launcher.win32.win32.x86_64_1.3.100.v20260804-1928\eclipse_1192
Event: 2.456 Loaded shared library C:\Users\Dnyaneshwar Algule\AppData\Roaming\Antigravity IDE\User\globalStorage\redhat.java\1.56.0\config_win\org.eclipse.equinox.launcher\org.eclipse.equinox.launcher.win32.win32.x86_64_1.3.100.v20260804-1928\eclipse_11924.dll
Event: 5.898 Attempting to load shared library C:\Users\Dnyaneshwar Algule\AppData\Local\Temp\jna--1296876824\jna13101632335284344952.dll
Event: 5.994 Loaded shared library C:\Users\Dnyaneshwar Algule\AppData\Local\Temp\jna--1296876824\jna13101632335284344952.dll
Event: 10.361 Attempting to load shared library C:\Users\Dnyaneshwar Algule\.gradle\native\660c5614fbf4a5f2a75b1949f50a0caf5cd603558e7d8a26e50b933a0cfb79d1\windows-amd64\native-platform.dll
Event: 10.363 Loaded shared library C:\Users\Dnyaneshwar Algule\.gradle\native\660c5614fbf4a5f2a75b1949f50a0caf5cd603558e7d8a26e50b933a0cfb79d1\windows-amd64\native-platform.dll
Event: 13.783 Attempting to load shared library C:\Users\Dnyaneshwar Algule\.antigravity-ide\extensions\redhat.java-1.56.0-win32-x64\jre\21.0.12.1-win32-x86_64\bin\management.dll
Event: 13.791 Loaded shared library C:\Users\Dnyaneshwar Algule\.antigravity-ide\extensions\redhat.java-1.56.0-win32-x64\jre\21.0.12.1-win32-x86_64\bin\management.dll
Event: 13.793 Attempting to load shared library C:\Users\Dnyaneshwar Algule\.antigravity-ide\extensions\redhat.java-1.56.0-win32-x64\jre\21.0.12.1-win32-x86_64\bin\management_ext.dll
Event: 13.794 Loaded shared library C:\Users\Dnyaneshwar Algule\.antigravity-ide\extensions\redhat.java-1.56.0-win32-x64\jre\21.0.12.1-win32-x86_64\bin\management_ext.dll
Event: 18.675 Attempting to load shared library C:\Users\Dnyaneshwar Algule\.antigravity-ide\extensions\redhat.java-1.56.0-win32-x64\jre\21.0.12.1-win32-x86_64\bin\extnet.dll
Event: 18.676 Loaded shared library C:\Users\Dnyaneshwar Algule\.antigravity-ide\extensions\redhat.java-1.56.0-win32-x64\jre\21.0.12.1-win32-x86_64\bin\extnet.dll
Event: 20.292 Attempting to load shared library C:\Users\Dnyaneshwar Algule\.antigravity-ide\extensions\redhat.java-1.56.0-win32-x64\jre\21.0.12.1-win32-x86_64\bin\sunmscapi.dll
Event: 20.294 Loaded shared library C:\Users\Dnyaneshwar Algule\.antigravity-ide\extensions\redhat.java-1.56.0-win32-x64\jre\21.0.12.1-win32-x86_64\bin\sunmscapi.dll

Deoptimization events (20 events):
Event: 21.149 Thread 0x00000211e63143a0 Uncommon trap: trap_request=0xffffffdc fr.pc=0x000002118ff37950 relative=0x0000000000000290
Event: 21.149 Thread 0x00000211e63143a0 Uncommon trap: reason=class_check action=make_not_entrant pc=0x000002118ff37950 method=java.util.ArrayList.toArray([Ljava/lang/Object;)[Ljava/lang/Object; @ 21 c2
Event: 21.149 Thread 0x00000211e63143a0 DEOPT PACKING pc=0x000002118ff37950 sp=0x000000ef93afdab0
Event: 21.149 Thread 0x00000211e63143a0 DEOPT UNPACKING pc=0x000002118f4e6da2 sp=0x000000ef93afda60 mode 2
Event: 21.166 Thread 0x00000211e8a184d0 Uncommon trap: trap_request=0xffffffcc fr.pc=0x000002118ff390a4 relative=0x0000000000000264
Event: 21.166 Thread 0x00000211e8a184d0 Uncommon trap: reason=intrinsic_or_type_checked_inlining action=make_not_entrant pc=0x000002118ff390a4 method=java.util.ArrayList.toArray([Ljava/lang/Object;)[Ljava/lang/Object; @ 36 c2
Event: 21.166 Thread 0x00000211e8a184d0 DEOPT PACKING pc=0x000002118ff390a4 sp=0x000000ef947fe960
Event: 21.166 Thread 0x00000211e8a184d0 DEOPT UNPACKING pc=0x000002118f4e6da2 sp=0x000000ef947fe930 mode 2
Event: 21.224 Thread 0x00000211e63143a0 Uncommon trap: trap_request=0xffffff45 fr.pc=0x000002118fe9bb30 relative=0x0000000000000b70
Event: 21.224 Thread 0x00000211e63143a0 Uncommon trap: reason=unstable_if action=reinterpret pc=0x000002118fe9bb30 method=java.util.WeakHashMap.maskNull(Ljava/lang/Object;)Ljava/lang/Object; @ 1 c2
Event: 21.224 Thread 0x00000211e63143a0 DEOPT PACKING pc=0x000002118fe9bb30 sp=0x000000ef93aff0c0
Event: 21.224 Thread 0x00000211e63143a0 DEOPT UNPACKING pc=0x000002118f4e6da2 sp=0x000000ef93aff038 mode 2
Event: 21.353 Thread 0x00000211e63143a0 Uncommon trap: trap_request=0xffffff45 fr.pc=0x000002118fda2a20 relative=0x0000000000000280
Event: 21.353 Thread 0x00000211e63143a0 Uncommon trap: reason=unstable_if action=reinterpret pc=0x000002118fda2a20 method=java.util.HashMap.putVal(ILjava/lang/Object;Ljava/lang/Object;ZZ)Ljava/lang/Object; @ 162 c2
Event: 21.353 Thread 0x00000211e63143a0 DEOPT PACKING pc=0x000002118fda2a20 sp=0x000000ef93afc9c0
Event: 21.353 Thread 0x00000211e63143a0 DEOPT UNPACKING pc=0x000002118f4e6da2 sp=0x000000ef93afc8c8 mode 2
Event: 21.545 Thread 0x00000211e63143a0 Uncommon trap: trap_request=0xffffff3d fr.pc=0x000002118fd39db8 relative=0x00000000000002d8
Event: 21.545 Thread 0x00000211e63143a0 Uncommon trap: reason=unstable_fused_if action=reinterpret pc=0x000002118fd39db8 method=java.lang.CharacterDataLatin1.equalsIgnoreCase(BB)Z @ 16 c2
Event: 21.545 Thread 0x00000211e63143a0 DEOPT PACKING pc=0x000002118fd39db8 sp=0x000000ef93afd5c0
Event: 21.545 Thread 0x00000211e63143a0 DEOPT UNPACKING pc=0x000002118f4e6da2 sp=0x000000ef93afd418 mode 2

Classes loaded (20 events):
Event: 21.623 Loading class sun/security/ssl/DTLSRecord done
Event: 21.623 Loading class sun/security/ssl/DTLSInputRecord done
Event: 21.623 Loading class java/util/concurrent/ConcurrentSkipListMap$KeySet
Event: 21.624 Loading class java/util/concurrent/ConcurrentSkipListMap$KeySet done
Event: 21.624 Loading class java/util/concurrent/ConcurrentSkipListMap$KeyIterator
Event: 21.624 Loading class java/util/concurrent/ConcurrentSkipListMap$KeyIterator done
Event: 21.624 Loading class java/net/InetAddress$NameServiceAddresses
Event: 21.624 Loading class java/net/InetAddress$Addresses
Event: 21.624 Loading class java/net/InetAddress$Addresses done
Event: 21.624 Loading class java/net/InetAddress$NameServiceAddresses done
Event: 21.624 Loading class java/net/spi/InetAddressResolverProvider
Event: 21.624 Loading class java/net/spi/InetAddressResolverProvider done
Event: 21.658 Loading class sun/net/InetAddressCachePolicy
Event: 21.659 Loading class sun/net/InetAddressCachePolicy done
Event: 21.659 Loading class sun/net/InetAddressCachePolicy$1
Event: 21.659 Loading class sun/net/InetAddressCachePolicy$1 done
Event: 21.659 Loading class java/net/InetAddress$CachedLookup
Event: 21.659 Loading class java/net/InetAddress$CachedLookup done
Event: 21.660 Loading class java/net/SocksSocketImpl$3
Event: 21.660 Loading class java/net/SocksSocketImpl$3 done

Classes unloaded (7 events):
Event: 7.048 Thread 0x0000021184e1b9c0 Unloading class 0x00000211a11a5000 'java/lang/invoke/LambdaForm$MH+0x00000211a11a5000'
Event: 7.048 Thread 0x0000021184e1b9c0 Unloading class 0x00000211a11a4c00 'java/lang/invoke/LambdaForm$MH+0x00000211a11a4c00'
Event: 7.048 Thread 0x0000021184e1b9c0 Unloading class 0x00000211a11a4800 'java/lang/invoke/LambdaForm$MH+0x00000211a11a4800'
Event: 7.048 Thread 0x0000021184e1b9c0 Unloading class 0x00000211a11a4400 'java/lang/invoke/LambdaForm$MH+0x00000211a11a4400'
Event: 7.048 Thread 0x0000021184e1b9c0 Unloading class 0x00000211a11a4000 'java/lang/invoke/LambdaForm$BMH+0x00000211a11a4000'
Event: 7.048 Thread 0x0000021184e1b9c0 Unloading class 0x00000211a11a3c00 'java/lang/invoke/LambdaForm$DMH+0x00000211a11a3c00'
Event: 7.048 Thread 0x0000021184e1b9c0 Unloading class 0x00000211a11a2800 'java/lang/invoke/LambdaForm$DMH+0x00000211a11a2800'

Classes redefined (0 events):
No events

Internal exceptions (20 events):
Event: 15.472 Thread 0x00000211e6315750 Exception <a 'sun/nio/fs/WindowsException'{0x00000007ab1dcc68}> (0x00000007ab1dcc68) 
thrown [s\src\hotspot\share\prims\jni.cpp, line 520]
Event: 15.472 Thread 0x00000211e6315750 Exception <a 'sun/nio/fs/WindowsException'{0x00000007ab1dd808}> (0x00000007ab1dd808) 
thrown [s\src\hotspot\share\prims\jni.cpp, line 520]
Event: 15.475 Thread 0x00000211e6315750 Exception <a 'sun/nio/fs/WindowsException'{0x00000007ab1ea350}> (0x00000007ab1ea350) 
thrown [s\src\hotspot\share\prims\jni.cpp, line 520]
Event: 15.475 Thread 0x00000211e6315750 Exception <a 'sun/nio/fs/WindowsException'{0x00000007ab1eae98}> (0x00000007ab1eae98) 
thrown [s\src\hotspot\share\prims\jni.cpp, line 520]
Event: 15.478 Thread 0x00000211e6315750 Exception <a 'java/io/FileNotFoundException'{0x00000007ab228448}> (0x00000007ab228448) 
thrown [s\src\hotspot\share\prims\jni.cpp, line 520]
Event: 15.478 Thread 0x00000211e6315750 Exception <a 'java/io/FileNotFoundException'{0x00000007ab229990}> (0x00000007ab229990) 
thrown [s\src\hotspot\share\prims\jni.cpp, line 520]
Event: 15.479 Thread 0x00000211e6315750 Exception <a 'java/io/FileNotFoundException'{0x00000007ab22a9c8}> (0x00000007ab22a9c8) 
thrown [s\src\hotspot\share\prims\jni.cpp, line 520]
Event: 18.745 Thread 0x00000211eb923870 Exception <a 'java/lang/NoSuchMethodError'{0x00000007ab287bc8}: 'java.lang.Object java.lang.invoke.DirectMethodHandle$Holder.invokeVirtual(java.lang.Object, java.lang.Object, java.lang.Object, java.lang.Object, java.lang.Object, java.lang.Object, java.lang.Object, java.lang.Object, java.lang.Object)'> (0x00000007ab287bc8) 
thrown [s\src\hotspot\share\interpreter\linkResolver.cpp, line 773]
Event: 18.807 Thread 0x00000211eb923870 Exception <a 'java/lang/NoSuchMethodError'{0x00000007aadd1958}: 'long java.lang.invoke.DirectMethodHandle$Holder.invokeVirtual(java.lang.Object, java.lang.Object)'> (0x00000007aadd1958) 
thrown [s\src\hotspot\share\interpreter\linkResolver.cpp, line 773]
Event: 18.807 Thread 0x00000211eb923870 Exception <a 'java/lang/NoSuchMethodError'{0x00000007aadd4d48}: 'long java.lang.invoke.DelegatingMethodHandle$Holder.reinvoke_L(java.lang.Object, java.lang.Object)'> (0x00000007aadd4d48) 
thrown [s\src\hotspot\share\interpreter\linkResolver.cpp, line 773]
Event: 18.948 Thread 0x00000211eb9252b0 Exception <a 'java/lang/NoSuchMethodError'{0x00000007aab87ca0}: 'void java.lang.invoke.DirectMethodHandle$Holder.invokeStatic(java.lang.Object, long)'> (0x00000007aab87ca0) 
thrown [s\src\hotspot\share\interpreter\linkResolver.cpp, line 773]
Event: 19.106 Thread 0x00000211eb9252b0 Exception <a 'java/lang/NoSuchMethodError'{0x00000007aabac118}: 'void java.lang.invoke.DirectMethodHandle$Holder.invokeSpecial(java.lang.Object, java.lang.Object, int)'> (0x00000007aabac118) 
thrown [s\src\hotspot\share\interpreter\linkResolver.cpp, line 773]
Event: 19.107 Thread 0x00000211eb9252b0 Exception <a 'java/lang/NoSuchMethodError'{0x00000007aabb14d0}: 'java.lang.Object java.lang.invoke.DirectMethodHandle$Holder.newInvokeSpecial(java.lang.Object, java.lang.Object, int)'> (0x00000007aabb14d0) 
thrown [s\src\hotspot\share\interpreter\linkResolver.cpp, line 773]
Event: 20.131 Thread 0x00000211e6313d10 Exception <a 'java/lang/ClassNotFoundException'{0x00000007ab2a31c0}: sun/misc/SharedSecrets> (0x00000007ab2a31c0) 
thrown [s\src\hotspot\share\classfile\systemDictionary.cpp, line 313]
Event: 20.132 Thread 0x00000211e6313d10 Exception <a 'java/lang/NoSuchMethodError'{0x00000007ab2bbe28}: 'void java.lang.invoke.DirectMethodHandle$Holder.invokeStatic(java.lang.Object, int, java.lang.Object)'> (0x00000007ab2bbe28) 
thrown [s\src\hotspot\share\interpreter\linkResolver.cpp, line 773]
Event: 20.134 Thread 0x00000211e6313d10 Exception <a 'java/lang/NoSuchMethodError'{0x00000007ab2c9c80}: 'void java.lang.invoke.DirectMethodHandle$Holder.invokeSpecialIFC(java.lang.Object, java.lang.Object, java.lang.Object, java.lang.Object)'> (0x00000007ab2c9c80) 
thrown [s\src\hotspot\share\interpreter\linkResolver.cpp, line 773]
Event: 20.491 Thread 0x00000211e63143a0 Exception <a 'sun/nio/fs/WindowsException'{0x00000007ab2a89b0}> (0x00000007ab2a89b0) 
thrown [s\src\hotspot\share\prims\jni.cpp, line 520]
Event: 21.224 Thread 0x00000211e63143a0 Implicit null exception at 0x000002118fe9b006 to 0x000002118fe9bb1c
Event: 21.655 Thread 0x00000211e6315750 Exception <a 'java/lang/OutOfMemoryError'{0x00000007aaed71b8}: unable to create native thread: possibly out of memory or process/resource limits reached> (0x00000007aaed71b8) 
thrown [s\src\hotspot\share\prims\jvm.cpp, line 3026]
Event: 21.658 Thread 0x00000211e63143a0 Exception <a 'java/net/UnknownHostException'{0x00000007aaec5188}> (0x00000007aaec5188) 
thrown [s\src\hotspot\share\prims\jni.cpp, line 520]

ZGC Phase Switch (0 events):
No events

VM Operations (20 events):
Event: 18.956 Executing non-safepoint VM operation: HandshakeAllThreads (Deoptimize)
Event: 18.956 Executing non-safepoint VM operation: HandshakeAllThreads (Deoptimize) done
Event: 19.956 Executing safepoint VM operation: Cleanup
Event: 19.956 Executing safepoint VM operation: Cleanup done
Event: 20.166 Executing safepoint VM operation: ParallelGCFailedAllocation (Allocation Failure)
Event: 20.170 Executing safepoint VM operation: ParallelGCFailedAllocation (Allocation Failure) done
Event: 20.288 Executing non-safepoint VM operation: HandshakeAllThreads (Deoptimize)
Event: 20.288 Executing non-safepoint VM operation: HandshakeAllThreads (Deoptimize) done
Event: 20.494 Executing non-safepoint VM operation: HandshakeAllThreads (Deoptimize)
Event: 20.494 Executing non-safepoint VM operation: HandshakeAllThreads (Deoptimize) done
Event: 20.586 Executing safepoint VM operation: ParallelGCFailedAllocation (Allocation Failure)
Event: 20.589 Executing safepoint VM operation: ParallelGCFailedAllocation (Allocation Failure) done
Event: 20.806 Executing non-safepoint VM operation: HandshakeAllThreads (Deoptimize)
Event: 20.806 Executing non-safepoint VM operation: HandshakeAllThreads (Deoptimize) done
Event: 21.249 Executing safepoint VM operation: ParallelGCFailedAllocation (Allocation Failure)
Event: 21.257 Executing safepoint VM operation: ParallelGCFailedAllocation (Allocation Failure) done
Event: 21.356 Executing non-safepoint VM operation: HandshakeAllThreads (Deoptimize)
Event: 21.356 Executing non-safepoint VM operation: HandshakeAllThreads (Deoptimize) done
Event: 21.613 Executing non-safepoint VM operation: HandshakeAllThreads (Deoptimize)
Event: 21.613 Executing non-safepoint VM operation: HandshakeAllThreads (Deoptimize) done

Memory protections (0 events):
No events

Nmethod flushes (20 events):
Event: 16.025 Thread 0x0000021184e1b9c0 flushing  nmethod 0x0000021188890690
Event: 16.025 Thread 0x0000021184e1b9c0 flushing  nmethod 0x0000021188891810
Event: 16.025 Thread 0x0000021184e1b9c0 flushing  nmethod 0x00000211888c0f90
Event: 16.025 Thread 0x0000021184e1b9c0 flushing  nmethod 0x00000211888cde90
Event: 16.025 Thread 0x0000021184e1b9c0 flushing  nmethod 0x00000211888d5390
Event: 16.025 Thread 0x0000021184e1b9c0 flushing  nmethod 0x00000211888d5d10
Event: 16.025 Thread 0x0000021184e1b9c0 flushing  nmethod 0x00000211888d6c10
Event: 16.025 Thread 0x0000021184e1b9c0 flushing  nmethod 0x00000211888d7210
Event: 16.025 Thread 0x0000021184e1b9c0 flushing  nmethod 0x00000211888d8e10
Event: 16.025 Thread 0x0000021184e1b9c0 flushing  nmethod 0x00000211888db590
Event: 16.025 Thread 0x0000021184e1b9c0 flushing  nmethod 0x00000211888f2890
Event: 16.025 Thread 0x0000021184e1b9c0 flushing  nmethod 0x00000211888f2e90
Event: 16.025 Thread 0x0000021184e1b9c0 flushing  nmethod 0x00000211888f3710
Event: 16.025 Thread 0x0000021184e1b9c0 flushing  nmethod 0x00000211888f3d10
Event: 16.025 Thread 0x0000021184e1b9c0 flushing  nmethod 0x00000211888f6210
Event: 16.025 Thread 0x0000021184e1b9c0 flushing  nmethod 0x0000021188901390
Event: 16.025 Thread 0x0000021184e1b9c0 flushing  nmethod 0x0000021188905990
Event: 16.025 Thread 0x0000021184e1b9c0 flushing  nmethod 0x000002118891ce10
Event: 16.025 Thread 0x0000021184e1b9c0 flushing  nmethod 0x0000021188979490
Event: 16.025 Thread 0x0000021184e1b9c0 flushing  nmethod 0x000002118897b010

Events (20 events):
Event: 18.766 Thread 0x00000211e118ec60 Thread added: 0x00000211e746fb30
Event: 18.826 Thread 0x00000211eb923870 Thread added: 0x00000211eb924c20
Event: 18.938 Thread 0x00000211eb923870 Thread added: 0x00000211eb9252b0
Event: 18.959 Thread 0x00000211eb9252b0 Thread added: 0x00000211eb925940
Event: 18.959 Thread 0x00000211eb9252b0 Thread added: 0x00000211eb9231e0
Event: 19.209 Thread 0x00000211eb923870 Thread added: 0x00000211eb9224c0
Event: 19.222 Thread 0x00000211eb9224c0 Thread added: 0x00000211eb922b50
Event: 19.222 Thread 0x00000211eb9224c0 Thread added: 0x00000211eb927380
Event: 19.223 Thread 0x00000211eb922b50 Thread exited: 0x00000211eb922b50
Event: 19.826 Thread 0x00000211e746fb30 Thread exited: 0x00000211e746fb30
Event: 20.120 Thread 0x00000211eb927380 Thread exited: 0x00000211eb927380
Event: 20.120 Thread 0x00000211eb9224c0 Thread exited: 0x00000211eb9224c0
Event: 20.122 Thread 0x00000211eb924c20 Thread exited: 0x00000211eb924c20
Event: 20.125 Thread 0x00000211eb923870 Thread exited: 0x00000211eb923870
Event: 20.146 Thread 0x00000211e6313d10 Thread added: 0x00000211eb922b50
Event: 20.148 Thread 0x00000211e6313d10 Thread added: 0x00000211eb9224c0
Event: 20.187 Thread 0x00000211eb9224c0 Thread exited: 0x00000211eb9224c0
Event: 20.199 Thread 0x00000211e6313d10 Thread added: 0x00000211eb9224c0
Event: 20.202 Thread 0x00000211e6313d10 Thread added: 0x00000211eb925fd0
Event: 20.230 Thread 0x00000211eb925fd0 Thread added: 0x00000211eb926660


Dynamic libraries:
0x00007ff714630000 - 0x00007ff71463e000 	c:\Users\Dnyaneshwar Algule\.antigravity-ide\extensions\redhat.java-1.56.0-win32-x64\jre\21.0.12.1-win32-x86_64\bin\java.exe
0x00007fffa6420000 - 0x00007fffa6687000 	C:\WINDOWS\SYSTEM32\ntdll.dll
0x00007fffa4cc0000 - 0x00007fffa4d8b000 	C:\WINDOWS\System32\KERNEL32.DLL
0x00007fffa3620000 - 0x00007fffa3a22000 	C:\WINDOWS\System32\KERNELBASE.dll
0x00007fffa3ae0000 - 0x00007fffa3c2c000 	C:\WINDOWS\System32\ucrtbase.dll
0x00007fff932f0000 - 0x00007fff93308000 	c:\Users\Dnyaneshwar Algule\.antigravity-ide\extensions\redhat.java-1.56.0-win32-x64\jre\21.0.12.1-win32-x86_64\bin\jli.dll
0x00007fff932d0000 - 0x00007fff932ee000 	c:\Users\Dnyaneshwar Algule\.antigravity-ide\extensions\redhat.java-1.56.0-win32-x64\jre\21.0.12.1-win32-x86_64\bin\VCRUNTIME140.dll
0x00007fffa4140000 - 0x00007fffa430f000 	C:\WINDOWS\System32\USER32.dll
0x00007fff8de20000 - 0x00007fff8e0b0000 	C:\WINDOWS\WinSxS\amd64_microsoft.windows.common-controls_6595b64144ccf1df_6.0.26100.9278_none_3e0d1ba8e3303201\COMCTL32.dll
0x00007fffa3c40000 - 0x00007fffa3c67000 	C:\WINDOWS\System32\win32u.dll
0x00007fffa4ef0000 - 0x00007fffa4f99000 	C:\WINDOWS\System32\msvcrt.dll
0x00007fffa4320000 - 0x00007fffa434b000 	C:\WINDOWS\System32\GDI32.dll
0x00007fffa3f50000 - 0x00007fffa4079000 	C:\WINDOWS\System32\gdi32full.dll
0x00007fffa3a30000 - 0x00007fffa3ad3000 	C:\WINDOWS\System32\msvcp_win.dll
0x00007fffa50d0000 - 0x00007fffa5101000 	C:\WINDOWS\System32\IMM32.DLL
0x00007fff93120000 - 0x00007fff9312c000 	c:\Users\Dnyaneshwar Algule\.antigravity-ide\extensions\redhat.java-1.56.0-win32-x64\jre\21.0.12.1-win32-x86_64\bin\vcruntime140_1.dll
0x00007fff89280000 - 0x00007fff8930d000 	c:\Users\Dnyaneshwar Algule\.antigravity-ide\extensions\redhat.java-1.56.0-win32-x64\jre\21.0.12.1-win32-x86_64\bin\msvcp140.dll
0x00007fff286c0000 - 0x00007fff29462000 	c:\Users\Dnyaneshwar Algule\.antigravity-ide\extensions\redhat.java-1.56.0-win32-x64\jre\21.0.12.1-win32-x86_64\bin\server\jvm.dll
0x00007fffa5f20000 - 0x00007fffa5fdc000 	C:\WINDOWS\System32\ADVAPI32.dll
0x00007fffa5e60000 - 0x00007fffa5f09000 	C:\WINDOWS\System32\sechost.dll
0x00007fffa4380000 - 0x00007fffa4498000 	C:\WINDOWS\System32\RPCRT4.dll
0x00007fffa56f0000 - 0x00007fffa5770000 	C:\WINDOWS\System32\WS2_32.dll
0x00007fffa3480000 - 0x00007fffa34de000 	C:\WINDOWS\SYSTEM32\POWRPROF.dll
0x00007fff9af30000 - 0x00007fff9af66000 	C:\WINDOWS\SYSTEM32\WINMM.dll
0x00007fff8fd70000 - 0x00007fff8fd7b000 	C:\WINDOWS\SYSTEM32\VERSION.dll
0x00007fffa3460000 - 0x00007fffa3475000 	C:\WINDOWS\SYSTEM32\UMPDC.dll
0x00007fffa22f0000 - 0x00007fffa230b000 	C:\WINDOWS\SYSTEM32\kernel.appcore.dll
0x00007fff93110000 - 0x00007fff9311a000 	c:\Users\Dnyaneshwar Algule\.antigravity-ide\extensions\redhat.java-1.56.0-win32-x64\jre\21.0.12.1-win32-x86_64\bin\jimage.dll
0x00007fff9dd00000 - 0x00007fff9df4c000 	C:\WINDOWS\SYSTEM32\DBGHELP.DLL
0x00007fffa5360000 - 0x00007fffa56e5000 	C:\WINDOWS\System32\combase.dll
0x00007fffa5110000 - 0x00007fffa51e9000 	C:\WINDOWS\System32\OLEAUT32.dll
0x00007fff80380000 - 0x00007fff803bb000 	C:\WINDOWS\SYSTEM32\dbgcore.DLL
0x00007fffa3c70000 - 0x00007fffa3d1c000 	C:\WINDOWS\System32\bcryptPrimitives.dll
0x00007fff92fc0000 - 0x00007fff92fcf000 	c:\Users\Dnyaneshwar Algule\.antigravity-ide\extensions\redhat.java-1.56.0-win32-x64\jre\21.0.12.1-win32-x86_64\bin\instrument.dll
0x00007fff89260000 - 0x00007fff89280000 	c:\Users\Dnyaneshwar Algule\.antigravity-ide\extensions\redhat.java-1.56.0-win32-x64\jre\21.0.12.1-win32-x86_64\bin\java.dll
0x00007fffa4520000 - 0x00007fffa4cb8000 	C:\WINDOWS\System32\SHELL32.dll
0x00007fffa10a0000 - 0x00007fffa194e000 	C:\WINDOWS\SYSTEM32\windows.storage.dll
0x00007fffa5d60000 - 0x00007fffa5e5b000 	C:\WINDOWS\System32\SHCORE.dll
0x00007fffa5ff0000 - 0x00007fffa6056000 	C:\WINDOWS\System32\shlwapi.dll
0x00007fffa3540000 - 0x00007fffa3569000 	C:\WINDOWS\SYSTEM32\profapi.dll
0x00007fff89240000 - 0x00007fff89258000 	c:\Users\Dnyaneshwar Algule\.antigravity-ide\extensions\redhat.java-1.56.0-win32-x64\jre\21.0.12.1-win32-x86_64\bin\zip.dll
0x00007fff8d940000 - 0x00007fff8d950000 	C:\Users\Dnyaneshwar Algule\.antigravity-ide\extensions\redhat.java-1.56.0-win32-x64\jre\21.0.12.1-win32-x86_64\bin\net.dll
0x00007fff95730000 - 0x00007fff9585a000 	C:\WINDOWS\SYSTEM32\WINHTTP.dll
0x00007fffa28b0000 - 0x00007fffa291c000 	C:\WINDOWS\system32\mswsock.dll
0x00007fff89220000 - 0x00007fff89236000 	C:\Users\Dnyaneshwar Algule\.antigravity-ide\extensions\redhat.java-1.56.0-win32-x64\jre\21.0.12.1-win32-x86_64\bin\nio.dll
0x00007fff89210000 - 0x00007fff89220000 	c:\Users\Dnyaneshwar Algule\.antigravity-ide\extensions\redhat.java-1.56.0-win32-x64\jre\21.0.12.1-win32-x86_64\bin\verify.dll
0x00007fff5d430000 - 0x00007fff5d475000 	C:\Users\Dnyaneshwar Algule\AppData\Roaming\Antigravity IDE\User\globalStorage\redhat.java\1.56.0\config_win\org.eclipse.equinox.launcher\org.eclipse.equinox.launcher.win32.win32.x86_64_1.3.100.v20260804-1928\eclipse_11924.dll
0x00007fffa6060000 - 0x00007fffa61fa000 	C:\WINDOWS\System32\ole32.dll
0x00007fffa2ba0000 - 0x00007fffa2bbb000 	C:\WINDOWS\SYSTEM32\CRYPTSP.dll
0x00007fffa2250000 - 0x00007fffa2289000 	C:\WINDOWS\system32\rsaenh.dll
0x00007fffa2960000 - 0x00007fffa2994000 	C:\WINDOWS\SYSTEM32\USERENV.dll
0x00007fffa3510000 - 0x00007fffa353a000 	C:\WINDOWS\SYSTEM32\bcrypt.dll
0x00007fffa2bc0000 - 0x00007fffa2bcc000 	C:\WINDOWS\SYSTEM32\CRYPTBASE.dll
0x00007fffa1e10000 - 0x00007fffa1e43000 	C:\WINDOWS\SYSTEM32\IPHLPAPI.DLL
0x00007fffa5f10000 - 0x00007fffa5f1a000 	C:\WINDOWS\System32\NSI.dll
0x00007fff5d120000 - 0x00007fff5d169000 	C:\Users\Dnyaneshwar Algule\AppData\Local\Temp\jna--1296876824\jna13101632335284344952.dll
0x00007fffa5d00000 - 0x00007fffa5d08000 	C:\WINDOWS\System32\PSAPI.DLL
0x00007fff95bd0000 - 0x00007fff95bed000 	C:\WINDOWS\SYSTEM32\dhcpcsvc6.DLL
0x00007fff95ba0000 - 0x00007fff95bc5000 	C:\WINDOWS\SYSTEM32\dhcpcsvc.DLL
0x00007fff90f60000 - 0x00007fff90f87000 	C:\Users\Dnyaneshwar Algule\.gradle\native\660c5614fbf4a5f2a75b1949f50a0caf5cd603558e7d8a26e50b933a0cfb79d1\windows-amd64\native-platform.dll
0x00007fff92970000 - 0x00007fff9297a000 	C:\Users\Dnyaneshwar Algule\.antigravity-ide\extensions\redhat.java-1.56.0-win32-x64\jre\21.0.12.1-win32-x86_64\bin\management.dll
0x00007fff92250000 - 0x00007fff9225c000 	C:\Users\Dnyaneshwar Algule\.antigravity-ide\extensions\redhat.java-1.56.0-win32-x64\jre\21.0.12.1-win32-x86_64\bin\management_ext.dll
0x00007fff90f50000 - 0x00007fff90f59000 	C:\Users\Dnyaneshwar Algule\.antigravity-ide\extensions\redhat.java-1.56.0-win32-x64\jre\21.0.12.1-win32-x86_64\bin\extnet.dll
0x00007fff90f40000 - 0x00007fff90f4e000 	C:\Users\Dnyaneshwar Algule\.antigravity-ide\extensions\redhat.java-1.56.0-win32-x64\jre\21.0.12.1-win32-x86_64\bin\sunmscapi.dll
0x00007fffa3d30000 - 0x00007fffa3eae000 	C:\WINDOWS\System32\CRYPT32.dll
0x00007fffa2de0000 - 0x00007fffa2e10000 	C:\WINDOWS\SYSTEM32\ncrypt.dll
0x00007fffa2d90000 - 0x00007fffa2dcf000 	C:\WINDOWS\SYSTEM32\NTASN1.dll
0x00007fffa1e50000 - 0x00007fffa1fa8000 	C:\WINDOWS\SYSTEM32\DNSAPI.dll
0x00007fffa2690000 - 0x00007fffa269d000 	C:\WINDOWS\SYSTEM32\DSPARSE.dll
0x00007fff958a0000 - 0x00007fff958ab000 	C:\Windows\System32\rasadhlp.dll

JVMTI agents:
c:\Users\Dnyaneshwar Algule\.antigravity-ide\extensions\redhat.java-1.56.0-win32-x64\lombok\lombok-1.18.39-4050.jar path:c:\Users\Dnyaneshwar Algule\.antigravity-ide\extensions\redhat.java-1.56.0-win32-x64\jre\21.0.12.1-win32-x86_64\bin\instrument.dll, loaded, initialized, instrumentlib options:none

dbghelp: loaded successfully - version: 4.0.5 - missing functions: none
symbol engine: initialized successfully - sym options: 0x614 - pdb path: .;c:\Users\Dnyaneshwar Algule\.antigravity-ide\extensions\redhat.java-1.56.0-win32-x64\jre\21.0.12.1-win32-x86_64\bin;C:\WINDOWS\SYSTEM32;C:\WINDOWS\WinSxS\amd64_microsoft.windows.common-controls_6595b64144ccf1df_6.0.26100.9278_none_3e0d1ba8e3303201;c:\Users\Dnyaneshwar Algule\.antigravity-ide\extensions\redhat.java-1.56.0-win32-x64\jre\21.0.12.1-win32-x86_64\bin\server;C:\Users\Dnyaneshwar Algule\AppData\Roaming\Antigravity IDE\User\globalStorage\redhat.java\1.56.0\config_win\org.eclipse.equinox.launcher\org.eclipse.equinox.launcher.win32.win32.x86_64_1.3.100.v20260804-1928;C:\Users\Dnyaneshwar Algule\AppData\Local\Temp\jna--1296876824;C:\Users\Dnyaneshwar Algule\.gradle\native\660c5614fbf4a5f2a75b1949f50a0caf5cd603558e7d8a26e50b933a0cfb79d1\windows-amd64

VM Arguments:
jvm_args: --add-modules=ALL-SYSTEM --add-opens=java.base/java.util=ALL-UNNAMED --add-opens=java.base/java.lang=ALL-UNNAMED --add-opens=java.base/sun.nio.fs=ALL-UNNAMED -Declipse.application=org.eclipse.jdt.ls.core.id1 -Dosgi.bundles.defaultStartLevel=4 -Declipse.product=org.eclipse.jdt.ls.core.product -Djava.import.generatesMetadataFilesAtProjectRoot=false -Dm2e.project.cache.size=50 -DDetectVMInstallationsJob.disabled=true -Dfile.encoding=utf8 -XX:+UseParallelGC -XX:GCTimeRatio=4 -XX:AdaptiveSizePolicyWeight=90 -Dsun.zip.disableMemoryMapping=true -Xmx4G -Xms100m -Xlog:disable -javaagent:c:\Users\Dnyaneshwar Algule\.antigravity-ide\extensions\redhat.java-1.56.0-win32-x64\lombok\lombok-1.18.39-4050.jar -XX:+HeapDumpOnOutOfMemoryError -XX:HeapDumpPath=c:\Users\Dnyaneshwar Algule\AppData\Roaming\Antigravity IDE\User\workspaceStorage\bdad3307725f4615a0471e24280ceca6\redhat.java -Daether.dependencyCollector.impl=bf 
java_command: c:\Users\Dnyaneshwar Algule\.antigravity-ide\extensions\redhat.java-1.56.0-win32-x64\server\plugins\org.eclipse.equinox.launcher_1.8.0.v20260804-1928.jar -configuration c:\Users\Dnyaneshwar Algule\AppData\Roaming\Antigravity IDE\User\globalStorage\redhat.java\1.56.0\config_win -data c:\Users\Dnyaneshwar Algule\AppData\Roaming\Antigravity IDE\User\workspaceStorage\bdad3307725f4615a0471e24280ceca6\redhat.java\jdt_ws --pipe=\\.\pipe\lsp-0af01c4aee2a0c1c771f917effa51af2-sock
java_class_path (initial): c:\Users\Dnyaneshwar Algule\.antigravity-ide\extensions\redhat.java-1.56.0-win32-x64\server\plugins\org.eclipse.equinox.launcher_1.8.0.v20260804-1928.jar
Launcher Type: SUN_STANDARD

[Global flags]
    uintx AdaptiveSizePolicyWeight                 = 90                                        {product} {command line}
     intx CICompilerCount                          = 3                                         {product} {ergonomic}
    uintx GCTimeRatio                              = 4                                         {product} {command line}
     bool HeapDumpOnOutOfMemoryError               = true                                   {manageable} {command line}
    ccstr HeapDumpPath                             = c:\Users\Dnyaneshwar Algule\AppData\Roaming\Antigravity IDE\User\workspaceStorage\bdad3307725f4615a0471e24280ceca6\redhat.java         {manageable} {command line}
   size_t InitialHeapSize                          = 104857600                                 {product} {command line}
   size_t MaxHeapSize                              = 4294967296                                {product} {command line}
   size_t MaxNewSize                               = 1431306240                                {product} {ergonomic}
   size_t MinHeapDeltaBytes                        = 524288                                    {product} {ergonomic}
   size_t MinHeapSize                              = 104857600                                 {product} {command line}
   size_t NewSize                                  = 34603008                                  {product} {ergonomic}
    uintx NonNMethodCodeHeapSize                   = 5832780                                {pd product} {ergonomic}
    uintx NonProfiledCodeHeapSize                  = 122912730                              {pd product} {ergonomic}
   size_t OldSize                                  = 70254592                                  {product} {ergonomic}
    uintx ProfiledCodeHeapSize                     = 122912730                              {pd product} {ergonomic}
    uintx ReservedCodeCacheSize                    = 251658240                              {pd product} {ergonomic}
     bool SegmentedCodeCache                       = true                                      {product} {ergonomic}
   size_t SoftMaxHeapSize                          = 4294967296                             {manageable} {ergonomic}
     bool UseCompressedOops                        = true                           {product lp64_product} {ergonomic}
     bool UseLargePagesIndividualAllocation        = false                                  {pd product} {ergonomic}
     bool UseParallelGC                            = true                                      {product} {command line}

Logging:
Log output configuration:
 #0: stdout all=off uptime,level,tags foldmultilines=false
 #1: stderr all=off uptime,level,tags foldmultilines=false

Release file:
JAVA_VERSION="21.0.12.1" 
MODULES="java.base java.compiler java.datatransfer java.xml java.prefs java.desktop java.instrument java.logging java.management java.security.sasl java.naming java.rmi java.management.rmi java.net.http java.scripting java.security.jgss java.transaction.xa java.sql java.sql.rowset java.xml.crypto java.se java.smartcardio jdk.accessibility jdk.internal.jvmstat jdk.attach jdk.charsets jdk.internal.opt jdk.zipfs jdk.compiler jdk.crypto.ec jdk.crypto.cryptoki jdk.crypto.mscapi jdk.dynalink jdk.internal.ed jdk.editpad jdk.hotspot.agent jdk.httpserver jdk.internal.le jdk.internal.vm.ci jdk.internal.vm.compiler jdk.internal.vm.compiler.management jdk.jartool jdk.javadoc jdk.jcmd jdk.management jdk.management.agent jdk.jconsole jdk.jdeps jdk.jdwp.agent jdk.jdi jdk.jfr jdk.jshell jdk.jsobject jdk.jstatd jdk.localedata jdk.management.jfr jdk.naming.dns jdk.naming.rmi jdk.net jdk.nio.mapmode jdk.random jdk.sctp jdk.security.auth jdk.security.jgss jdk.unsupported jdk.unsupported.desktop jdk.xml.dom" 

Environment Variables:
JAVA_HOME=C:\Program Files\Java\jdk-17
PATH=C:\Program Files\Common Files\Oracle\Java\javapath;C:\WINDOWS\system32;C:\WINDOWS;C:\WINDOWS\System32\Wbem;C:\WINDOWS\System32\WindowsPowerShell\v1.0\;C:\WINDOWS\System32\OpenSSH\;C:\Users\Dnyaneshwar Algule\anaconda3\condabin;C:\Program Files\WireGuard\;C:\Program Files\Java\jdk-17\bin;C:\Program Files (x86)\pcsuite\;C:\Program Files\nodejs\;C:\Program Files\Git\cmd;C:\Program Files\MySQL\MySQL Shell 8.0\bin\;C:\Users\Dnyaneshwar Algule\AppData\Local\Programs\Python\Python312\Scripts\;C:\Users\Dnyaneshwar Algule\AppData\Local\Programs\Python\Python312\;C:\Users\Dnyaneshwar Algule\AppData\Local\Programs\Python\Launcher\;C:\Users\Dnyaneshwar Algule\AppData\Local\Microsoft\WindowsApps;C:\MinGW\bin;C:\Users\Dnyaneshwar Algule\AppData\Local\Programs\MiKTeX\miktex\bin\x64\;C:\Users\Dnyaneshwar Algule\AppData\Local\Programs\Microsoft VS Code\bin;C:\Users\Dnyaneshwar Algule\AppData\Roaming\npm;C:\Users\Dnyaneshwar Algule\AppData\Local\Programs\cursor\resources\app\bin;C:\Users\Dnyaneshwar Algule\AppData\Local\Programs\Antigravity IDE\bin;C:\Users\Dnyaneshwar Algule\AppData\Local\Programs\Devin\bin;C:\Users\Dnyaneshwar Algule\AppData\Local\Android\Sdk\platform-tools;C:\Users\Dnyaneshwar Algule\AppData\Local\Android\Sdk\emulator;C:\Users\Dnyaneshwar Algule\AppData\Local\Google\Cloud SDK\google-cloud-sdk\bin
USERNAME=Dnyaneshwar Algule
OS=Windows_NT
PROCESSOR_IDENTIFIER=Intel64 Family 6 Model 140 Stepping 1, GenuineIntel
TMP=C:\Users\DNYANE~1\AppData\Local\Temp
TEMP=C:\Users\DNYANE~1\AppData\Local\Temp




Periodic native trim disabled

---------------  S Y S T E M  ---------------

OS:
 Windows 11 , 64 bit Build 26100 (10.0.26100.9444)
OS uptime: 0 days 11:27 hours

CPU: total 4 (initial active 4) (2 cores per cpu, 2 threads per core) family 6 model 140 stepping 1 microcode 0x86, cx8, cmov, fxsr, ht, mmx, 3dnowpref, sse, sse2, sse3, ssse3, sse4.1, sse4.2, popcnt, lzcnt, tsc, tscinvbit, avx, avx2, aes, erms, clmul, bmi1, bmi2, adx, avx512f, avx512dq, avx512cd, avx512bw, avx512vl, sha, fma, vzeroupper, avx512_vpopcntdq, avx512_vpclmulqdq, avx512_vaes, avx512_vnni, clflush, clflushopt, clwb, avx512_vbmi2, avx512_vbmi, rdtscp, rdpid, fsrm, gfni, avx512_bitalg, f16c, pku, cet_ibt, cet_ss, avx512_ifma
Processor Information for the first 4 processors :
  Max Mhz: 2995, Current Mhz: 2995, Mhz Limit: 2995

Memory: 4k page, system-wide physical 7886M (287M free)
TotalPageFile size 19869M (AvailPageFile size 48M)
current process WorkingSet (physical memory assigned to process): 268M, peak: 292M
current process commit charge ("private bytes"): 401M, peak: 428M

vm_info: OpenJDK 64-Bit Server VM (21.0.12.1+1-LTS) for windows-amd64 JRE (21.0.12.1+1-LTS), built on 2026-08-18T00:00:00Z by "admin" with MS VC++ 17.12 (VS2022)

END.
